<html>
<body>
<pre>
<h1>µVision Build Log</h1>
<h2>Tool Versions:</h2>
IDE-Version: ¦ÌVision V5.14.0.0
Copyright (C) 2015 ARM Ltd and ARM Germany GmbH. All rights reserved.
License Information: Q Q, Q, LIC=TA374-F18V5-ULQCE-5T355-UIXF4-4T5S9
 
Tool Versions:
Toolchain:       MDK-ARM Professional  Version: 5.14.0.0
Toolchain Path:  E:\Keil\main\ARM\ARMCC\Bin
C Compiler:      Armcc.exe V5.05 update 1 (build 106)
Assembler:       Armasm.exe V5.05 update 1 (build 106)
Linker/Locator:  ArmLink.exe V5.05 update 1 (build 106)
Library Manager: ArmAr.exe V5.05 update 1 (build 106)
Hex Converter:   FromElf.exe V5.05 update 1 (build 106)
CPU DLL:         SARMCM3.DLL V5.14.0.0
Dialog DLL:      DCM.DLL V1.13.1.0
Target DLL:      STLink\ST-LINKIII-KEIL_SWO.dll V2.0.14.0_KEIL
Dialog DLL:      TCM.DLL V1.14.4.0
 
<h2>Project:</h2>
D:\lenovo\Documents\GitHub\Engineer\MDK-ARM\Engineer.uvprojx
Project File Date:  04/04/2018

<h2>Output:</h2>
Build target 'Engineer'
compiling CANTask.c...
compiling ControlTask.c...
compiling GMControlTask.c...
compiling AMControlTask.c...
compiling IMUTask.c...
compiling pid_regulator.c...
compiling RemoteTask.c...
compiling JudgeTask.c...
compiling ManifoldTask.c...
compiling UpperTask.c...
compiling AutoGetTask.c...
compiling main.c...
linking...
Program Size: Code=27704 RO-data=1280 RW-data=1540 ZI-data=3956  
".\Engineer\Engineer.axf" - 0 Error(s), 0 Warning(s).

<h2>Software Packages used:</h2>

Package Vendor: ARM
                http://www.keil.com/pack/ARM.CMSIS.4.2.0.pack
                ARM::CMSIS:CORE:3.40.0
                CMSIS (Cortex Microcontroller Software Interface Standard)
   * Component: CORE Version: 3.40.0

<h2>Collection of Component include folders:</h2>
  D:\lenovo\Documents\GitHub\Engineer\MDK-ARM\RTE
  E:\Keil\main\ARM\PACK\ARM\CMSIS\4.2.0\CMSIS\Include
  E:\Keil\main\ARM\PACK\Keil\STM32F4xx_DFP\2.11.0

<h2>Collection of Component Files used:</h2>

   * Component: ARM::CMSIS:CORE:3.40.0
      Source file:   CMSIS\UserCodeTemplates\ARM\ITM_Retarget.c
</pre>
</body>
</html>
