Component: ARM Compiler 5.05 update 1 (build 106) Tool: armlink [4d0efa]

==============================================================================

Section Cross References

    stm32f4xx_hal_rcc_ex.o(i.HAL_RCCEx_PeriphCLKConfig) refers to stm32f4xx_hal.o(i.HAL_GetTick) for HAL_GetTick
    stm32f4xx_hal_rcc_ex.o(i.HAL_RCC_DeInit) refers to stm32f4xx_hal.o(i.HAL_GetTick) for HAL_GetTick
    stm32f4xx_hal_rcc_ex.o(i.HAL_RCC_DeInit) refers to stm32f4xx_hal.o(i.HAL_InitTick) for HAL_InitTick
    stm32f4xx_hal_rcc_ex.o(i.HAL_RCC_DeInit) refers to system_stm32f4xx.o(.data) for SystemCoreClock
    stm32f4xx_hal_tim_ex.o(i.HAL_TIMEx_ConfigCommutationEvent_DMA) refers to stm32f4xx_hal_tim_ex.o(i.TIMEx_DMACommutationCplt) for TIMEx_DMACommutationCplt
    stm32f4xx_hal_tim_ex.o(i.HAL_TIMEx_ConfigCommutationEvent_DMA) refers to stm32f4xx_hal_tim.o(i.TIM_DMAError) for TIM_DMAError
    stm32f4xx_hal_tim_ex.o(i.HAL_TIMEx_HallSensor_DeInit) refers to stm32f4xx_hal_tim_ex.o(i.HAL_TIMEx_HallSensor_MspDeInit) for HAL_TIMEx_HallSensor_MspDeInit
    stm32f4xx_hal_tim_ex.o(i.HAL_TIMEx_HallSensor_Init) refers to stm32f4xx_hal_tim_ex.o(i.HAL_TIMEx_HallSensor_MspInit) for HAL_TIMEx_HallSensor_MspInit
    stm32f4xx_hal_tim_ex.o(i.HAL_TIMEx_HallSensor_Init) refers to stm32f4xx_hal_tim.o(i.TIM_Base_SetConfig) for TIM_Base_SetConfig
    stm32f4xx_hal_tim_ex.o(i.HAL_TIMEx_HallSensor_Init) refers to stm32f4xx_hal_tim.o(i.TIM_TI1_SetConfig) for TIM_TI1_SetConfig
    stm32f4xx_hal_tim_ex.o(i.HAL_TIMEx_HallSensor_Init) refers to stm32f4xx_hal_tim.o(i.TIM_OC2_SetConfig) for TIM_OC2_SetConfig
    stm32f4xx_hal_tim_ex.o(i.HAL_TIMEx_HallSensor_Start) refers to stm32f4xx_hal_tim.o(i.TIM_CCxChannelCmd) for TIM_CCxChannelCmd
    stm32f4xx_hal_tim_ex.o(i.HAL_TIMEx_HallSensor_Start_DMA) refers to stm32f4xx_hal_tim.o(i.TIM_CCxChannelCmd) for TIM_CCxChannelCmd
    stm32f4xx_hal_tim_ex.o(i.HAL_TIMEx_HallSensor_Start_DMA) refers to stm32f4xx_hal_dma.o(i.HAL_DMA_Start_IT) for HAL_DMA_Start_IT
    stm32f4xx_hal_tim_ex.o(i.HAL_TIMEx_HallSensor_Start_DMA) refers to stm32f4xx_hal_tim.o(i.TIM_DMACaptureCplt) for TIM_DMACaptureCplt
    stm32f4xx_hal_tim_ex.o(i.HAL_TIMEx_HallSensor_Start_DMA) refers to stm32f4xx_hal_tim.o(i.TIM_DMAError) for TIM_DMAError
    stm32f4xx_hal_tim_ex.o(i.HAL_TIMEx_HallSensor_Start_IT) refers to stm32f4xx_hal_tim.o(i.TIM_CCxChannelCmd) for TIM_CCxChannelCmd
    stm32f4xx_hal_tim_ex.o(i.HAL_TIMEx_HallSensor_Stop) refers to stm32f4xx_hal_tim.o(i.TIM_CCxChannelCmd) for TIM_CCxChannelCmd
    stm32f4xx_hal_tim_ex.o(i.HAL_TIMEx_HallSensor_Stop_DMA) refers to stm32f4xx_hal_tim.o(i.TIM_CCxChannelCmd) for TIM_CCxChannelCmd
    stm32f4xx_hal_tim_ex.o(i.HAL_TIMEx_HallSensor_Stop_IT) refers to stm32f4xx_hal_tim.o(i.TIM_CCxChannelCmd) for TIM_CCxChannelCmd
    stm32f4xx_hal_tim_ex.o(i.HAL_TIMEx_OCN_Start) refers to stm32f4xx_hal_tim_ex.o(i.TIM_CCxNChannelCmd) for TIM_CCxNChannelCmd
    stm32f4xx_hal_tim_ex.o(i.HAL_TIMEx_OCN_Start_DMA) refers to stm32f4xx_hal_dma.o(i.HAL_DMA_Start_IT) for HAL_DMA_Start_IT
    stm32f4xx_hal_tim_ex.o(i.HAL_TIMEx_OCN_Start_DMA) refers to stm32f4xx_hal_tim_ex.o(i.TIM_CCxNChannelCmd) for TIM_CCxNChannelCmd
    stm32f4xx_hal_tim_ex.o(i.HAL_TIMEx_OCN_Start_DMA) refers to stm32f4xx_hal_tim.o(i.TIM_DMADelayPulseCplt) for TIM_DMADelayPulseCplt
    stm32f4xx_hal_tim_ex.o(i.HAL_TIMEx_OCN_Start_DMA) refers to stm32f4xx_hal_tim.o(i.TIM_DMAError) for TIM_DMAError
    stm32f4xx_hal_tim_ex.o(i.HAL_TIMEx_OCN_Start_IT) refers to stm32f4xx_hal_tim_ex.o(i.TIM_CCxNChannelCmd) for TIM_CCxNChannelCmd
    stm32f4xx_hal_tim_ex.o(i.HAL_TIMEx_OCN_Stop) refers to stm32f4xx_hal_tim_ex.o(i.TIM_CCxNChannelCmd) for TIM_CCxNChannelCmd
    stm32f4xx_hal_tim_ex.o(i.HAL_TIMEx_OCN_Stop_DMA) refers to stm32f4xx_hal_tim_ex.o(i.TIM_CCxNChannelCmd) for TIM_CCxNChannelCmd
    stm32f4xx_hal_tim_ex.o(i.HAL_TIMEx_OCN_Stop_IT) refers to stm32f4xx_hal_tim_ex.o(i.TIM_CCxNChannelCmd) for TIM_CCxNChannelCmd
    stm32f4xx_hal_tim_ex.o(i.HAL_TIMEx_OnePulseN_Start) refers to stm32f4xx_hal_tim_ex.o(i.TIM_CCxNChannelCmd) for TIM_CCxNChannelCmd
    stm32f4xx_hal_tim_ex.o(i.HAL_TIMEx_OnePulseN_Start_IT) refers to stm32f4xx_hal_tim_ex.o(i.TIM_CCxNChannelCmd) for TIM_CCxNChannelCmd
    stm32f4xx_hal_tim_ex.o(i.HAL_TIMEx_OnePulseN_Stop) refers to stm32f4xx_hal_tim_ex.o(i.TIM_CCxNChannelCmd) for TIM_CCxNChannelCmd
    stm32f4xx_hal_tim_ex.o(i.HAL_TIMEx_OnePulseN_Stop_IT) refers to stm32f4xx_hal_tim_ex.o(i.TIM_CCxNChannelCmd) for TIM_CCxNChannelCmd
    stm32f4xx_hal_tim_ex.o(i.HAL_TIMEx_PWMN_Start) refers to stm32f4xx_hal_tim_ex.o(i.TIM_CCxNChannelCmd) for TIM_CCxNChannelCmd
    stm32f4xx_hal_tim_ex.o(i.HAL_TIMEx_PWMN_Start_DMA) refers to stm32f4xx_hal_dma.o(i.HAL_DMA_Start_IT) for HAL_DMA_Start_IT
    stm32f4xx_hal_tim_ex.o(i.HAL_TIMEx_PWMN_Start_DMA) refers to stm32f4xx_hal_tim_ex.o(i.TIM_CCxNChannelCmd) for TIM_CCxNChannelCmd
    stm32f4xx_hal_tim_ex.o(i.HAL_TIMEx_PWMN_Start_DMA) refers to stm32f4xx_hal_tim.o(i.TIM_DMADelayPulseCplt) for TIM_DMADelayPulseCplt
[...]
    UART_WaitOnFlagUntilTimeout              0x08006293   Thumb Code   100  stm32f4xx_hal_uart.o(i.UART_WaitOnFlagUntilTimeout)
    i.USART1_IRQHandler                      0x080062f8   Section        0  stm32f4xx_it.o(i.USART1_IRQHandler)
    i.USART2_IRQHandler                      0x08006304   Section        0  stm32f4xx_it.o(i.USART2_IRQHandler)
    i.USART3_IRQHandler                      0x08006310   Section        0  stm32f4xx_it.o(i.USART3_IRQHandler)
    i.USART6_IRQHandler                      0x0800631c   Section        0  stm32f4xx_it.o(i.USART6_IRQHandler)
    i.UsageFault_Handler                     0x08006328   Section        0  stm32f4xx_it.o(i.UsageFault_Handler)
    i.WorkStateFSM                           0x0800632c   Section        0  controltask.o(i.WorkStateFSM)
    i._Error_Handler                         0x080063e4   Section        0  main.o(i._Error_Handler)
    i.__0printf$3                            0x080063e8   Section        0  printf3.o(i.__0printf$3)
    i.__scatterload_copy                     0x08006408   Section       14  handlers.o(i.__scatterload_copy)
    i.__scatterload_null                     0x08006416   Section        2  handlers.o(i.__scatterload_null)
    i.__scatterload_zeroinit                 0x08006418   Section       14  handlers.o(i.__scatterload_zeroinit)
    i._printf_core                           0x08006428   Section        0  printf3.o(i._printf_core)
    _printf_core                             0x08006429   Thumb Code   436  printf3.o(i._printf_core)
    i.controlLoop                            0x080065e0   Section        0  controltask.o(i.controlLoop)
    i.ctrlUartInit                           0x08006618   Section        0  uppertask.o(i.ctrlUartInit)
    i.ctrlUartRxCpltCallback                 0x08006674   Section        0  uppertask.o(i.ctrlUartRxCpltCallback)
    i.dataCallBack                           0x080066dc   Section        0  uppertask.o(i.dataCallBack)
    i.fputc                                  0x0800670c   Section        0  manifoldtask.o(i.fputc)
    i.fw_PID_Calc                            0x08006724   Section        0  pid_regulator.o(i.fw_PID_Calc)
    i.fw_PID_Reset                           0x08006848   Section        0  pid_regulator.o(i.fw_PID_Reset)
    i.judgeUartRxCpltCallback                0x0800684c   Section        0  judgetask.o(i.judgeUartRxCpltCallback)
    i.main                                   0x080068e8   Section        0  main.o(i.main)
    i.myGet_CRC16_Check_Sum                  0x08006a18   Section        0  judgetask.o(i.myGet_CRC16_Check_Sum)
    i.myGet_CRC8_Check_Sum                   0x08006a44   Section        0  judgetask.o(i.myGet_CRC8_Check_Sum)
    i.myVerify_CRC16_Check_Sum               0x08006a60   Section        0  judgetask.o(i.myVerify_CRC16_Check_Sum)
    i.myVerify_CRC8_Check_Sum                0x08006a94   Section        0  judgetask.o(i.myVerify_CRC8_Check_Sum)
    i.setAMMotor                             0x08006abc   Section        0  amcontroltask.o(i.setAMMotor)
    i.setCMMotor                             0x08006ba8   Section        0  controltask.o(i.setCMMotor)
    i.setGMMotor                             0x08006c84   Section        0  gmcontroltask.o(i.setGMMotor)
    i.vice_controlLoop                       0x08006d6c   Section        0  amcontroltask.o(i.vice_controlLoop)
    i.zykReceiveData                         0x08006d90   Section        0  uppertask.o(i.zykReceiveData)
    .constdata                               0x08006de4   Section        8  stm32f4xx_hal_dma.o(.constdata)
    flagBitshiftOffset                       0x08006de4   Data           8  stm32f4xx_hal_dma.o(.constdata)
    .constdata                               0x08006dec   Section       20  imutask.o(.constdata)
    .constdata                               0x08006e00   Section      768  judgetask.o(.constdata)
    .constdata                               0x08007100   Section       16  system_stm32f4xx.o(.constdata)
    .constdata                               0x08007110   Section        8  system_stm32f4xx.o(.constdata)
    .data                                    0x20000000   Section        4  stm32f4xx_hal.o(.data)
    .data                                    0x20000004   Section       40  cantask.o(.data)
    .data                                    0x2000002c   Section        1  cantask.o(.data)
    .data                                    0x20000030   Section      412  controltask.o(.data)
    dithering_elimination_counter            0x20000031   Data           1  controltask.o(.data)
    .data                                    0x200001d0   Section      336  gmcontroltask.o(.data)
    GMYAWFirstEnter                          0x200001d0   Data           1  gmcontroltask.o(.data)
    GMPITCHFirstEnter                        0x200001d1   Data           1  gmcontroltask.o(.data)
    .data                                    0x20000320   Section      504  amcontroltask.o(.data)
    AMUD1FirstEnter                          0x20000320   Data           1  amcontroltask.o(.data)
    AMUD2FirstEnter                          0x20000321   Data           1  amcontroltask.o(.data)
    AMFBFirstEnter                           0x20000322   Data           1  amcontroltask.o(.data)
    s_AMUD1Count                             0x20000323   Data           1  amcontroltask.o(.data)
    s_AMUD2Count                             0x20000324   Data           1  amcontroltask.o(.data)
    s_AMFBCount                              0x20000325   Data           1  amcontroltask.o(.data)
    .data                                    0x20000518   Section       20  imutask.o(.data)
    MPU_Rx                                   0x20000519   Data           1  imutask.o(.data)
    MPU_Tx                                   0x2000051a   Data           1  imutask.o(.data)
    MPU_Rx                                   0x2000051b   Data           1  imutask.o(.data)
    MPU_Tx                                   0x2000051c   Data           1  imutask.o(.data)
    .data                                    0x20000530   Section      160  remotetask.o(.data)
    help_direction                           0x20000538   Data           1  remotetask.o(.data)
    Bypass_State                             0x20000539   Data           1  remotetask.o(.data)
    Electromagnet_State                      0x2000053a   Data           1  remotetask.o(.data)
    GiveBullet_State                         0x2000053b   Data           1  remotetask.o(.data)
    GiveBullet_Counter                       0x2000053c   Data           1  remotetask.o(.data)
    move_direction                           0x2000053d   Data           1  remotetask.o(.data)
    auto_direction                           0x2000053e   Data           1  remotetask.o(.data)
    switch_cnt                               0x2000054c   Data           4  remotetask.o(.data)
    .data                                    0x200005d0   Section        1  remotetask.o(.data)
    .data                                    0x200005d1   Section        1  remotetask.o(.data)
    .data                                    0x200005d2   Section        1  remotetask.o(.data)
    .data                                    0x200005d3   Section        4  judgetask.o(.data)
    .data                                    0x200005d8   Section        8  uppertask.o(.data)
    pcnt                                     0x200005de   Data           2  uppertask.o(.data)
    .data                                    0x200005e0   Section       24  autogettask.o(.data)
    auto_flag                                0x200005e1   Data           1  autogettask.o(.data)
    .data                                    0x200005f8   Section        4  system_stm32f4xx.o(.data)
    .data                                    0x200005fc   Section        4  can.o(.data)
    HAL_RCC_CAN1_CLK_ENABLED                 0x200005fc   Data           4  can.o(.data)
    .data                                    0x20000600   Section        4  stdout.o(.data)
    .bss                                     0x20000604   Section       72  cantask.o(.bss)
    .bss                                     0x2000064c   Section       40  imutask.o(.bss)
    .bss                                     0x20000674   Section       63  remotetask.o(.bss)
    .bss                                     0x200006b4   Section       64  judgetask.o(.bss)
    .bss                                     0x200006f4   Section     1024  uppertask.o(.bss)
    .bss                                     0x20000af4   Section       26  autogettask.o(.bss)
    .bss                                     0x20000b10   Section      400  main.o(.bss)
    .bss                                     0x20000ca0   Section      640  usart.o(.bss)
    .bss                                     0x20000f20   Section      300  tim.o(.bss)
    .bss                                     0x2000104c   Section      136  can.o(.bss)
    .bss                                     0x200010d4   Section       88  spi.o(.bss)
    .bss                                     0x2000112c   Section       72  adc.o(.bss)
    STACK                                    0x20001178   Section     1024  startup_stm32f427xx.o(STACK)

    Global Symbols

    Symbol Name                              Value     Ov Type        Size  Object(Section)

    BuildAttributes$$THM_ISAv4$E$P$D$K$B$S$7EM$VFPi3$EXTD16$VFPS$VFMA$PE$A:L22UL41UL21$X:L11$S22US41US21$IEEE1$IW$USESV6$~STKCKD$USESV7$~SHL$OTIME$ROPI$EBA8$MICROLIB$REQ8$PRES8$EABIv2 0x00000000   Number         0  anon$$obj.o ABSOLUTE
    __ARM_use_no_argv                        0x00000000   Number         0  main.o ABSOLUTE
    _printf_a                                0x00000000   Number         0  stubs.o ABSOLUTE
    _printf_c                                0x00000000   Number         0  stubs.o ABSOLUTE
    _printf_charcount                        0x00000000   Number         0  stubs.o ABSOLUTE
    _printf_d                                0x00000000   Number         0  stubs.o ABSOLUTE
    _printf_e                                0x00000000   Number         0  stubs.o ABSOLUTE
    _printf_f                                0x00000000   Number         0  stubs.o ABSOLUTE
    _printf_flags                            0x00000000   Number         0  stubs.o ABSOLUTE
    _printf_fp_dec                           0x00000000   Number         0  stubs.o ABSOLUTE
    _printf_fp_hex                           0x00000000   Number         0  stubs.o ABSOLUTE
    _printf_g                                0x00000000   Number         0  stubs.o ABSOLUTE
    _printf_i                                0x00000000   Number         0  stubs.o ABSOLUTE
    _printf_int_dec                          0x00000000   Number         0  stubs.o ABSOLUTE
    _printf_l                                0x00000000   Number         0  stubs.o ABSOLUTE
    _printf_lc                               0x00000000   Number         0  stubs.o ABSOLUTE
    _printf_ll                               0x00000000   Number         0  stubs.o ABSOLUTE
    _printf_lld                              0x00000000   Number         0  stubs.o ABSOLUTE
    _printf_lli                              0x00000000   Number         0  stubs.o ABSOLUTE
    _printf_llo                              0x00000000   Number         0  stubs.o ABSOLUTE
    _printf_llu                              0x00000000   Number         0  stubs.o ABSOLUTE
    _printf_llx                              0x00000000   Number         0  stubs.o ABSOLUTE
    _printf_longlong_dec                     0x00000000   Number         0  stubs.o ABSOLUTE
    _printf_longlong_hex                     0x00000000   Number         0  stubs.o ABSOLUTE
    _printf_longlong_oct                     0x00000000   Number         0  stubs.o ABSOLUTE
    _printf_ls                               0x00000000   Number         0  stubs.o ABSOLUTE
    _printf_mbtowc                           0x00000000   Number         0  stubs.o ABSOLUTE
    _printf_n                                0x00000000   Number         0  stubs.o ABSOLUTE
    _printf_o                                0x00000000   Number         0  stubs.o ABSOLUTE
    _printf_p                                0x00000000   Number         0  stubs.o ABSOLUTE
    _printf_percent                          0x00000000   Number         0  stubs.o ABSOLUTE
    _printf_pre_padding                      0x00000000   Number         0  stubs.o ABSOLUTE
    _printf_return_value                     0x00000000   Number         0  stubs.o ABSOLUTE
    _printf_s                                0x00000000   Number         0  stubs.o ABSOLUTE
    _printf_sizespec                         0x00000000   Number         0  stubs.o ABSOLUTE
    _printf_str                              0x00000000   Number         0  stubs.o ABSOLUTE
    _printf_truncate_signed                  0x00000000   Number         0  stubs.o ABSOLUTE
    _printf_truncate_unsigned                0x00000000   Number         0  stubs.o ABSOLUTE
    _printf_u                                0x00000000   Number         0  stubs.o ABSOLUTE
    _printf_wc                               0x00000000   Number         0  stubs.o ABSOLUTE
    _printf_wctomb                           0x00000000   Number         0  stubs.o ABSOLUTE
    _printf_widthprec                        0x00000000   Number         0  stubs.o ABSOLUTE
    _printf_x                                0x00000000   Number         0  stubs.o ABSOLUTE
    __cpp_initialize__aeabi_                  - Undefined Weak Reference
    __cxa_finalize                            - Undefined Weak Reference
    _clock_init                               - Undefined Weak Reference
    _microlib_exit                            - Undefined Weak Reference
    __Vectors_Size                           0x000001ac   Number         0  startup_stm32f427xx.o ABSOLUTE
    __Vectors                                0x08000000   Data           4  startup_stm32f427xx.o(RESET)
    __Vectors_End                            0x080001ac   Data           0  startup_stm32f427xx.o(RESET)
    __main                                   0x080001ad   Thumb Code     0  entry.o(.ARM.Collect$$$$00000000)
    _main_stk                                0x080001ad   Thumb Code     0  entry2.o(.ARM.Collect$$$$00000001)
    _main_scatterload                        0x080001b1   Thumb Code     0  entry5.o(.ARM.Collect$$$$00000004)
    __main_after_scatterload                 0x080001b5   Thumb Code     0  entry5.o(.ARM.Collect$$$$00000004)
    _main_clock                              0x080001b5   Thumb Code     0  entry7b.o(.ARM.Collect$$$$00000008)
    _main_cpp_init                           0x080001b5   Thumb Code     0  entry8b.o(.ARM.Collect$$$$0000000A)
    _main_init                               0x080001b5   Thumb Code     0  entry9a.o(.ARM.Collect$$$$0000000B)
    __rt_final_cpp                           0x080001bd   Thumb Code     0  entry10a.o(.ARM.Collect$$$$0000000D)
    __rt_final_exit                          0x080001bd   Thumb Code     0  entry11a.o(.ARM.Collect$$$$0000000F)
    Reset_Handler                            0x080001c1   Thumb Code     8  startup_stm32f427xx.o(.text)
    ADC_IRQHandler                           0x080001db   Thumb Code     0  startup_stm32f427xx.o(.text)
    CAN1_RX1_IRQHandler                      0x080001db   Thumb Code     0  startup_stm32f427xx.o(.text)
    CAN1_SCE_IRQHandler                      0x080001db   Thumb Code     0  startup_stm32f427xx.o(.text)
    CAN2_RX1_IRQHandler                      0x080001db   Thumb Code     0  startup_stm32f427xx.o(.text)
    CAN2_SCE_IRQHandler                      0x080001db   Thumb Code     0  startup_stm32f427xx.o(.text)
    DCMI_IRQHandler                          0x080001db   Thumb Code     0  startup_stm32f427xx.o(.text)
    DMA1_Stream0_IRQHandler                  0x080001db   Thumb Code     0  startup_stm32f427xx.o(.text)
    DMA1_Stream2_IRQHandler                  0x080001db   Thumb Code     0  startup_stm32f427xx.o(.text)
    DMA1_Stream3_IRQHandler                  0x080001db   Thumb Code     0  startup_stm32f427xx.o(.text)
    DMA1_Stream4_IRQHandler                  0x080001db   Thumb Code     0  startup_stm32f427xx.o(.text)
    DMA1_Stream6_IRQHandler                  0x080001db   Thumb Code     0  startup_stm32f427xx.o(.text)
    DMA1_Stream7_IRQHandler                  0x080001db   Thumb Code     0  startup_stm32f427xx.o(.text)
    DMA2D_IRQHandler                         0x080001db   Thumb Code     0  startup_stm32f427xx.o(.text)
    DMA2_Stream0_IRQHandler                  0x080001db   Thumb Code     0  startup_stm32f427xx.o(.text)
    DMA2_Stream3_IRQHandler                  0x080001db   Thumb Code     0  startup_stm32f427xx.o(.text)
    DMA2_Stream4_IRQHandler                  0x080001db   Thumb Code     0  startup_stm32f427xx.o(.text)
    DMA2_Stream5_IRQHandler                  0x080001db   Thumb Code     0  startup_stm32f427xx.o(.text)
    DMA2_Stream6_IRQHandler                  0x080001db   Thumb Code     0  startup_stm32f427xx.o(.text)
    DMA2_Stream7_IRQHandler                  0x080001db   Thumb Code     0  startup_stm32f427xx.o(.text)
    ETH_IRQHandler                           0x080001db   Thumb Code     0  startup_stm32f427xx.o(.text)
    ETH_WKUP_IRQHandler                      0x080001db   Thumb Code     0  startup_stm32f427xx.o(.text)
    EXTI0_IRQHandler                         0x080001db   Thumb Code     0  startup_stm32f427xx.o(.text)
    EXTI15_10_IRQHandler                     0x080001db   Thumb Code     0  startup_stm32f427xx.o(.text)
    EXTI1_IRQHandler                         0x080001db   Thumb Code     0  startup_stm32f427xx.o(.text)
    EXTI2_IRQHandler                         0x080001db   Thumb Code     0  startup_stm32f427xx.o(.text)
    EXTI3_IRQHandler                         0x080001db   Thumb Code     0  startup_stm32f427xx.o(.text)
    EXTI4_IRQHandler                         0x080001db   Thumb Code     0  startup_stm32f427xx.o(.text)
    EXTI9_5_IRQHandler                       0x080001db   Thumb Code     0  startup_stm32f427xx.o(.text)
    FLASH_IRQHandler                         0x080001db   Thumb Code     0  startup_stm32f427xx.o(.text)
    FMC_IRQHandler                           0x080001db   Thumb Code     0  startup_stm32f427xx.o(.text)
    FPU_IRQHandler                           0x080001db   Thumb Code     0  startup_stm32f427xx.o(.text)
    HASH_RNG_IRQHandler                      0x080001db   Thumb Code     0  startup_stm32f427xx.o(.text)
    I2C1_ER_IRQHandler                       0x080001db   Thumb Code     0  startup_stm32f427xx.o(.text)
    I2C1_EV_IRQHandler                       0x080001db   Thumb Code     0  startup_stm32f427xx.o(.text)
    I2C2_ER_IRQHandler                       0x080001db   Thumb Code     0  startup_stm32f427xx.o(.text)
    I2C2_EV_IRQHandler                       0x080001db   Thumb Code     0  startup_stm32f427xx.o(.text)
    I2C3_ER_IRQHandler                       0x080001db   Thumb Code     0  startup_stm32f427xx.o(.text)
    I2C3_EV_IRQHandler                       0x080001db   Thumb Code     0  startup_stm32f427xx.o(.text)
    OTG_FS_IRQHandler                        0x080001db   Thumb Code     0  startup_stm32f427xx.o(.text)
    OTG_FS_WKUP_IRQHandler                   0x080001db   Thumb Code     0  startup_stm32f427xx.o(.text)
    OTG_HS_EP1_IN_IRQHandler                 0x080001db   Thumb Code     0  startup_stm32f427xx.o(.text)
    OTG_HS_EP1_OUT_IRQHandler                0x080001db   Thumb Code     0  startup_stm32f427xx.o(.text)
    OTG_HS_IRQHandler                        0x080001db   Thumb Code     0  startup_stm32f427xx.o(.text)
    OTG_HS_WKUP_IRQHandler                   0x080001db   Thumb Code     0  startup_stm32f427xx.o(.text)
    PVD_IRQHandler                           0x080001db   Thumb Code     0  startup_stm32f427xx.o(.text)
    RCC_IRQHandler                           0x080001db   Thumb Code     0  startup_stm32f427xx.o(.text)
    RTC_Alarm_IRQHandler                     0x080001db   Thumb Code     0  startup_stm32f427xx.o(.text)
    RTC_WKUP_IRQHandler                      0x080001db   Thumb Code     0  startup_stm32f427xx.o(.text)
    SAI1_IRQHandler                          0x080001db   Thumb Code     0  startup_stm32f427xx.o(.text)
    SDIO_IRQHandler                          0x080001db   Thumb Code     0  startup_stm32f427xx.o(.text)
    SPI1_IRQHandler                          0x080001db   Thumb Code     0  startup_stm32f427xx.o(.text)
    SPI2_IRQHandler                          0x080001db   Thumb Code     0  startup_stm32f427xx.o(.text)
    SPI3_IRQHandler                          0x080001db   Thumb Code     0  startup_stm32f427xx.o(.text)
    SPI4_IRQHandler                          0x080001db   Thumb Code     0  startup_stm32f427xx.o(.text)
    SPI5_IRQHandler                          0x080001db   Thumb Code     0  startup_stm32f427xx.o(.text)
    SPI6_IRQHandler                          0x080001db   Thumb Code     0  startup_stm32f427xx.o(.text)
    TAMP_STAMP_IRQHandler                    0x080001db   Thumb Code     0  startup_stm32f427xx.o(.text)
    TIM1_BRK_TIM9_IRQHandler                 0x080001db   Thumb Code     0  startup_stm32f427xx.o(.text)
    TIM1_CC_IRQHandler                       0x080001db   Thumb Code     0  startup_stm32f427xx.o(.text)
    TIM1_TRG_COM_TIM11_IRQHandler            0x080001db   Thumb Code     0  startup_stm32f427xx.o(.text)
    TIM2_IRQHandler                          0x080001db   Thumb Code     0  startup_stm32f427xx.o(.text)
    TIM3_IRQHandler                          0x080001db   Thumb Code     0  startup_stm32f427xx.o(.text)
    TIM4_IRQHandler                          0x080001db   Thumb Code     0  startup_stm32f427xx.o(.text)
    TIM5_IRQHandler                          0x080001db   Thumb Code     0  startup_stm32f427xx.o(.text)
    TIM8_BRK_TIM12_IRQHandler                0x080001db   Thumb Code     0  startup_stm32f427xx.o(.text)
    TIM8_CC_IRQHandler                       0x080001db   Thumb Code     0  startup_stm32f427xx.o(.text)
    TIM8_TRG_COM_TIM14_IRQHandler            0x080001db   Thumb Code     0  startup_stm32f427xx.o(.text)
    TIM8_UP_TIM13_IRQHandler                 0x080001db   Thumb Code     0  startup_stm32f427xx.o(.text)
    UART4_IRQHandler                         0x080001db   Thumb Code     0  startup_stm32f427xx.o(.text)
    UART5_IRQHandler                         0x080001db   Thumb Code     0  startup_stm32f427xx.o(.text)
    UART7_IRQHandler                         0x080001db   Thumb Code     0  startup_stm32f427xx.o(.text)
    UART8_IRQHandler                         0x080001db   Thumb Code     0  startup_stm32f427xx.o(.text)
    WWDG_IRQHandler                          0x080001db   Thumb Code     0  startup_stm32f427xx.o(.text)
    RampInit                                 0x080001e5   Thumb Code     8  ramp.o(.text)
    RampCalc                                 0x080001ed   Thumb Code    66  ramp.o(.text)
    RampSetCounter                           0x0800022f   Thumb Code     4  ramp.o(.text)
    RampResetCounter                         0x08000233   Thumb Code     6  ramp.o(.text)
    RampSetScale                             0x08000239   Thumb Code     4  ramp.o(.text)
    RampIsOverflow                           0x0800023d   Thumb Code    18  ramp.o(.text)
    PID_Reset                                0x08000255   Thumb Code    50  pid_regulator.o(.text)
    PID_Calc                                 0x08000287   Thumb Code   234  pid_regulator.o(.text)
    __aeabi_uldivmod                         0x08000375   Thumb Code    98  uldiv.o(.text)
    __aeabi_memcpy                           0x080003d7   Thumb Code    36  memcpya.o(.text)
    __aeabi_memcpy4                          0x080003d7   Thumb Code     0  memcpya.o(.text)
    __aeabi_memcpy8                          0x080003d7   Thumb Code     0  memcpya.o(.text)
    __aeabi_dadd                             0x080003fb   Thumb Code   322  dadd.o(.text)
    __aeabi_dsub                             0x0800053d   Thumb Code     6  dadd.o(.text)
    __aeabi_drsub                            0x08000543   Thumb Code     6  dadd.o(.text)
    __aeabi_dmul                             0x08000549   Thumb Code   228  dmul.o(.text)
    __aeabi_ddiv                             0x0800062d   Thumb Code   222  ddiv.o(.text)
    __aeabi_i2d                              0x0800070b   Thumb Code    34  dflti.o(.text)
    __aeabi_d2iz                             0x0800072d   Thumb Code    62  dfixi.o(.text)
    __aeabi_f2d                              0x0800076b   Thumb Code    38  f2d.o(.text)
    __aeabi_cdcmpeq                          0x08000791   Thumb Code     0  cdcmple.o(.text)
    __aeabi_cdcmple                          0x08000791   Thumb Code    48  cdcmple.o(.text)
    __aeabi_cdrcmple                         0x080007c1   Thumb Code    48  cdrcmple.o(.text)
    __aeabi_d2f                              0x080007f1   Thumb Code    56  d2f.o(.text)
    __aeabi_uidiv                            0x08000829   Thumb Code     0  uidiv.o(.text)
    __aeabi_uidivmod                         0x08000829   Thumb Code    44  uidiv.o(.text)
    __aeabi_llsl                             0x08000855   Thumb Code    30  llshl.o(.text)
    _ll_shift_l                              0x08000855   Thumb Code     0  llshl.o(.text)
    __aeabi_llsr                             0x08000873   Thumb Code    32  llushr.o(.text)
    _ll_ushift_r                             0x08000873   Thumb Code     0  llushr.o(.text)
    __aeabi_lasr                             0x08000893   Thumb Code    36  llsshr.o(.text)
    _ll_sshift_r                             0x08000893   Thumb Code     0  llsshr.o(.text)
    __I$use$fp                               0x080008b7   Thumb Code     0  iusefp.o(.text)
    _float_round                             0x080008b7   Thumb Code    18  fepilogue.o(.text)
    _float_epilogue                          0x080008c9   Thumb Code    92  fepilogue.o(.text)
    _double_round                            0x08000925   Thumb Code    30  depilogue.o(.text)
    _double_epilogue                         0x08000943   Thumb Code   156  depilogue.o(.text)
    __scatterload                            0x080009e1   Thumb Code    28  init.o(.text)
    __scatterload_rt2                        0x080009e1   Thumb Code     0  init.o(.text)
    __decompress                             0x08000a05   Thumb Code     0  __dczerorl2.o(.text)
    __decompress1                            0x08000a05   Thumb Code    86  __dczerorl2.o(.text)
    AMControlInit                            0x08000c01   Thumb Code    60  amcontroltask.o(i.AMControlInit)
    AutoGet                                  0x08000c4d   Thumb Code   460  autogettask.o(i.AutoGet)
    Auto_ShiftTest                           0x08000e69   Thumb Code    40  autogettask.o(i.Auto_ShiftTest)
    Auto_StartTest                           0x08000e95   Thumb Code    36  autogettask.o(i.Auto_StartTest)
    BusFault_Handler                         0x08000ebd   Thumb Code     2  stm32f4xx_it.o(i.BusFault_Handler)
    CAN1_RX0_IRQHandler                      0x08000ec1   Thumb Code     6  stm32f4xx_it.o(i.CAN1_RX0_IRQHandler)
    CAN1_TX_IRQHandler                       0x08000ecd   Thumb Code     6  stm32f4xx_it.o(i.CAN1_TX_IRQHandler)
    CAN2_RX0_IRQHandler                      0x08000ed9   Thumb Code     6  stm32f4xx_it.o(i.CAN2_RX0_IRQHandler)
    CAN2_TX_IRQHandler                       0x08000ee5   Thumb Code     6  stm32f4xx_it.o(i.CAN2_TX_IRQHandler)
    CMControlInit                            0x08001019   Thumb Code    42  controltask.o(i.CMControlInit)
    ControlAMFB                              0x0800104d   Thumb Code   166  amcontroltask.o(i.ControlAMFB)
    ControlAMUD1                             0x08001105   Thumb Code   166  amcontroltask.o(i.ControlAMUD1)
    ControlAMUD2                             0x080011bd   Thumb Code   166  amcontroltask.o(i.ControlAMUD2)
    ControlCMBL                              0x08001275   Thumb Code   162  controltask.o(i.ControlCMBL)
    ControlCMBR                              0x08001335   Thumb Code   164  controltask.o(i.ControlCMBR)
    ControlCMFL                              0x080013f5   Thumb Code   162  controltask.o(i.ControlCMFL)
    ControlCMFR                              0x080014b5   Thumb Code   164  controltask.o(i.ControlCMFR)
    ControlGMPITCH                           0x08001575   Thumb Code   274  gmcontroltask.o(i.ControlGMPITCH)
    ControlGMYAW                             0x080016a9   Thumb Code   276  gmcontroltask.o(i.ControlGMYAW)
    ControlGSYAW                             0x080017d9   Thumb Code    28  gmcontroltask.o(i.ControlGSYAW)
    ControlRotate                            0x080017f9   Thumb Code   126  controltask.o(i.ControlRotate)
    DMA1_Stream1_IRQHandler                  0x08001891   Thumb Code     6  stm32f4xx_it.o(i.DMA1_Stream1_IRQHandler)
    DMA1_Stream5_IRQHandler                  0x0800189d   Thumb Code     6  stm32f4xx_it.o(i.DMA1_Stream5_IRQHandler)
    DMA2_Stream1_IRQHandler                  0x080018a9   Thumb Code     6  stm32f4xx_it.o(i.DMA2_Stream1_IRQHandler)
    DMA2_Stream2_IRQHandler                  0x080018b5   Thumb Code     6  stm32f4xx_it.o(i.DMA2_Stream2_IRQHandler)
    DebugMon_Handler                         0x08001965   Thumb Code     2  stm32f4xx_it.o(i.DebugMon_Handler)
    GMControlInit                            0x08001969   Thumb Code    76  gmcontroltask.o(i.GMControlInit)
    GetRemoteSwitchAction                    0x080019c9   Thumb Code    82  remotetask.o(i.GetRemoteSwitchAction)
    HAL_ADC_ConfigChannel                    0x08001a21   Thumb Code   318  stm32f4xx_hal_adc.o(i.HAL_ADC_ConfigChannel)
    HAL_ADC_ConvCpltCallback                 0x08001b75   Thumb Code     2  stm32f4xx_hal_adc.o(i.HAL_ADC_ConvCpltCallback)
    HAL_ADC_ConvHalfCpltCallback             0x08001b77   Thumb Code     2  stm32f4xx_hal_adc.o(i.HAL_ADC_ConvHalfCpltCallback)
    HAL_ADC_ErrorCallback                    0x08001b79   Thumb Code     2  stm32f4xx_hal_adc.o(i.HAL_ADC_ErrorCallback)
    HAL_ADC_Init                             0x08001b7b   Thumb Code    84  stm32f4xx_hal_adc.o(i.HAL_ADC_Init)
    HAL_ADC_MspInit                          0x08001bd1   Thumb Code    80  adc.o(i.HAL_ADC_MspInit)
    HAL_ADC_Start_DMA                        0x08001c35   Thumb Code   228  stm32f4xx_hal_adc.o(i.HAL_ADC_Start_DMA)
    HAL_CAN_ConfigFilter                     0x08001d35   Thumb Code   244  stm32f4xx_hal_can.o(i.HAL_CAN_ConfigFilter)
    HAL_CAN_ErrorCallback                    0x08001e2d   Thumb Code     2  stm32f4xx_hal_can.o(i.HAL_CAN_ErrorCallback)
    HAL_CAN_IRQHandler                       0x08001e31   Thumb Code   548  stm32f4xx_hal_can.o(i.HAL_CAN_IRQHandler)
    HAL_CAN_Init                             0x08002065   Thumb Code   328  stm32f4xx_hal_can.o(i.HAL_CAN_Init)
    HAL_CAN_MspInit                          0x080021ad   Thumb Code   200  can.o(i.HAL_CAN_MspInit)
    HAL_CAN_Receive_IT                       0x0800228d   Thumb Code   180  stm32f4xx_hal_can.o(i.HAL_CAN_Receive_IT)
    HAL_CAN_RxCpltCallback                   0x08002341   Thumb Code   212  cantask.o(i.HAL_CAN_RxCpltCallback)
    HAL_CAN_Transmit_IT                      0x0800243d   Thumb Code   292  stm32f4xx_hal_can.o(i.HAL_CAN_Transmit_IT)
    HAL_CAN_TxCpltCallback                   0x08002561   Thumb Code    24  cantask.o(i.HAL_CAN_TxCpltCallback)
    HAL_DMA_Abort                            0x08002585   Thumb Code   142  stm32f4xx_hal_dma.o(i.HAL_DMA_Abort)
    HAL_DMA_Abort_IT                         0x08002613   Thumb Code    36  stm32f4xx_hal_dma.o(i.HAL_DMA_Abort_IT)
    HAL_DMA_IRQHandler                       0x08002639   Thumb Code   412  stm32f4xx_hal_dma.o(i.HAL_DMA_IRQHandler)
    HAL_DMA_Init                             0x080027d9   Thumb Code   206  stm32f4xx_hal_dma.o(i.HAL_DMA_Init)
    HAL_DMA_Start_IT                         0x080028ad   Thumb Code   120  stm32f4xx_hal_dma.o(i.HAL_DMA_Start_IT)
    HAL_Delay                                0x08002925   Thumb Code    28  stm32f4xx_hal.o(i.HAL_Delay)
    HAL_GPIO_Init                            0x08002941   Thumb Code   408  stm32f4xx_hal_gpio.o(i.HAL_GPIO_Init)
    HAL_GPIO_WritePin                        0x08002b0d   Thumb Code    10  stm32f4xx_hal_gpio.o(i.HAL_GPIO_WritePin)
    HAL_GetTick                              0x08002b19   Thumb Code     6  stm32f4xx_hal.o(i.HAL_GetTick)
    HAL_IncTick                              0x08002b25   Thumb Code    10  stm32f4xx_hal.o(i.HAL_IncTick)
    HAL_Init                                 0x08002b35   Thumb Code    48  stm32f4xx_hal.o(i.HAL_Init)
    HAL_InitTick                             0x08002b69   Thumb Code    34  stm32f4xx_hal.o(i.HAL_InitTick)
    HAL_MspInit                              0x08002b91   Thumb Code    88  stm32f4xx_hal_msp.o(i.HAL_MspInit)
    HAL_NVIC_DisableIRQ                      0x08002be9   Thumb Code    22  stm32f4xx_hal_cortex.o(i.HAL_NVIC_DisableIRQ)
    HAL_NVIC_EnableIRQ                       0x08002bff   Thumb Code    22  stm32f4xx_hal_cortex.o(i.HAL_NVIC_EnableIRQ)
    HAL_NVIC_SetPriority                     0x08002c15   Thumb Code    60  stm32f4xx_hal_cortex.o(i.HAL_NVIC_SetPriority)
    HAL_NVIC_SetPriorityGrouping             0x08002c55   Thumb Code    26  stm32f4xx_hal_cortex.o(i.HAL_NVIC_SetPriorityGrouping)
    HAL_RCC_ClockConfig                      0x08002c79   Thumb Code   286  stm32f4xx_hal_rcc.o(i.HAL_RCC_ClockConfig)
    HAL_RCC_GetHCLKFreq                      0x08002da9   Thumb Code     6  stm32f4xx_hal_rcc.o(i.HAL_RCC_GetHCLKFreq)
    HAL_RCC_GetPCLK1Freq                     0x08002db5   Thumb Code    20  stm32f4xx_hal_rcc.o(i.HAL_RCC_GetPCLK1Freq)
    HAL_RCC_GetPCLK2Freq                     0x08002dd5   Thumb Code    20  stm32f4xx_hal_rcc.o(i.HAL_RCC_GetPCLK2Freq)
    HAL_RCC_GetSysClockFreq                  0x08002df5   Thumb Code    88  stm32f4xx_hal_rcc.o(i.HAL_RCC_GetSysClockFreq)
    HAL_RCC_OscConfig                        0x08002e59   Thumb Code   730  stm32f4xx_hal_rcc.o(i.HAL_RCC_OscConfig)
    HAL_SPI_Init                             0x08003149   Thumb Code   128  stm32f4xx_hal_spi.o(i.HAL_SPI_Init)
    HAL_SPI_MspInit                          0x080031c9   Thumb Code    64  spi.o(i.HAL_SPI_MspInit)
    HAL_SPI_Receive                          0x08003215   Thumb Code   336  stm32f4xx_hal_spi.o(i.HAL_SPI_Receive)
    HAL_SPI_Transmit                         0x08003365   Thumb Code   360  stm32f4xx_hal_spi.o(i.HAL_SPI_Transmit)
    HAL_SPI_TransmitReceive                  0x080034cd   Thumb Code   472  stm32f4xx_hal_spi.o(i.HAL_SPI_TransmitReceive)
    HAL_SYSTICK_CLKSourceConfig              0x080036a5   Thumb Code    24  stm32f4xx_hal_cortex.o(i.HAL_SYSTICK_CLKSourceConfig)
    HAL_SYSTICK_Callback                     0x080036bd   Thumb Code     2  stm32f4xx_hal_cortex.o(i.HAL_SYSTICK_Callback)
    HAL_SYSTICK_Config                       0x080036bf   Thumb Code    40  stm32f4xx_hal_cortex.o(i.HAL_SYSTICK_Config)
    HAL_SYSTICK_IRQHandler                   0x080036e7   Thumb Code     8  stm32f4xx_hal_cortex.o(i.HAL_SYSTICK_IRQHandler)
    HAL_TIMEx_BreakCallback                  0x080036ef   Thumb Code     2  stm32f4xx_hal_tim_ex.o(i.HAL_TIMEx_BreakCallback)
    HAL_TIMEx_CommutationCallback            0x080036f1   Thumb Code     2  stm32f4xx_hal_tim_ex.o(i.HAL_TIMEx_CommutationCallback)
    HAL_TIMEx_MasterConfigSynchronization    0x080036f3   Thumb Code    80  stm32f4xx_hal_tim_ex.o(i.HAL_TIMEx_MasterConfigSynchronization)
    HAL_TIM_Base_Init                        0x08003743   Thumb Code    54  stm32f4xx_hal_tim.o(i.HAL_TIM_Base_Init)
    HAL_TIM_Base_MspInit                     0x08003779   Thumb Code   170  tim.o(i.HAL_TIM_Base_MspInit)
    HAL_TIM_Base_Start_IT                    0x08003839   Thumb Code    24  stm32f4xx_hal_tim.o(i.HAL_TIM_Base_Start_IT)
    HAL_TIM_ConfigClockSource                0x08003851   Thumb Code   242  stm32f4xx_hal_tim.o(i.HAL_TIM_ConfigClockSource)
    HAL_TIM_IC_CaptureCallback               0x08003943   Thumb Code     2  stm32f4xx_hal_tim.o(i.HAL_TIM_IC_CaptureCallback)
    HAL_TIM_IRQHandler                       0x08003945   Thumb Code   358  stm32f4xx_hal_tim.o(i.HAL_TIM_IRQHandler)
    HAL_TIM_MspPostInit                      0x08003aad   Thumb Code    72  tim.o(i.HAL_TIM_MspPostInit)
    HAL_TIM_OC_DelayElapsedCallback          0x08003b01   Thumb Code     2  stm32f4xx_hal_tim.o(i.HAL_TIM_OC_DelayElapsedCallback)
    HAL_TIM_PWM_ConfigChannel                0x08003b03   Thumb Code   208  stm32f4xx_hal_tim.o(i.HAL_TIM_PWM_ConfigChannel)
    HAL_TIM_PWM_Init                         0x08003bd3   Thumb Code    54  stm32f4xx_hal_tim.o(i.HAL_TIM_PWM_Init)
    HAL_TIM_PWM_MspInit                      0x08003c09   Thumb Code     2  stm32f4xx_hal_tim.o(i.HAL_TIM_PWM_MspInit)
    HAL_TIM_PWM_PulseFinishedCallback        0x08003c0b   Thumb Code     2  stm32f4xx_hal_tim.o(i.HAL_TIM_PWM_PulseFinishedCallback)
    HAL_TIM_PWM_Start                        0x08003c0d   Thumb Code    48  stm32f4xx_hal_tim.o(i.HAL_TIM_PWM_Start)
    HAL_TIM_PeriodElapsedCallback            0x08003c45   Thumb Code   196  controltask.o(i.HAL_TIM_PeriodElapsedCallback)
    HAL_TIM_TriggerCallback                  0x08003d41   Thumb Code     2  stm32f4xx_hal_tim.o(i.HAL_TIM_TriggerCallback)
    HAL_UART_AbortReceive                    0x08003d43   Thumb Code    68  stm32f4xx_hal_uart.o(i.HAL_UART_AbortReceive)
    HAL_UART_ErrorCallback                   0x08003d87   Thumb Code     2  stm32f4xx_hal_uart.o(i.HAL_UART_ErrorCallback)
    HAL_UART_IRQHandler                      0x08003d89   Thumb Code   266  stm32f4xx_hal_uart.o(i.HAL_UART_IRQHandler)
    HAL_UART_Init                            0x08003e99   Thumb Code    98  stm32f4xx_hal_uart.o(i.HAL_UART_Init)
    HAL_UART_MspInit                         0x08003efd   Thumb Code   574  usart.o(i.HAL_UART_MspInit)
    HAL_UART_Receive_DMA                     0x0800417d   Thumb Code   138  stm32f4xx_hal_uart.o(i.HAL_UART_Receive_DMA)
    HAL_UART_RxCpltCallback                  0x08004215   Thumb Code    34  remotetask.o(i.HAL_UART_RxCpltCallback)
    HAL_UART_RxHalfCpltCallback              0x08004249   Thumb Code     2  stm32f4xx_hal_uart.o(i.HAL_UART_RxHalfCpltCallback)
    HAL_UART_Transmit                        0x0800424b   Thumb Code   186  stm32f4xx_hal_uart.o(i.HAL_UART_Transmit)
    HAL_UART_TxCpltCallback                  0x08004305   Thumb Code     2  stm32f4xx_hal_uart.o(i.HAL_UART_TxCpltCallback)
    HardFault_Handler                        0x08004307   Thumb Code     2  stm32f4xx_it.o(i.HardFault_Handler)
    IMURefresh                               0x08004309   Thumb Code   230  imutask.o(i.IMURefresh)
    InitCanReception                         0x08004405   Thumb Code   126  cantask.o(i.InitCanReception)
    InitMPU6500                              0x080044ad   Thumb Code    70  imutask.o(i.InitMPU6500)
    InitRemoteControl                        0x080044fd   Thumb Code    32  remotetask.o(i.InitRemoteControl)
    Judge_Refresh                            0x08004541   Thumb Code    56  judgetask.o(i.Judge_Refresh)
    KeyboardModeFSM                          0x08004581   Thumb Code    82  remotetask.o(i.KeyboardModeFSM)
    MPU6500_Read_Reg                         0x080045dd   Thumb Code    68  imutask.o(i.MPU6500_Read_Reg)
    MPU6500_Write_Reg                        0x0800462d   Thumb Code    72  imutask.o(i.MPU6500_Write_Reg)
    MX_ADC1_Init                             0x08004681   Thumb Code   184  adc.o(i.MX_ADC1_Init)
    MX_CAN1_Init                             0x08004755   Thumb Code    64  can.o(i.MX_CAN1_Init)
    MX_CAN2_Init                             0x080047ad   Thumb Code    64  can.o(i.MX_CAN2_Init)
    MX_DMA_Init                              0x08004805   Thumb Code   104  dma.o(i.MX_DMA_Init)
    MX_GPIO_Init                             0x08004871   Thumb Code   258  gpio.o(i.MX_GPIO_Init)
    MX_SPI5_Init                             0x08004985   Thumb Code    66  spi.o(i.MX_SPI5_Init)
    MX_TIM10_Init                            0x080049e1   Thumb Code    46  tim.o(i.MX_TIM10_Init)
    MX_TIM12_Init                            0x08004a29   Thumb Code   146  tim.o(i.MX_TIM12_Init)
    MX_TIM2_Init                             0x08004ad5   Thumb Code   164  tim.o(i.MX_TIM2_Init)
    MX_TIM6_Init                             0x08004b8d   Thumb Code    62  tim.o(i.MX_TIM6_Init)
    MX_TIM7_Init                             0x08004be5   Thumb Code    62  tim.o(i.MX_TIM7_Init)
    MX_USART1_UART_Init                      0x08004c3d   Thumb Code    58  usart.o(i.MX_USART1_UART_Init)
    MX_USART2_UART_Init                      0x08004c95   Thumb Code    52  usart.o(i.MX_USART2_UART_Init)
    MX_USART3_UART_Init                      0x08004ce1   Thumb Code    52  usart.o(i.MX_USART3_UART_Init)
    MX_USART6_UART_Init                      0x08004d2d   Thumb Code    52  usart.o(i.MX_USART6_UART_Init)
    MemManage_Handler                        0x08004d79   Thumb Code     2  stm32f4xx_it.o(i.MemManage_Handler)
    MouseKeyControlProcess                   0x08004d7d   Thumb Code   962  remotetask.o(i.MouseKeyControlProcess)
    NMI_Handler                              0x080051c5   Thumb Code     2  stm32f4xx_it.o(i.NMI_Handler)
    PID_PROCESS_Double                       0x080051e7   Thumb Code    72  pid_regulator.o(i.PID_PROCESS_Double)
    PendSV_Handler                           0x0800522f   Thumb Code     2  stm32f4xx_it.o(i.PendSV_Handler)
    RefreshAnologRead                        0x08005231   Thumb Code   260  autogettask.o(i.RefreshAnologRead)
    RemoteControlProcess                     0x08005341   Thumb Code   892  remotetask.o(i.RemoteControlProcess)
    RemoteDataProcess                        0x08005729   Thumb Code   230  remotetask.o(i.RemoteDataProcess)
    RemoteTaskInit                           0x08005821   Thumb Code    90  remotetask.o(i.RemoteTaskInit)
    SVC_Handler                              0x08005943   Thumb Code     2  stm32f4xx_it.o(i.SVC_Handler)
    StandardlizeAMRealAngle                  0x08005945   Thumb Code   142  amcontroltask.o(i.StandardlizeAMRealAngle)
    Steering_Motor_Set_Angle                 0x080059e5   Thumb Code    78  gmcontroltask.o(i.Steering_Motor_Set_Angle)
    SysTick_Handler                          0x08005a55   Thumb Code    14  stm32f4xx_it.o(i.SysTick_Handler)
    SystemClock_Config                       0x08005a65   Thumb Code   150  main.o(i.SystemClock_Config)
    SystemInit                               0x08005b05   Thumb Code    66  system_stm32f4xx.o(i.SystemInit)
    TIM1_UP_TIM10_IRQHandler                 0x08005b59   Thumb Code     6  stm32f4xx_it.o(i.TIM1_UP_TIM10_IRQHandler)
    TIM6_DAC_IRQHandler                      0x08005b65   Thumb Code     6  stm32f4xx_it.o(i.TIM6_DAC_IRQHandler)
    TIM7_IRQHandler                          0x08005b71   Thumb Code     6  stm32f4xx_it.o(i.TIM7_IRQHandler)
    TIM_Base_SetConfig                       0x08005b7d   Thumb Code   148  stm32f4xx_hal_tim.o(i.TIM_Base_SetConfig)
    TIM_CCxChannelCmd                        0x08005c3d   Thumb Code    22  stm32f4xx_hal_tim.o(i.TIM_CCxChannelCmd)
    TIM_OC2_SetConfig                        0x08005cd1   Thumb Code    90  stm32f4xx_hal_tim.o(i.TIM_OC2_SetConfig)
    USART1_IRQHandler                        0x080062f9   Thumb Code     6  stm32f4xx_it.o(i.USART1_IRQHandler)
    USART2_IRQHandler                        0x08006305   Thumb Code     6  stm32f4xx_it.o(i.USART2_IRQHandler)
    USART3_IRQHandler                        0x08006311   Thumb Code     6  stm32f4xx_it.o(i.USART3_IRQHandler)
    USART6_IRQHandler                        0x0800631d   Thumb Code     6  stm32f4xx_it.o(i.USART6_IRQHandler)
    UsageFault_Handler                       0x08006329   Thumb Code     2  stm32f4xx_it.o(i.UsageFault_Handler)
    WorkStateFSM                             0x0800632d   Thumb Code   172  controltask.o(i.WorkStateFSM)
    _Error_Handler                           0x080063e5   Thumb Code     2  main.o(i._Error_Handler)
    __0printf$3                              0x080063e9   Thumb Code    22  printf3.o(i.__0printf$3)
    __1printf$3                              0x080063e9   Thumb Code     0  printf3.o(i.__0printf$3)
    __2printf                                0x080063e9   Thumb Code     0  printf3.o(i.__0printf$3)
    __scatterload_copy                       0x08006409   Thumb Code    14  handlers.o(i.__scatterload_copy)
    __scatterload_null                       0x08006417   Thumb Code     2  handlers.o(i.__scatterload_null)
    __scatterload_zeroinit                   0x08006419   Thumb Code    14  handlers.o(i.__scatterload_zeroinit)
    controlLoop                              0x080065e1   Thumb Code    52  controltask.o(i.controlLoop)
    ctrlUartInit                             0x08006619   Thumb Code    36  uppertask.o(i.ctrlUartInit)
    ctrlUartRxCpltCallback                   0x08006675   Thumb Code    50  uppertask.o(i.ctrlUartRxCpltCallback)
    dataCallBack                             0x080066dd   Thumb Code    30  uppertask.o(i.dataCallBack)
    fputc                                    0x0800670d   Thumb Code    20  manifoldtask.o(i.fputc)
    fw_PID_Calc                              0x08006725   Thumb Code   286  pid_regulator.o(i.fw_PID_Calc)
    fw_PID_Reset                             0x08006849   Thumb Code     2  pid_regulator.o(i.fw_PID_Reset)
    judgeUartRxCpltCallback                  0x0800684d   Thumb Code   114  judgetask.o(i.judgeUartRxCpltCallback)
    main                                     0x080068e9   Thumb Code   274  main.o(i.main)
    myGet_CRC16_Check_Sum                    0x08006a19   Thumb Code    38  judgetask.o(i.myGet_CRC16_Check_Sum)
    myGet_CRC8_Check_Sum                     0x08006a45   Thumb Code    24  judgetask.o(i.myGet_CRC8_Check_Sum)
    myVerify_CRC16_Check_Sum                 0x08006a61   Thumb Code    52  judgetask.o(i.myVerify_CRC16_Check_Sum)
    myVerify_CRC8_Check_Sum                  0x08006a95   Thumb Code    38  judgetask.o(i.myVerify_CRC8_Check_Sum)
    setAMMotor                               0x08006abd   Thumb Code   186  amcontroltask.o(i.setAMMotor)
    setCMMotor                               0x08006ba9   Thumb Code   180  controltask.o(i.setCMMotor)
    setGMMotor                               0x08006c85   Thumb Code   184  gmcontroltask.o(i.setGMMotor)
    vice_controlLoop                         0x08006d6d   Thumb Code    34  amcontroltask.o(i.vice_controlLoop)
    zykReceiveData                           0x08006d91   Thumb Code    74  uppertask.o(i.zykReceiveData)
    myCRC8_TAB                               0x08006e00   Data         256  judgetask.o(.constdata)
    mywCRC_Table                             0x08006f00   Data         512  judgetask.o(.constdata)
    AHBPrescTable                            0x08007100   Data          16  system_stm32f4xx.o(.constdata)
    APBPrescTable                            0x08007110   Data           8  system_stm32f4xx.o(.constdata)
    Region$$Table$$Base                      0x08007118   Number         0  anon$$obj.o(Region$$Table)
    Region$$Table$$Limit                     0x08007138   Number         0  anon$$obj.o(Region$$Table)
    uwTick                                   0x20000000   Data           4  stm32f4xx_hal.o(.data)
    isRcanStarted_CM                         0x20000004   Data           1  cantask.o(.data)
    isRcanStarted_AUX                        0x20000005   Data           1  cantask.o(.data)
    can1_update                              0x20000006   Data           1  cantask.o(.data)
    can2_update                              0x20000007   Data           1  cantask.o(.data)
    CMFLRx                                   0x20000008   Data           4  cantask.o(.data)
    CMFRRx                                   0x2000000c   Data           4  cantask.o(.data)
    CMBLRx                                   0x20000010   Data           4  cantask.o(.data)
    CMBRRx                                   0x20000014   Data           4  cantask.o(.data)
    AMUD1Rx                                  0x20000018   Data           4  cantask.o(.data)
    AMUD2Rx                                  0x2000001c   Data           4  cantask.o(.data)
    AMFBRx                                   0x20000020   Data           4  cantask.o(.data)
    GMYAWRx                                  0x20000024   Data           4  cantask.o(.data)
    GMPITCHRx                                0x20000028   Data           4  cantask.o(.data)
    can_type                                 0x2000002c   Data           1  cantask.o(.data)
    WorkState                                0x20000030   Data           1  controltask.o(.data)
    prepare_time                             0x20000032   Data           2  controltask.o(.data)
    CMFLIntensity                            0x20000034   Data           2  controltask.o(.data)
    CMFRIntensity                            0x20000036   Data           2  controltask.o(.data)
    CMBLIntensity                            0x20000038   Data           2  controltask.o(.data)
    CMBRIntensity                            0x2000003a   Data           2  controltask.o(.data)
    CMRotatePID                              0x2000003c   Data          80  controltask.o(.data)
    CM1SpeedPID                              0x2000008c   Data          80  controltask.o(.data)
    CM2SpeedPID                              0x200000dc   Data          80  controltask.o(.data)
    CM3SpeedPID                              0x2000012c   Data          80  controltask.o(.data)
    CM4SpeedPID                              0x2000017c   Data          80  controltask.o(.data)
    GMYAWIntensity                           0x200001d2   Data           2  gmcontroltask.o(.data)
    GMPITCHIntensity                         0x200001d4   Data           2  gmcontroltask.o(.data)
    GMYAWLastAngle                           0x200001d6   Data           2  gmcontroltask.o(.data)
    GMPITCHLastAngle                         0x200001d8   Data           2  gmcontroltask.o(.data)
    GSYAW_ZERO                               0x200001dc   Data           4  gmcontroltask.o(.data)
    GMYAWRealAngle                           0x200001e0   Data           8  gmcontroltask.o(.data)
    GMPITCHRealAngle                         0x200001e8   Data           8  gmcontroltask.o(.data)
    GMYAWPositionPID                         0x200001f0   Data          76  gmcontroltask.o(.data)
    GMPITCHPositionPID                       0x2000023c   Data          76  gmcontroltask.o(.data)
    GMYAWSpeedPID                            0x20000288   Data          76  gmcontroltask.o(.data)
    GMPITCHSpeedPID                          0x200002d4   Data          76  gmcontroltask.o(.data)
    AMUD1Intensity                           0x20000326   Data           2  amcontroltask.o(.data)
    AMUD2Intensity                           0x20000328   Data           2  amcontroltask.o(.data)
    AMFBIntensity                            0x2000032a   Data           2  amcontroltask.o(.data)
    AMUD1LastAngle                           0x2000032c   Data           2  amcontroltask.o(.data)
    AMUD2LastAngle                           0x2000032e   Data           2  amcontroltask.o(.data)
    AMFBLastAngle                            0x20000330   Data           2  amcontroltask.o(.data)
    AMUD1RealAngle                           0x20000338   Data           8  amcontroltask.o(.data)
    AMUD2RealAngle                           0x20000340   Data           8  amcontroltask.o(.data)
    AMFBRealAngle                            0x20000348   Data           8  amcontroltask.o(.data)
    AMUD1PositionPID                         0x20000350   Data          76  amcontroltask.o(.data)
    AMUD2PositionPID                         0x2000039c   Data          76  amcontroltask.o(.data)
    AMFBPositionPID                          0x200003e8   Data          76  amcontroltask.o(.data)
    AMUD1SpeedPID                            0x20000434   Data          76  amcontroltask.o(.data)
    AMUD2SpeedPID                            0x20000480   Data          76  amcontroltask.o(.data)
    AMFBSpeedPID                             0x200004cc   Data          76  amcontroltask.o(.data)
    MPU_id                                   0x20000518   Data           1  imutask.o(.data)
    gYroXs                                   0x20000520   Data           4  imutask.o(.data)
    gYroYs                                   0x20000524   Data           4  imutask.o(.data)
    gYroZs                                   0x20000528   Data           4  imutask.o(.data)
    inputmode                                0x20000530   Data           1  remotetask.o(.data)
    functionmode                             0x20000531   Data           1  remotetask.o(.data)
    KeyboardMode                             0x20000532   Data           1  remotetask.o(.data)
    state1_enable                            0x20000533   Data           1  remotetask.o(.data)
    state2_enable                            0x20000534   Data           1  remotetask.o(.data)
    state3_enable                            0x20000535   Data           1  remotetask.o(.data)
    state4_enable                            0x20000536   Data           1  remotetask.o(.data)
    rc_update                                0x20000537   Data           1  remotetask.o(.data)
    forward_back_speed                       0x20000540   Data           2  remotetask.o(.data)
    left_right_speed                         0x20000542   Data           2  remotetask.o(.data)
    channel0                                 0x20000544   Data           2  remotetask.o(.data)
    channel1                                 0x20000546   Data           2  remotetask.o(.data)
    channel2                                 0x20000548   Data           2  remotetask.o(.data)
    channel3                                 0x2000054a   Data           2  remotetask.o(.data)
    rotate_speed                             0x20000550   Data           4  remotetask.o(.data)
    ChassisSpeedRef                          0x20000554   Data           6  remotetask.o(.data)
    AMUD1AngleTarget                         0x20000560   Data           8  remotetask.o(.data)
    AMUD2AngleTarget                         0x20000568   Data           8  remotetask.o(.data)
    AMFBAngleTarget                          0x20000570   Data           8  remotetask.o(.data)
    GMYAWAngleTarget                         0x20000578   Data           8  remotetask.o(.data)
    GMPITCHAngleTarget                       0x20000580   Data           8  remotetask.o(.data)
    LRSpeedRamp                              0x20000588   Data          36  remotetask.o(.data)
    FBSpeedRamp                              0x200005ac   Data          36  remotetask.o(.data)
    state5_enable                            0x200005d0   Data           1  remotetask.o(.data)
    rc_first_frame                           0x200005d1   Data           1  remotetask.o(.data)
    rc_cnt                                   0x200005d2   Data           1  remotetask.o(.data)
    receiving                                0x200005d3   Data           1  judgetask.o(.data)
    buffercnt                                0x200005d4   Data           1  judgetask.o(.data)
    JUDGE_Received                           0x200005d5   Data           1  judgetask.o(.data)
    tmp_judge                                0x200005d6   Data           1  judgetask.o(.data)
    data                                     0x200005d8   Data           1  uppertask.o(.data)
    times                                    0x200005da   Data           2  uppertask.o(.data)
    RX_STA                                   0x200005dc   Data           2  uppertask.o(.data)
    EngineerState                            0x200005e0   Data           1  autogettask.o(.data)
    ad0                                      0x200005e4   Data           4  autogettask.o(.data)
    ad1                                      0x200005e8   Data           4  autogettask.o(.data)
    ad2                                      0x200005ec   Data           4  autogettask.o(.data)
    ad3                                      0x200005f0   Data           4  autogettask.o(.data)
    ad4                                      0x200005f4   Data           4  autogettask.o(.data)
    SystemCoreClock                          0x200005f8   Data           4  system_stm32f4xx.o(.data)
    __stdout                                 0x20000600   Data           4  stdout.o(.data)
    CMCanRxMsg                               0x20000604   Data          36  cantask.o(.bss)
    AUXCanRxMsg                              0x20000628   Data          36  cantask.o(.bss)
    imu_data                                 0x2000064c   Data          20  imutask.o(.bss)
    imu_data_offest                          0x20000660   Data          20  imutask.o(.bss)
    rc_data                                  0x20000674   Data          18  remotetask.o(.bss)
    RC_CtrlData                              0x20000686   Data          22  remotetask.o(.bss)
    g_switch1                                0x2000069c   Data          23  remotetask.o(.bss)
    buffer                                   0x200006b4   Data          44  judgetask.o(.bss)
    mytGameInfo                              0x200006e0   Data          20  judgetask.o(.bss)
    buf                                      0x200006f4   Data        1024  uppertask.o(.bss)
    distance_couple                          0x20000af4   Data          26  autogettask.o(.bss)
    ADC_Value                                0x20000b10   Data         400  main.o(.bss)
    huart1                                   0x20000ca0   Data          64  usart.o(.bss)
    huart2                                   0x20000ce0   Data          64  usart.o(.bss)
    huart3                                   0x20000d20   Data          64  usart.o(.bss)
    huart6                                   0x20000d60   Data          64  usart.o(.bss)
    hdma_usart1_rx                           0x20000da0   Data          96  usart.o(.bss)
    hdma_usart2_rx                           0x20000e00   Data          96  usart.o(.bss)
    hdma_usart3_rx                           0x20000e60   Data          96  usart.o(.bss)
    hdma_usart6_rx                           0x20000ec0   Data          96  usart.o(.bss)
    htim2                                    0x20000f20   Data          60  tim.o(.bss)
    htim6                                    0x20000f5c   Data          60  tim.o(.bss)
    htim7                                    0x20000f98   Data          60  tim.o(.bss)
    htim10                                   0x20000fd4   Data          60  tim.o(.bss)
    htim12                                   0x20001010   Data          60  tim.o(.bss)
    hcan1                                    0x2000104c   Data          68  can.o(.bss)
    hcan2                                    0x20001090   Data          68  can.o(.bss)
    hspi5                                    0x200010d4   Data          88  spi.o(.bss)
    hadc1                                    0x2000112c   Data          72  adc.o(.bss)
    __initial_sp                             0x20001578   Data           0  startup_stm32f427xx.o(STACK)



==============================================================================

Memory Map of the image

  Image Entry point : 0x080001ad

  Load Region LR_IROM1 (Base: 0x08000000, Size: 0x0000773c, Max: 0x00200000, ABSOLUTE, COMPRESSED[0x000071f4])

    Execution Region ER_IROM1 (Base: 0x08000000, Size: 0x00007138, Max: 0x00200000, ABSOLUTE)

    Base Addr    Size         Type   Attr      Idx    E Section Name        Object

    0x08000000   0x000001ac   Data   RO         4396    RESET               startup_stm32f427xx.o
    0x080001ac   0x00000000   Code   RO         4619  * .ARM.Collect$$$$00000000  mc_w.l(entry.o)
    0x080001ac   0x00000004   Code   RO         4921    .ARM.Collect$$$$00000001  mc_w.l(entry2.o)
    0x080001b0   0x00000004   Code   RO         4924    .ARM.Collect$$$$00000004  mc_w.l(entry5.o)
    0x080001b4   0x00000000   Code   RO         4926    .ARM.Collect$$$$00000008  mc_w.l(entry7b.o)
    0x080001b4   0x00000000   Code   RO         4928    .ARM.Collect$$$$0000000A  mc_w.l(entry8b.o)
    0x080001b4   0x00000008   Code   RO         4929    .ARM.Collect$$$$0000000B  mc_w.l(entry9a.o)
    0x080001bc   0x00000000   Code   RO         4931    .ARM.Collect$$$$0000000D  mc_w.l(entry10a.o)
    0x080001bc   0x00000000   Code   RO         4933    .ARM.Collect$$$$0000000F  mc_w.l(entry11a.o)
    0x080001bc   0x00000004   Code   RO         4922    .ARM.Collect$$$$00002712  mc_w.l(entry2.o)
    0x080001c0   0x00000024   Code   RO         4397    .text               startup_stm32f427xx.o
    0x080001e4   0x00000070   Code   RO         4403    .text               RMLib.lib(ramp.o)
    0x08000254   0x00000120   Code   RO         4595    .text               RMLib.lib(pid_regulator.o)
    0x08000374   0x00000062   Code   RO         4622    .text               mc_w.l(uldiv.o)
    0x080003d6   0x00000024   Code   RO         4624    .text               mc_w.l(memcpya.o)
    0x080003fa   0x0000014e   Code   RO         4903    .text               mf_w.l(dadd.o)
    0x08000548   0x000000e4   Code   RO         4905    .text               mf_w.l(dmul.o)
    0x0800062c   0x000000de   Code   RO         4907    .text               mf_w.l(ddiv.o)
    0x0800070a   0x00000022   Code   RO         4909    .text               mf_w.l(dflti.o)
    0x0800072c   0x0000003e   Code   RO         4911    .text               mf_w.l(dfixi.o)
    0x0800076a   0x00000026   Code   RO         4913    .text               mf_w.l(f2d.o)
    0x08000790   0x00000030   Code   RO         4915    .text               mf_w.l(cdcmple.o)
    0x080007c0   0x00000030   Code   RO         4917    .text               mf_w.l(cdrcmple.o)
    0x080007f0   0x00000038   Code   RO         4919    .text               mf_w.l(d2f.o)
    0x08000828   0x0000002c   Code   RO         4936    .text               mc_w.l(uidiv.o)
    0x08000854   0x0000001e   Code   RO         4938    .text               mc_w.l(llshl.o)
    0x08000872   0x00000020   Code   RO         4940    .text               mc_w.l(llushr.o)
    0x08000892   0x00000024   Code   RO         4942    .text               mc_w.l(llsshr.o)
    0x080008b6   0x00000000   Code   RO         4944    .text               mc_w.l(iusefp.o)
    0x080008b6   0x0000006e   Code   RO         4945    .text               mf_w.l(fepilogue.o)
    0x08000924   0x000000ba   Code   RO         4947    .text               mf_w.l(depilogue.o)
    0x080009de   0x00000002   PAD
    0x080009e0   0x00000024   Code   RO         4951    .text               mc_w.l(init.o)
    0x08000a04   0x00000056   Code   RO         4961    .text               mc_w.l(__dczerorl2.o)
    0x08000a5a   0x00000062   Code   RO         2940    i.ADC_DMAConvCplt   stm32f4xx_hal_adc.o
    0x08000abc   0x00000016   Code   RO         2941    i.ADC_DMAError      stm32f4xx_hal_adc.o
    0x08000ad2   0x0000000a   Code   RO         2942    i.ADC_DMAHalfConvCplt  stm32f4xx_hal_adc.o
    0x08000adc   0x00000124   Code   RO         2943    i.ADC_Init          stm32f4xx_hal_adc.o
    0x08000c00   0x0000004c   Code   RO         3372    i.AMControlInit     amcontroltask.o
    0x08000c4c   0x0000021c   Code   RO         3770    i.AutoGet           autogettask.o
    0x08000e68   0x0000002c   Code   RO         3771    i.Auto_ShiftTest    autogettask.o
    0x08000e94   0x00000028   Code   RO         3772    i.Auto_StartTest    autogettask.o
    0x08000ebc   0x00000002   Code   RO         3978    i.BusFault_Handler  stm32f4xx_it.o
    0x08000ebe   0x00000002   PAD
    0x08000ec0   0x0000000c   Code   RO         3979    i.CAN1_RX0_IRQHandler  stm32f4xx_it.o
    0x08000ecc   0x0000000c   Code   RO         3980    i.CAN1_TX_IRQHandler  stm32f4xx_it.o
    0x08000ed8   0x0000000c   Code   RO         3981    i.CAN2_RX0_IRQHandler  stm32f4xx_it.o
    0x08000ee4   0x0000000c   Code   RO         3982    i.CAN2_TX_IRQHandler  stm32f4xx_it.o
    0x08000ef0   0x00000126   Code   RO         1002    i.CAN_Receive_IT    stm32f4xx_hal_can.o
    0x08001016   0x00000002   PAD
    0x08001018   0x00000034   Code   RO         3222    i.CMControlInit     controltask.o
    0x0800104c   0x000000b8   Code   RO         3373    i.ControlAMFB       amcontroltask.o
    0x08001104   0x000000b8   Code   RO         3374    i.ControlAMUD1      amcontroltask.o
    0x080011bc   0x000000b8   Code   RO         3375    i.ControlAMUD2      amcontroltask.o
    0x08001274   0x000000c0   Code   RO         3223    i.ControlCMBL       controltask.o
    0x08001334   0x000000c0   Code   RO         3224    i.ControlCMBR       controltask.o
    0x080013f4   0x000000c0   Code   RO         3225    i.ControlCMFL       controltask.o
    0x080014b4   0x000000c0   Code   RO         3226    i.ControlCMFR       controltask.o
    0x08001574   0x00000134   Code   RO         3312    i.ControlGMPITCH    gmcontroltask.o
    0x080016a8   0x00000130   Code   RO         3313    i.ControlGMYAW      gmcontroltask.o
    0x080017d8   0x00000020   Code   RO         3314    i.ControlGSYAW      gmcontroltask.o
    0x080017f8   0x00000098   Code   RO         3227    i.ControlRotate     controltask.o
    0x08001890   0x0000000c   Code   RO         3983    i.DMA1_Stream1_IRQHandler  stm32f4xx_it.o
    0x0800189c   0x0000000c   Code   RO         3984    i.DMA1_Stream5_IRQHandler  stm32f4xx_it.o
    0x080018a8   0x0000000c   Code   RO         3985    i.DMA2_Stream1_IRQHandler  stm32f4xx_it.o
    0x080018b4   0x0000000c   Code   RO         3986    i.DMA2_Stream2_IRQHandler  stm32f4xx_it.o
    0x080018c0   0x00000028   Code   RO         2609    i.DMA_CalcBaseAndBitshift  stm32f4xx_hal_dma.o
    0x080018e8   0x00000054   Code   RO         2610    i.DMA_CheckFifoParam  stm32f4xx_hal_dma.o
    0x0800193c   0x00000028   Code   RO         2611    i.DMA_SetConfig     stm32f4xx_hal_dma.o
    0x08001964   0x00000002   Code   RO         3987    i.DebugMon_Handler  stm32f4xx_it.o
    0x08001966   0x00000002   PAD
    0x08001968   0x00000060   Code   RO         3315    i.GMControlInit     gmcontroltask.o
    0x080019c8   0x00000058   Code   RO         3521    i.GetRemoteSwitchAction  remotetask.o
    0x08001a20   0x00000154   Code   RO         2945    i.HAL_ADC_ConfigChannel  stm32f4xx_hal_adc.o
    0x08001b74   0x00000002   Code   RO         2946    i.HAL_ADC_ConvCpltCallback  stm32f4xx_hal_adc.o
    0x08001b76   0x00000002   Code   RO         2947    i.HAL_ADC_ConvHalfCpltCallback  stm32f4xx_hal_adc.o
    0x08001b78   0x00000002   Code   RO         2949    i.HAL_ADC_ErrorCallback  stm32f4xx_hal_adc.o
    0x08001b7a   0x00000054   Code   RO         2954    i.HAL_ADC_Init      stm32f4xx_hal_adc.o
    0x08001bce   0x00000002   PAD
    0x08001bd0   0x00000064   Code   RO         4356    i.HAL_ADC_MspInit   adc.o
    0x08001c34   0x00000100   Code   RO         2961    i.HAL_ADC_Start_DMA  stm32f4xx_hal_adc.o
    0x08001d34   0x000000f8   Code   RO         1003    i.HAL_CAN_ConfigFilter  stm32f4xx_hal_can.o
    0x08001e2c   0x00000002   Code   RO         1005    i.HAL_CAN_ErrorCallback  stm32f4xx_hal_can.o
    0x08001e2e   0x00000002   PAD
    0x08001e30   0x00000234   Code   RO         1008    i.HAL_CAN_IRQHandler  stm32f4xx_hal_can.o
    0x08002064   0x00000148   Code   RO         1009    i.HAL_CAN_Init      stm32f4xx_hal_can.o
    0x080021ac   0x000000e0   Code   RO         4265    i.HAL_CAN_MspInit   can.o
    0x0800228c   0x000000b4   Code   RO         1013    i.HAL_CAN_Receive_IT  stm32f4xx_hal_can.o
    0x08002340   0x000000fc   Code   RO         3110    i.HAL_CAN_RxCpltCallback  cantask.o
    0x0800243c   0x00000124   Code   RO         1017    i.HAL_CAN_Transmit_IT  stm32f4xx_hal_can.o
    0x08002560   0x00000024   Code   RO         3111    i.HAL_CAN_TxCpltCallback  cantask.o
    0x08002584   0x0000008e   Code   RO         2612    i.HAL_DMA_Abort     stm32f4xx_hal_dma.o
    0x08002612   0x00000024   Code   RO         2613    i.HAL_DMA_Abort_IT  stm32f4xx_hal_dma.o
    0x08002636   0x00000002   PAD
    0x08002638   0x000001a0   Code   RO         2617    i.HAL_DMA_IRQHandler  stm32f4xx_hal_dma.o
    0x080027d8   0x000000d4   Code   RO         2618    i.HAL_DMA_Init      stm32f4xx_hal_dma.o
    0x080028ac   0x00000078   Code   RO         2622    i.HAL_DMA_Start_IT  stm32f4xx_hal_dma.o
    0x08002924   0x0000001c   Code   RO          844    i.HAL_Delay         stm32f4xx_hal.o
    0x08002940   0x000001cc   Code   RO         2546    i.HAL_GPIO_Init     stm32f4xx_hal_gpio.o
    0x08002b0c   0x0000000a   Code   RO         2550    i.HAL_GPIO_WritePin  stm32f4xx_hal_gpio.o
    0x08002b16   0x00000002   PAD
    0x08002b18   0x0000000c   Code   RO          852    i.HAL_GetTick       stm32f4xx_hal.o
    0x08002b24   0x00000010   Code   RO          854    i.HAL_IncTick       stm32f4xx_hal.o
    0x08002b34   0x00000034   Code   RO          855    i.HAL_Init          stm32f4xx_hal.o
    0x08002b68   0x00000028   Code   RO          856    i.HAL_InitTick      stm32f4xx_hal.o
    0x08002b90   0x00000058   Code   RO         4144    i.HAL_MspInit       stm32f4xx_hal_msp.o
    0x08002be8   0x00000016   Code   RO         1663    i.HAL_NVIC_DisableIRQ  stm32f4xx_hal_cortex.o
    0x08002bfe   0x00000016   Code   RO         1664    i.HAL_NVIC_EnableIRQ  stm32f4xx_hal_cortex.o
    0x08002c14   0x00000040   Code   RO         1670    i.HAL_NVIC_SetPriority  stm32f4xx_hal_cortex.o
    0x08002c54   0x00000024   Code   RO         1671    i.HAL_NVIC_SetPriorityGrouping  stm32f4xx_hal_cortex.o
    0x08002c78   0x00000130   Code   RO         1558    i.HAL_RCC_ClockConfig  stm32f4xx_hal_rcc.o
    0x08002da8   0x0000000c   Code   RO         1563    i.HAL_RCC_GetHCLKFreq  stm32f4xx_hal_rcc.o
    0x08002db4   0x00000020   Code   RO         1565    i.HAL_RCC_GetPCLK1Freq  stm32f4xx_hal_rcc.o
    0x08002dd4   0x00000020   Code   RO         1566    i.HAL_RCC_GetPCLK2Freq  stm32f4xx_hal_rcc.o
    0x08002df4   0x00000064   Code   RO         1567    i.HAL_RCC_GetSysClockFreq  stm32f4xx_hal_rcc.o
    0x08002e58   0x000002f0   Code   RO         1570    i.HAL_RCC_OscConfig  stm32f4xx_hal_rcc.o
    0x08003148   0x00000080   Code   RO         1138    i.HAL_SPI_Init      stm32f4xx_hal_spi.o
    0x080031c8   0x0000004c   Code   RO         4314    i.HAL_SPI_MspInit   spi.o
    0x08003214   0x00000150   Code   RO         1141    i.HAL_SPI_Receive   stm32f4xx_hal_spi.o
    0x08003364   0x00000168   Code   RO         1146    i.HAL_SPI_Transmit  stm32f4xx_hal_spi.o
    0x080034cc   0x000001d8   Code   RO         1147    i.HAL_SPI_TransmitReceive  stm32f4xx_hal_spi.o
    0x080036a4   0x00000018   Code   RO         1673    i.HAL_SYSTICK_CLKSourceConfig  stm32f4xx_hal_cortex.o
    0x080036bc   0x00000002   Code   RO         1674    i.HAL_SYSTICK_Callback  stm32f4xx_hal_cortex.o
    0x080036be   0x00000028   Code   RO         1675    i.HAL_SYSTICK_Config  stm32f4xx_hal_cortex.o
    0x080036e6   0x00000008   Code   RO         1676    i.HAL_SYSTICK_IRQHandler  stm32f4xx_hal_cortex.o
    0x080036ee   0x00000002   Code   RO          154    i.HAL_TIMEx_BreakCallback  stm32f4xx_hal_tim_ex.o
    0x080036f0   0x00000002   Code   RO          155    i.HAL_TIMEx_CommutationCallback  stm32f4xx_hal_tim_ex.o
    0x080036f2   0x00000050   Code   RO          171    i.HAL_TIMEx_MasterConfigSynchronization  stm32f4xx_hal_tim_ex.o
    0x08003742   0x00000036   Code   RO         1914    i.HAL_TIM_Base_Init  stm32f4xx_hal_tim.o
    0x08003778   0x000000c0   Code   RO         4193    i.HAL_TIM_Base_MspInit  tim.o
    0x08003838   0x00000018   Code   RO         1919    i.HAL_TIM_Base_Start_IT  stm32f4xx_hal_tim.o
    0x08003850   0x000000f2   Code   RO         1923    i.HAL_TIM_ConfigClockSource  stm32f4xx_hal_tim.o
    0x08003942   0x00000002   Code   RO         1943    i.HAL_TIM_IC_CaptureCallback  stm32f4xx_hal_tim.o
    0x08003944   0x00000166   Code   RO         1956    i.HAL_TIM_IRQHandler  stm32f4xx_hal_tim.o
    0x08003aaa   0x00000002   PAD
    0x08003aac   0x00000054   Code   RO         4194    i.HAL_TIM_MspPostInit  tim.o
    0x08003b00   0x00000002   Code   RO         1959    i.HAL_TIM_OC_DelayElapsedCallback  stm32f4xx_hal_tim.o
    0x08003b02   0x000000d0   Code   RO         1980    i.HAL_TIM_PWM_ConfigChannel  stm32f4xx_hal_tim.o
    0x08003bd2   0x00000036   Code   RO         1983    i.HAL_TIM_PWM_Init  stm32f4xx_hal_tim.o
    0x08003c08   0x00000002   Code   RO         1985    i.HAL_TIM_PWM_MspInit  stm32f4xx_hal_tim.o
    0x08003c0a   0x00000002   Code   RO         1986    i.HAL_TIM_PWM_PulseFinishedCallback  stm32f4xx_hal_tim.o
    0x08003c0c   0x00000038   Code   RO         1987    i.HAL_TIM_PWM_Start  stm32f4xx_hal_tim.o
    0x08003c44   0x000000fc   Code   RO         3228    i.HAL_TIM_PeriodElapsedCallback  controltask.o
    0x08003d40   0x00000002   Code   RO         1997    i.HAL_TIM_TriggerCallback  stm32f4xx_hal_tim.o
    0x08003d42   0x00000044   Code   RO          403    i.HAL_UART_AbortReceive  stm32f4xx_hal_uart.o
    0x08003d86   0x00000002   Code   RO          414    i.HAL_UART_ErrorCallback  stm32f4xx_hal_uart.o
    0x08003d88   0x00000110   Code   RO          417    i.HAL_UART_IRQHandler  stm32f4xx_hal_uart.o
    0x08003e98   0x00000062   Code   RO          418    i.HAL_UART_Init     stm32f4xx_hal_uart.o
    0x08003efa   0x00000002   PAD
    0x08003efc   0x00000280   Code   RO         3919    i.HAL_UART_MspInit  usart.o
    0x0800417c   0x00000098   Code   RO          422    i.HAL_UART_Receive_DMA  stm32f4xx_hal_uart.o
    0x08004214   0x00000034   Code   RO         3522    i.HAL_UART_RxCpltCallback  remotetask.o
    0x08004248   0x00000002   Code   RO          425    i.HAL_UART_RxHalfCpltCallback  stm32f4xx_hal_uart.o
    0x0800424a   0x000000ba   Code   RO          426    i.HAL_UART_Transmit  stm32f4xx_hal_uart.o
    0x08004304   0x00000002   Code   RO          429    i.HAL_UART_TxCpltCallback  stm32f4xx_hal_uart.o
    0x08004306   0x00000002   Code   RO         3988    i.HardFault_Handler  stm32f4xx_it.o
    0x08004308   0x000000fc   Code   RO         3435    i.IMURefresh        imutask.o
    0x08004404   0x000000a8   Code   RO         3112    i.InitCanReception  cantask.o
    0x080044ac   0x00000050   Code   RO         3436    i.InitMPU6500       imutask.o
    0x080044fc   0x00000044   Code   RO         3523    i.InitRemoteControl  remotetask.o
    0x08004540   0x00000040   Code   RO         3599    i.Judge_Refresh     judgetask.o
    0x08004580   0x0000005c   Code   RO         3524    i.KeyboardModeFSM   remotetask.o
    0x080045dc   0x00000050   Code   RO         3437    i.MPU6500_Read_Reg  imutask.o
    0x0800462c   0x00000054   Code   RO         3438    i.MPU6500_Write_Reg  imutask.o
    0x08004680   0x000000d4   Code   RO         4357    i.MX_ADC1_Init      adc.o
    0x08004754   0x00000058   Code   RO         4266    i.MX_CAN1_Init      can.o
    0x080047ac   0x00000058   Code   RO         4267    i.MX_CAN2_Init      can.o
    0x08004804   0x0000006c   Code   RO         4168    i.MX_DMA_Init       dma.o
    0x08004870   0x00000114   Code   RO         3894    i.MX_GPIO_Init      gpio.o
    0x08004984   0x0000005c   Code   RO         4315    i.MX_SPI5_Init      spi.o
    0x080049e0   0x00000048   Code   RO         4195    i.MX_TIM10_Init     tim.o
    0x08004a28   0x000000ac   Code   RO         4196    i.MX_TIM12_Init     tim.o
    0x08004ad4   0x000000b8   Code   RO         4197    i.MX_TIM2_Init      tim.o
    0x08004b8c   0x00000058   Code   RO         4198    i.MX_TIM6_Init      tim.o
    0x08004be4   0x00000058   Code   RO         4199    i.MX_TIM7_Init      tim.o
    0x08004c3c   0x00000058   Code   RO         3920    i.MX_USART1_UART_Init  usart.o
    0x08004c94   0x0000004c   Code   RO         3921    i.MX_USART2_UART_Init  usart.o
    0x08004ce0   0x0000004c   Code   RO         3922    i.MX_USART3_UART_Init  usart.o
    0x08004d2c   0x0000004c   Code   RO         3923    i.MX_USART6_UART_Init  usart.o
    0x08004d78   0x00000002   Code   RO         3989    i.MemManage_Handler  stm32f4xx_it.o
    0x08004d7a   0x00000002   PAD
    0x08004d7c   0x00000448   Code   RO         3525    i.MouseKeyControlProcess  remotetask.o
    0x080051c4   0x00000002   Code   RO         3990    i.NMI_Handler       stm32f4xx_it.o
    0x080051c6   0x00000020   Code   RO         1677    i.NVIC_SetPriority  stm32f4xx_hal_cortex.o
    0x080051e6   0x00000048   Code   RO         3485    i.PID_PROCESS_Double  pid_regulator.o
    0x0800522e   0x00000002   Code   RO         3991    i.PendSV_Handler    stm32f4xx_it.o
    0x08005230   0x00000110   Code   RO         3773    i.RefreshAnologRead  autogettask.o
    0x08005340   0x000003e8   Code   RO         3526    i.RemoteControlProcess  remotetask.o
    0x08005728   0x000000f8   Code   RO         3527    i.RemoteDataProcess  remotetask.o
    0x08005820   0x0000006c   Code   RO         3528    i.RemoteTaskInit    remotetask.o
    0x0800588c   0x00000020   Code   RO         1162    i.SPI_CheckFlag_BSY  stm32f4xx_hal_spi.o
    0x080058ac   0x00000096   Code   RO         1180    i.SPI_WaitFlagStateUntilTimeout  stm32f4xx_hal_spi.o
    0x08005942   0x00000002   Code   RO         3992    i.SVC_Handler       stm32f4xx_it.o
    0x08005944   0x000000a0   Code   RO         3376    i.StandardlizeAMRealAngle  amcontroltask.o
    0x080059e4   0x00000070   Code   RO         3316    i.Steering_Motor_Set_Angle  gmcontroltask.o
    0x08005a54   0x0000000e   Code   RO         3993    i.SysTick_Handler   stm32f4xx_it.o
    0x08005a62   0x00000002   PAD
    0x08005a64   0x000000a0   Code   RO         3855    i.SystemClock_Config  main.o
    0x08005b04   0x00000054   Code   RO         3818    i.SystemInit        system_stm32f4xx.o
    0x08005b58   0x0000000c   Code   RO         3994    i.TIM1_UP_TIM10_IRQHandler  stm32f4xx_it.o
    0x08005b64   0x0000000c   Code   RO         3995    i.TIM6_DAC_IRQHandler  stm32f4xx_it.o
    0x08005b70   0x0000000c   Code   RO         3996    i.TIM7_IRQHandler   stm32f4xx_it.o
    0x08005b7c   0x000000c0   Code   RO         1998    i.TIM_Base_SetConfig  stm32f4xx_hal_tim.o
    0x08005c3c   0x00000016   Code   RO         1999    i.TIM_CCxChannelCmd  stm32f4xx_hal_tim.o
    0x08005c52   0x00000014   Code   RO         2005    i.TIM_ETR_SetConfig  stm32f4xx_hal_tim.o
    0x08005c66   0x00000010   Code   RO         2006    i.TIM_ITRx_SetConfig  stm32f4xx_hal_tim.o
    0x08005c76   0x00000002   PAD
    0x08005c78   0x00000058   Code   RO         2007    i.TIM_OC1_SetConfig  stm32f4xx_hal_tim.o
    0x08005cd0   0x00000064   Code   RO         2008    i.TIM_OC2_SetConfig  stm32f4xx_hal_tim.o
    0x08005d34   0x00000060   Code   RO         2009    i.TIM_OC3_SetConfig  stm32f4xx_hal_tim.o
    0x08005d94   0x00000050   Code   RO         2010    i.TIM_OC4_SetConfig  stm32f4xx_hal_tim.o
    0x08005de4   0x00000022   Code   RO         2012    i.TIM_TI1_ConfigInputStage  stm32f4xx_hal_tim.o
    0x08005e06   0x00000024   Code   RO         2014    i.TIM_TI2_ConfigInputStage  stm32f4xx_hal_tim.o
    0x08005e2a   0x00000010   Code   RO          431    i.UART_DMAAbortOnError  stm32f4xx_hal_uart.o
    0x08005e3a   0x0000004a   Code   RO          432    i.UART_DMAError     stm32f4xx_hal_uart.o
    0x08005e84   0x0000003c   Code   RO          433    i.UART_DMAReceiveCplt  stm32f4xx_hal_uart.o
    0x08005ec0   0x0000000a   Code   RO          435    i.UART_DMARxHalfCplt  stm32f4xx_hal_uart.o
    0x08005eca   0x0000001c   Code   RO          441    i.UART_EndRxTransfer  stm32f4xx_hal_uart.o
    0x08005ee6   0x00000012   Code   RO          442    i.UART_EndTxTransfer  stm32f4xx_hal_uart.o
    0x08005ef8   0x0000008c   Code   RO          443    i.UART_Receive_IT   stm32f4xx_hal_uart.o
    0x08005f84   0x000002ac   Code   RO          444    i.UART_SetConfig    stm32f4xx_hal_uart.o
    0x08006230   0x00000062   Code   RO          445    i.UART_Transmit_IT  stm32f4xx_hal_uart.o
    0x08006292   0x00000064   Code   RO          446    i.UART_WaitOnFlagUntilTimeout  stm32f4xx_hal_uart.o
    0x080062f6   0x00000002   PAD
    0x080062f8   0x0000000c   Code   RO         3997    i.USART1_IRQHandler  stm32f4xx_it.o
    0x08006304   0x0000000c   Code   RO         3998    i.USART2_IRQHandler  stm32f4xx_it.o
    0x08006310   0x0000000c   Code   RO         3999    i.USART3_IRQHandler  stm32f4xx_it.o
    0x0800631c   0x0000000c   Code   RO         4000    i.USART6_IRQHandler  stm32f4xx_it.o
    0x08006328   0x00000002   Code   RO         4001    i.UsageFault_Handler  stm32f4xx_it.o
    0x0800632a   0x00000002   PAD
    0x0800632c   0x000000b8   Code   RO         3229    i.WorkStateFSM      controltask.o
    0x080063e4   0x00000002   Code   RO         3856    i._Error_Handler    main.o
    0x080063e6   0x00000002   PAD
    0x080063e8   0x00000020   Code   RO         4731    i.__0printf$3       mc_w.l(printf3.o)
    0x08006408   0x0000000e   Code   RO         4955    i.__scatterload_copy  mc_w.l(handlers.o)
    0x08006416   0x00000002   Code   RO         4956    i.__scatterload_null  mc_w.l(handlers.o)
    0x08006418   0x0000000e   Code   RO         4957    i.__scatterload_zeroinit  mc_w.l(handlers.o)
    0x08006426   0x00000002   PAD
    0x08006428   0x000001b8   Code   RO         4738    i._printf_core      mc_w.l(printf3.o)
    0x080065e0   0x00000038   Code   RO         3230    i.controlLoop       controltask.o
    0x08006618   0x0000005c   Code   RO         3706    i.ctrlUartInit      uppertask.o
    0x08006674   0x00000068   Code   RO         3707    i.ctrlUartRxCpltCallback  uppertask.o
    0x080066dc   0x00000030   Code   RO         3708    i.dataCallBack      uppertask.o
    0x0800670c   0x00000018   Code   RO         3666    i.fputc             manifoldtask.o
    0x08006724   0x00000124   Code   RO         3486    i.fw_PID_Calc       pid_regulator.o
    0x08006848   0x00000002   Code   RO         3487    i.fw_PID_Reset      pid_regulator.o
    0x0800684a   0x00000002   PAD
    0x0800684c   0x0000009c   Code   RO         3600    i.judgeUartRxCpltCallback  judgetask.o
    0x080068e8   0x00000130   Code   RO         3857    i.main              main.o
    0x08006a18   0x0000002c   Code   RO         3601    i.myGet_CRC16_Check_Sum  judgetask.o
    0x08006a44   0x0000001c   Code   RO         3602    i.myGet_CRC8_Check_Sum  judgetask.o
    0x08006a60   0x00000034   Code   RO         3603    i.myVerify_CRC16_Check_Sum  judgetask.o
    0x08006a94   0x00000026   Code   RO         3604    i.myVerify_CRC8_Check_Sum  judgetask.o
    0x08006aba   0x00000002   PAD
    0x08006abc   0x000000ec   Code   RO         3377    i.setAMMotor        amcontroltask.o
    0x08006ba8   0x000000dc   Code   RO         3231    i.setCMMotor        controltask.o
    0x08006c84   0x000000e8   Code   RO         3317    i.setGMMotor        gmcontroltask.o
    0x08006d6c   0x00000022   Code   RO         3378    i.vice_controlLoop  amcontroltask.o
    0x08006d8e   0x00000002   PAD
    0x08006d90   0x00000054   Code   RO         3709    i.zykReceiveData    uppertask.o
    0x08006de4   0x00000008   Data   RO         2624    .constdata          stm32f4xx_hal_dma.o
    0x08006dec   0x00000014   Data   RO         3440    .constdata          imutask.o
    0x08006e00   0x00000300   Data   RO         3607    .constdata          judgetask.o
    0x08007100   0x00000010   Data   RO         3819    .constdata          system_stm32f4xx.o
    0x08007110   0x00000008   Data   RO         3820    .constdata          system_stm32f4xx.o
    0x08007118   0x00000020   Data   RO         4953    Region$$Table       anon$$obj.o


    Execution Region RW_IRAM1 (Base: 0x20000000, Size: 0x00001578, Max: 0x00030000, ABSOLUTE, COMPRESSED[0x000000bc])

    Base Addr    Size         Type   Attr      Idx    E Section Name        Object

    0x20000000   0x00000004   Data   RW          861    .data               stm32f4xx_hal.o
    0x20000004   0x00000028   Data   RW         3114    .data               cantask.o
    0x2000002c   0x00000001   Data   RW         3115    .data               cantask.o
    0x2000002d   0x00000003   PAD
    0x20000030   0x0000019c   Data   RW         3232    .data               controltask.o
    0x200001cc   0x00000004   PAD
    0x200001d0   0x00000150   Data   RW         3318    .data               gmcontroltask.o
    0x20000320   0x000001f8   Data   RW         3379    .data               amcontroltask.o
    0x20000518   0x00000014   Data   RW         3441    .data               imutask.o
    0x2000052c   0x00000004   PAD
    0x20000530   0x000000a0   Data   RW         3530    .data               remotetask.o
    0x200005d0   0x00000001   Data   RW         3531    .data               remotetask.o
    0x200005d1   0x00000001   Data   RW         3532    .data               remotetask.o
    0x200005d2   0x00000001   Data   RW         3533    .data               remotetask.o
    0x200005d3   0x00000004   Data   RW         3609    .data               judgetask.o
    0x200005d7   0x00000001   PAD
    0x200005d8   0x00000008   Data   RW         3711    .data               uppertask.o
    0x200005e0   0x00000018   Data   RW         3775    .data               autogettask.o
    0x200005f8   0x00000004   Data   RW         3821    .data               system_stm32f4xx.o
    0x200005fc   0x00000004   Data   RW         4269    .data               can.o
    0x20000600   0x00000004   Data   RW         4935    .data               mc_w.l(stdout.o)
    0x20000604   0x00000048   Zero   RW         3113    .bss                cantask.o
    0x2000064c   0x00000028   Zero   RW         3439    .bss                imutask.o
    0x20000674   0x0000003f   Zero   RW         3529    .bss                remotetask.o
    0x200006b3   0x00000001   PAD
    0x200006b4   0x00000040   Zero   RW         3605    .bss                judgetask.o
    0x200006f4   0x00000400   Zero   RW         3710    .bss                uppertask.o
    0x20000af4   0x0000001a   Zero   RW         3774    .bss                autogettask.o
    0x20000b0e   0x00000002   PAD
    0x20000b10   0x00000190   Zero   RW         3858    .bss                main.o
    0x20000ca0   0x00000280   Zero   RW         3924    .bss                usart.o
    0x20000f20   0x0000012c   Zero   RW         4200    .bss                tim.o
    0x2000104c   0x00000088   Zero   RW         4268    .bss                can.o
    0x200010d4   0x00000058   Zero   RW         4316    .bss                spi.o
    0x2000112c   0x00000048   Zero   RW         4358    .bss                adc.o
    0x20001174   0x00000004   PAD
    0x20001178   0x00000400   Zero   RW         4394    STACK               startup_stm32f427xx.o


==============================================================================

Image component sizes


      Code (inc. data)   RO Data    RW Data    ZI Data      Debug   Object Name

       312         48          0          0         72       1657   adc.o
      1058        138          0        504          0       5663   amcontroltask.o
       896        106          0         24         26       3224   autogettask.o
       400         72          0          4        136       2342   can.o
       456        100          0         41         72       6939   cantask.o
      1684        270          0        412          0       8601   controltask.o
       108          4          0          0          0        810   dma.o
      1084        168          0        336          0       4654   gmcontroltask.o
       276         18          0          0          0       1143   gpio.o
       496         56         20         20         40       6865   imutask.o
       382         60        768          4         64       4866   judgetask.o
       466         40          0          0        400       2569   main.o
        24          4          0          0          0        516   manifoldtask.o
       366          6          0          0          0       2078   pid_regulator.o
      2752        348          0        163         63      10566   remotetask.o
       168         38          0          0         88       1581   spi.o
        36          8        428          0       1024        804   startup_stm32f427xx.o
       148         22          0          4          0       4347   stm32f4xx_hal.o
      1108         62          0          0          0       6909   stm32f4xx_hal_adc.o
      1908         20          0          0          0       6426   stm32f4xx_hal_can.o
       250         14          0          0          0      32371   stm32f4xx_hal_cortex.o
      1090         16          8          0          0       6550   stm32f4xx_hal_dma.o
       470         52          0          0          0       2212   stm32f4xx_hal_gpio.o
        88          0          0          0          0        522   stm32f4xx_hal_msp.o
      1232         82          0          0          0       5348   stm32f4xx_hal_rcc.o
         0          0          0          0          0     754244   stm32f4xx_hal_rcc_ex.o
      1478          0          0          0          0       5854   stm32f4xx_hal_spi.o
      1690         88          0          0          0      15224   stm32f4xx_hal_tim.o
        84          0          0          0          0       2354   stm32f4xx_hal_tim_ex.o
      2010         28          0          0          0      12450   stm32f4xx_hal_uart.o
       210         90          0          0          0      11059   stm32f4xx_it.o
        84         18         24          4          0       1155   system_stm32f4xx.o
       880        158          0          0        300       4824   tim.o
       328        138          0          8       1024       3650   uppertask.o
       956        168          0          0        640       3965   usart.o

    ----------------------------------------------------------------------
     25014       2440       1280       1536       3956     944342   Object Totals
         0          0         32          0          0          0   (incl. Generated)
        36          0          0         12          7          0   (incl. Padding)

    ----------------------------------------------------------------------

      Code (inc. data)   RO Data    RW Data    ZI Data      Debug   Library Member Name

       288          4          0          0          0       1785   pid_regulator.o
       112          6          0          0          0       5660   ramp.o
        86          0          0          0          0          0   __dczerorl2.o
         0          0          0          0          0          0   entry.o
         0          0          0          0          0          0   entry10a.o
         0          0          0          0          0          0   entry11a.o
         8          4          0          0          0          0   entry2.o
         4          0          0          0          0          0   entry5.o
         0          0          0          0          0          0   entry7b.o
         0          0          0          0          0          0   entry8b.o
         8          4          0          0          0          0   entry9a.o
        30          0          0          0          0          0   handlers.o
        36          8          0          0          0         68   init.o
         0          0          0          0          0          0   iusefp.o
        30          0          0          0          0         68   llshl.o
        36          0          0          0          0         68   llsshr.o
        32          0          0          0          0         68   llushr.o
        36          0          0          0          0         68   memcpya.o
       472         14          0          0          0        184   printf3.o
         0          0          0          4          0          0   stdout.o
        44          0          0          0          0         80   uidiv.o
        98          0          0          0          0         92   uldiv.o
        48          0          0          0          0         68   cdcmple.o
        48          0          0          0          0         68   cdrcmple.o
        56          0          0          0          0         88   d2f.o
       334          0          0          0          0        148   dadd.o
       222          0          0          0          0        100   ddiv.o
       186          0          0          0          0        176   depilogue.o
        62          0          0          0          0         80   dfixi.o
        34          0          0          0          0         76   dflti.o
       228          0          0          0          0         96   dmul.o
        38          0          0          0          0         68   f2d.o
       110          0          0          0          0        168   fepilogue.o

    ----------------------------------------------------------------------
      2690         40          0          4          0       9277   Library Totals
         4          0          0          0          0          0   (incl. Padding)

    ----------------------------------------------------------------------

      Code (inc. data)   RO Data    RW Data    ZI Data      Debug   Library Name

       400         10          0          0          0       7445   RMLib.lib
       920         30          0          4          0        696   mc_w.l
      1366          0          0          0          0       1136   mf_w.l

    ----------------------------------------------------------------------
      2690         40          0          4          0       9277   Library Totals

    ----------------------------------------------------------------------

==============================================================================


      Code (inc. data)   RO Data    RW Data    ZI Data      Debug   

     27704       2480       1280       1540       3956     933719   Grand Totals
     27704       2480       1280        188       3956     933719   ELF Image Totals (compressed)
     27704       2480       1280        188          0          0   ROM Totals

==============================================================================

    Total RO  Size (Code + RO Data)                28984 (  28.30kB)
    Total RW  Size (RW Data + ZI Data)              5496 (   5.37kB)
    Total ROM Size (Code + RO Data + RW Data)      29172 (  28.49kB)

==============================================================================

