<html>
<body>
<pre>
<h1>µVision Build Log</h1>
<h2>Tool Versions:</h2>
IDE-Version: ¦ÌVision V5.14.0.0
Copyright (C) 2015 ARM Ltd and ARM Germany GmbH. All rights reserved.
License Information: Q Q, Q, LIC=TA374-F18V5-ULQCE-5T355-UIXF4-4T5S9
 
Tool Versions:
Toolchain:       MDK-ARM Professional  Version: 5.14.0.0
Toolchain Path:  E:\Keil\main\ARM\ARMCC\Bin
C Compiler:      Armcc.exe V5.05 update 1 (build 106)
Assembler:       Armasm.exe V5.05 update 1 (build 106)
Linker/Locator:  ArmLink.exe V5.05 update 1 (build 106)
Library Manager: ArmAr.exe V5.05 update 1 (build 106)
Hex Converter:   FromElf.exe V5.05 update 1 (build 106)
CPU DLL:         SARMCM3.DLL V5.14.0.0
Dialog DLL:      DCM.DLL V1.13.1.0
Target DLL:      STLink\ST-LINKIII-KEIL_SWO.dll V2.0.14.0_KEIL
Dialog DLL:      TCM.DLL V1.14.4.0
 
<h2>Project:</h2>
D:\lenovo\Documents\GitHub\Engineer\MDK-ARM\Engineer.uvprojx
Project File Date:  01/15/2018

<h2>Output:</h2>
Rebuild target 'Engineer'
compiling stm32f4xx_hal_rcc_ex.c...
compiling stm32f4xx_hal_tim_ex.c...
compiling stm32f4xx_hal_uart.c...
compiling stm32f4xx_hal_flash.c...
compiling stm32f4xx_hal.c...
compiling stm32f4xx_hal_can.c...
compiling stm32f4xx_hal_spi.c...
compiling stm32f4xx_hal_dma_ex.c...
compiling stm32f4xx_hal_pwr_ex.c...
compiling stm32f4xx_hal_rcc.c...
compiling stm32f4xx_hal_cortex.c...
compiling stm32f4xx_hal_flash_ex.c...
compiling stm32f4xx_hal_flash_ramfunc.c...
compiling stm32f4xx_hal_tim.c...
compiling stm32f4xx_hal_gpio.c...
compiling stm32f4xx_hal_dma.c...
compiling stm32f4xx_hal_pwr.c...
compiling CANTask.c...
../Inc/includes.h(34): warning:  #1-D: last line of file ends without a newline
  #endif /* __INCLUDES_H */
..\Tasks\Inc\RemoteTask.h(148): warning:  #1295-D: Deprecated declaration InitRemoteControl - give arg types
  void InitRemoteControl();
..\Tasks\Inc\RemoteTask.h(149): warning:  #1295-D: Deprecated declaration RemoteTaskInit - give arg types
  void RemoteTaskInit();
..\Tasks\Inc\IMUTask.h(146): warning:  #1295-D: Deprecated declaration IMURefresh - give arg types
  void IMURefresh();
..\Tasks\Inc\CANTask.h(60): warning:  #1295-D: Deprecated declaration InitCanReception - give arg types
  void InitCanReception();
..\Tasks\Inc\ManifoldTask.h(15): warning:  #1295-D: Deprecated declaration manifoldUartRxCpltCallback - give arg types
  void manifoldUartRxCpltCallback();
..\Tasks\Inc\ManifoldTask.h(16): warning:  #1295-D: Deprecated declaration InitManifoldUart - give arg types
  void InitManifoldUart();
../Inc/includes.h(34): warning:  #1-D: last line of file ends without a newline
  #endif /* __INCLUDES_H */
..\Tasks\Src\CANTask.c(186): warning:  #1-D: last line of file ends without a newline
  }
..\Tasks\Src\CANTask.c: 9 warnings, 0 errors
compiling ControlTask.c...
../Inc/includes.h(34): warning:  #1-D: last line of file ends without a newline
  #endif /* __INCLUDES_H */
..\Tasks\Inc\RemoteTask.h(148): warning:  #1295-D: Deprecated declaration InitRemoteControl - give arg types
  void InitRemoteControl();
..\Tasks\Inc\RemoteTask.h(149): warning:  #1295-D: Deprecated declaration RemoteTaskInit - give arg types
  void RemoteTaskInit();
..\Tasks\Inc\IMUTask.h(146): warning:  #1295-D: Deprecated declaration IMURefresh - give arg types
  void IMURefresh();
..\Tasks\Inc\CANTask.h(60): warning:  #1295-D: Deprecated declaration InitCanReception - give arg types
  void InitCanReception();
..\Tasks\Inc\ManifoldTask.h(15): warning:  #1295-D: Deprecated declaration manifoldUartRxCpltCallback - give arg types
  void manifoldUartRxCpltCallback();
..\Tasks\Inc\ManifoldTask.h(16): warning:  #1295-D: Deprecated declaration InitManifoldUart - give arg types
  void InitManifoldUart();
../Inc/includes.h(34): warning:  #1-D: last line of file ends without a newline
  #endif /* __INCLUDES_H */
..\Tasks\Src\ControlTask.c(370): warning:  #1-D: last line of file ends without a newline
  }
..\Tasks\Src\ControlTask.c: 9 warnings, 0 errors
compiling IMUTask.c...
../Inc/includes.h(34): warning:  #1-D: last line of file ends without a newline
  #endif /* __INCLUDES_H */
..\Tasks\Inc\RemoteTask.h(148): warning:  #1295-D: Deprecated declaration InitRemoteControl - give arg types
  void InitRemoteControl();
..\Tasks\Inc\RemoteTask.h(149): warning:  #1295-D: Deprecated declaration RemoteTaskInit - give arg types
  void RemoteTaskInit();
..\Tasks\Inc\IMUTask.h(146): warning:  #1295-D: Deprecated declaration IMURefresh - give arg types
  void IMURefresh();
..\Tasks\Inc\CANTask.h(60): warning:  #1295-D: Deprecated declaration InitCanReception - give arg types
  void InitCanReception();
..\Tasks\Inc\ManifoldTask.h(15): warning:  #1295-D: Deprecated declaration manifoldUartRxCpltCallback - give arg types
  void manifoldUartRxCpltCallback();
..\Tasks\Inc\ManifoldTask.h(16): warning:  #1295-D: Deprecated declaration InitManifoldUart - give arg types
  void InitManifoldUart();
../Inc/includes.h(34): warning:  #1-D: last line of file ends without a newline
  #endif /* __INCLUDES_H */
..\Tasks\Src\IMUTask.c(117): warning:  #1-D: last line of file ends without a newline
  }
..\Tasks\Src\IMUTask.c: 9 warnings, 0 errors
compiling pid_regulator.c...
../Inc/includes.h(34): warning:  #1-D: last line of file ends without a newline
  #endif /* __INCLUDES_H */
..\Tasks\Inc\RemoteTask.h(148): warning:  #1295-D: Deprecated declaration InitRemoteControl - give arg types
  void InitRemoteControl();
..\Tasks\Inc\RemoteTask.h(149): warning:  #1295-D: Deprecated declaration RemoteTaskInit - give arg types
  void RemoteTaskInit();
..\Tasks\Inc\IMUTask.h(146): warning:  #1295-D: Deprecated declaration IMURefresh - give arg types
  void IMURefresh();
..\Tasks\Inc\CANTask.h(60): warning:  #1295-D: Deprecated declaration InitCanReception - give arg types
  void InitCanReception();
..\Tasks\Inc\ManifoldTask.h(15): warning:  #1295-D: Deprecated declaration manifoldUartRxCpltCallback - give arg types
  void manifoldUartRxCpltCallback();
..\Tasks\Inc\ManifoldTask.h(16): warning:  #1295-D: Deprecated declaration InitManifoldUart - give arg types
  void InitManifoldUart();
../Inc/includes.h(34): warning:  #1-D: last line of file ends without a newline
  #endif /* __INCLUDES_H */
..\Tasks\Src\pid_regulator.c: 8 warnings, 0 errors
compiling RemoteTask.c...
../Inc/includes.h(34): warning:  #1-D: last line of file ends without a newline
  #endif /* __INCLUDES_H */
..\Tasks\Inc\RemoteTask.h(148): warning:  #1295-D: Deprecated declaration InitRemoteControl - give arg types
  void InitRemoteControl();
..\Tasks\Inc\RemoteTask.h(149): warning:  #1295-D: Deprecated declaration RemoteTaskInit - give arg types
  void RemoteTaskInit();
..\Tasks\Inc\IMUTask.h(146): warning:  #1295-D: Deprecated declaration IMURefresh - give arg types
  void IMURefresh();
..\Tasks\Inc\CANTask.h(60): warning:  #1295-D: Deprecated declaration InitCanReception - give arg types
  void InitCanReception();
..\Tasks\Inc\ManifoldTask.h(15): warning:  #1295-D: Deprecated declaration manifoldUartRxCpltCallback - give arg types
  void manifoldUartRxCpltCallback();
..\Tasks\Inc\ManifoldTask.h(16): warning:  #1295-D: Deprecated declaration InitManifoldUart - give arg types
  void InitManifoldUart();
../Inc/includes.h(34): warning:  #1-D: last line of file ends without a newline
  #endif /* __INCLUDES_H */
..\Tasks\Src\RemoteTask.c: 8 warnings, 0 errors
compiling ShootTask.c...
../Inc/includes.h(34): warning:  #1-D: last line of file ends without a newline
  #endif /* __INCLUDES_H */
..\Tasks\Inc\RemoteTask.h(148): warning:  #1295-D: Deprecated declaration InitRemoteControl - give arg types
  void InitRemoteControl();
..\Tasks\Inc\RemoteTask.h(149): warning:  #1295-D: Deprecated declaration RemoteTaskInit - give arg types
  void RemoteTaskInit();
..\Tasks\Inc\IMUTask.h(146): warning:  #1295-D: Deprecated declaration IMURefresh - give arg types
  void IMURefresh();
..\Tasks\Inc\CANTask.h(60): warning:  #1295-D: Deprecated declaration InitCanReception - give arg types
  void InitCanReception();
..\Tasks\Inc\ManifoldTask.h(15): warning:  #1295-D: Deprecated declaration manifoldUartRxCpltCallback - give arg types
  void manifoldUartRxCpltCallback();
..\Tasks\Inc\ManifoldTask.h(16): warning:  #1295-D: Deprecated declaration InitManifoldUart - give arg types
  void InitManifoldUart();
../Inc/includes.h(34): warning:  #1-D: last line of file ends without a newline
  #endif /* __INCLUDES_H */
..\Tasks\Src\ShootTask.c: 8 warnings, 0 errors
compiling JudgeTask.c...
../Inc/includes.h(34): warning:  #1-D: last line of file ends without a newline
  #endif /* __INCLUDES_H */
..\Tasks\Inc\RemoteTask.h(148): warning:  #1295-D: Deprecated declaration InitRemoteControl - give arg types
  void InitRemoteControl();
..\Tasks\Inc\RemoteTask.h(149): warning:  #1295-D: Deprecated declaration RemoteTaskInit - give arg types
  void RemoteTaskInit();
..\Tasks\Inc\IMUTask.h(146): warning:  #1295-D: Deprecated declaration IMURefresh - give arg types
  void IMURefresh();
..\Tasks\Inc\CANTask.h(60): warning:  #1295-D: Deprecated declaration InitCanReception - give arg types
  void InitCanReception();
..\Tasks\Inc\ManifoldTask.h(15): warning:  #1295-D: Deprecated declaration manifoldUartRxCpltCallback - give arg types
  void manifoldUartRxCpltCallback();
..\Tasks\Inc\ManifoldTask.h(16): warning:  #1295-D: Deprecated declaration InitManifoldUart - give arg types
  void InitManifoldUart();
../Inc/includes.h(34): warning:  #1-D: last line of file ends without a newline
  #endif /* __INCLUDES_H */
..\Tasks\Src\JudgeTask.c: 8 warnings, 0 errors
compiling ManifoldTask.c...
../Inc/includes.h(34): warning:  #1-D: last line of file ends without a newline
  #endif /* __INCLUDES_H */
..\Tasks\Inc\RemoteTask.h(148): warning:  #1295-D: Deprecated declaration InitRemoteControl - give arg types
  void InitRemoteControl();
..\Tasks\Inc\RemoteTask.h(149): warning:  #1295-D: Deprecated declaration RemoteTaskInit - give arg types
  void RemoteTaskInit();
..\Tasks\Inc\IMUTask.h(146): warning:  #1295-D: Deprecated declaration IMURefresh - give arg types
  void IMURefresh();
..\Tasks\Inc\CANTask.h(60): warning:  #1295-D: Deprecated declaration InitCanReception - give arg types
  void InitCanReception();
..\Tasks\Inc\ManifoldTask.h(15): warning:  #1295-D: Deprecated declaration manifoldUartRxCpltCallback - give arg types
  void manifoldUartRxCpltCallback();
..\Tasks\Inc\ManifoldTask.h(16): warning:  #1295-D: Deprecated declaration InitManifoldUart - give arg types
  void InitManifoldUart();
../Inc/includes.h(34): warning:  #1-D: last line of file ends without a newline
  #endif /* __INCLUDES_H */
..\Tasks\Src\ManifoldTask.c(88): warning:  #1-D: last line of file ends without a newline
  }
..\Tasks\Src\ManifoldTask.c: 9 warnings, 0 errors
compiling UpperTask.c...
../Inc/includes.h(34): warning:  #1-D: last line of file ends without a newline
  #endif /* __INCLUDES_H */
..\Tasks\Inc\RemoteTask.h(148): warning:  #1295-D: Deprecated declaration InitRemoteControl - give arg types
  void InitRemoteControl();
..\Tasks\Inc\RemoteTask.h(149): warning:  #1295-D: Deprecated declaration RemoteTaskInit - give arg types
  void RemoteTaskInit();
..\Tasks\Inc\IMUTask.h(146): warning:  #1295-D: Deprecated declaration IMURefresh - give arg types
  void IMURefresh();
..\Tasks\Inc\CANTask.h(60): warning:  #1295-D: Deprecated declaration InitCanReception - give arg types
  void InitCanReception();
..\Tasks\Inc\ManifoldTask.h(15): warning:  #1295-D: Deprecated declaration manifoldUartRxCpltCallback - give arg types
  void manifoldUartRxCpltCallback();
..\Tasks\Inc\ManifoldTask.h(16): warning:  #1295-D: Deprecated declaration InitManifoldUart - give arg types
  void InitManifoldUart();
../Inc/includes.h(34): warning:  #1-D: last line of file ends without a newline
  #endif /* __INCLUDES_H */
..\Tasks\Src\UpperTask.c(227): warning:  #1-D: last line of file ends without a newline
  #endif
..\Tasks\Src\UpperTask.c: 9 warnings, 0 errors
compiling system_stm32f4xx.c...
compiling main.c...
../Inc/includes.h(34): warning:  #1-D: last line of file ends without a newline
  #endif /* __INCLUDES_H */
..\Tasks\Inc\RemoteTask.h(148): warning:  #1295-D: Deprecated declaration InitRemoteControl - give arg types
  void InitRemoteControl();
..\Tasks\Inc\RemoteTask.h(149): warning:  #1295-D: Deprecated declaration RemoteTaskInit - give arg types
  void RemoteTaskInit();
..\Tasks\Inc\IMUTask.h(146): warning:  #1295-D: Deprecated declaration IMURefresh - give arg types
  void IMURefresh();
..\Tasks\Inc\CANTask.h(60): warning:  #1295-D: Deprecated declaration InitCanReception - give arg types
  void InitCanReception();
..\Tasks\Inc\ManifoldTask.h(15): warning:  #1295-D: Deprecated declaration manifoldUartRxCpltCallback - give arg types
  void manifoldUartRxCpltCallback();
..\Tasks\Inc\ManifoldTask.h(16): warning:  #1295-D: Deprecated declaration InitManifoldUart - give arg types
  void InitManifoldUart();
../Inc/includes.h(34): warning:  #1-D: last line of file ends without a newline
  #endif /* __INCLUDES_H */
../Src/main.c: 8 warnings, 0 errors
compiling gpio.c...
compiling usart.c...
compiling stm32f4xx_it.c...
compiling stm32f4xx_hal_msp.c...
compiling dma.c...
compiling tim.c...
compiling can.c...
compiling spi.c...
assembling startup_stm32f427xx.s...
linking...
Program Size: Code=20408 RO-data=1280 RW-data=912 ZI-data=2368  
".\Engineer\Engineer.axf" - 0 Error(s), 85 Warning(s).

<h2>Software Packages used:</h2>

Package Vendor: ARM
                http://www.keil.com/pack/ARM.CMSIS.4.2.0.pack
                ARM::CMSIS:CORE:3.40.0
                CMSIS (Cortex Microcontroller Software Interface Standard)
   * Component: CORE Version: 3.40.0

<h2>Collection of Component include folders:</h2>
  D:\lenovo\Documents\GitHub\Engineer\MDK-ARM\RTE
  E:\Keil\main\ARM\PACK\ARM\CMSIS\4.2.0\CMSIS\Include
  E:\Keil\main\ARM\PACK\Keil\STM32F4xx_DFP\2.11.0

<h2>Collection of Component Files used:</h2>

   * Component: ARM::CMSIS:CORE:3.40.0
      Source file:   CMSIS\UserCodeTemplates\ARM\ITM_Retarget.c
</pre>
</body>
</html>
