Component: ARM Compiler 5.05 update 1 (build 106) Tool: armlink [4d0efa]

==============================================================================

Section Cross References

    stm32f4xx_hal_rcc_ex.o(i.HAL_RCCEx_PeriphCLKConfig) refers to stm32f4xx_hal.o(i.HAL_GetTick) for HAL_GetTick
    stm32f4xx_hal_rcc_ex.o(i.HAL_RCC_DeInit) refers to stm32f4xx_hal.o(i.HAL_GetTick) for HAL_GetTick
    stm32f4xx_hal_rcc_ex.o(i.HAL_RCC_DeInit) refers to stm32f4xx_hal.o(i.HAL_InitTick) for HAL_InitTick
    stm32f4xx_hal_rcc_ex.o(i.HAL_RCC_DeInit) refers to system_stm32f4xx.o(.data) for SystemCoreClock
    stm32f4xx_hal_tim_ex.o(i.HAL_TIMEx_ConfigCommutationEvent_DMA) refers to stm32f4xx_hal_tim_ex.o(i.TIMEx_DMACommutationCplt) for TIMEx_DMACommutationCplt
    stm32f4xx_hal_tim_ex.o(i.HAL_TIMEx_ConfigCommutationEvent_DMA) refers to stm32f4xx_hal_tim.o(i.TIM_DMAError) for TIM_DMAError
    stm32f4xx_hal_tim_ex.o(i.HAL_TIMEx_HallSensor_DeInit) refers to stm32f4xx_hal_tim_ex.o(i.HAL_TIMEx_HallSensor_MspDeInit) for HAL_TIMEx_HallSensor_MspDeInit
    stm32f4xx_hal_tim_ex.o(i.HAL_TIMEx_HallSensor_Init) refers to stm32f4xx_hal_tim_ex.o(i.HAL_TIMEx_HallSensor_MspInit) for HAL_TIMEx_HallSensor_MspInit
    stm32f4xx_hal_tim_ex.o(i.HAL_TIMEx_HallSensor_Init) refers to stm32f4xx_hal_tim.o(i.TIM_Base_SetConfig) for TIM_Base_SetConfig
    stm32f4xx_hal_tim_ex.o(i.HAL_TIMEx_HallSensor_Init) refers to stm32f4xx_hal_tim.o(i.TIM_TI1_SetConfig) for TIM_TI1_SetConfig
    stm32f4xx_hal_tim_ex.o(i.HAL_TIMEx_HallSensor_Init) refers to stm32f4xx_hal_tim.o(i.TIM_OC2_SetConfig) for TIM_OC2_SetConfig
    stm32f4xx_hal_tim_ex.o(i.HAL_TIMEx_HallSensor_Start) refers to stm32f4xx_hal_tim.o(i.TIM_CCxChannelCmd) for TIM_CCxChannelCmd
    stm32f4xx_hal_tim_ex.o(i.HAL_TIMEx_HallSensor_Start_DMA) refers to stm32f4xx_hal_tim.o(i.TIM_CCxChannelCmd) for TIM_CCxChannelCmd
    stm32f4xx_hal_tim_ex.o(i.HAL_TIMEx_HallSensor_Start_DMA) refers to stm32f4xx_hal_dma.o(i.HAL_DMA_Start_IT) for HAL_DMA_Start_IT
    stm32f4xx_hal_tim_ex.o(i.HAL_TIMEx_HallSensor_Start_DMA) refers to stm32f4xx_hal_tim.o(i.TIM_DMACaptureCplt) for TIM_DMACaptureCplt
    stm32f4xx_hal_tim_ex.o(i.HAL_TIMEx_HallSensor_Start_DMA) refers to stm32f4xx_hal_tim.o(i.TIM_DMAError) for TIM_DMAError
    stm32f4xx_hal_tim_ex.o(i.HAL_TIMEx_HallSensor_Start_IT) refers to stm32f4xx_hal_tim.o(i.TIM_CCxChannelCmd) for TIM_CCxChannelCmd
    stm32f4xx_hal_tim_ex.o(i.HAL_TIMEx_HallSensor_Stop) refers to stm32f4xx_hal_tim.o(i.TIM_CCxChannelCmd) for TIM_CCxChannelCmd
    stm32f4xx_hal_tim_ex.o(i.HAL_TIMEx_HallSensor_Stop_DMA) refers to stm32f4xx_hal_tim.o(i.TIM_CCxChannelCmd) for TIM_CCxChannelCmd
    stm32f4xx_hal_tim_ex.o(i.HAL_TIMEx_HallSensor_Stop_IT) refers to stm32f4xx_hal_tim.o(i.TIM_CCxChannelCmd) for TIM_CCxChannelCmd
    stm32f4xx_hal_tim_ex.o(i.HAL_TIMEx_OCN_Start) refers to stm32f4xx_hal_tim_ex.o(i.TIM_CCxNChannelCmd) for TIM_CCxNChannelCmd
    stm32f4xx_hal_tim_ex.o(i.HAL_TIMEx_OCN_Start_DMA) refers to stm32f4xx_hal_dma.o(i.HAL_DMA_Start_IT) for HAL_DMA_Start_IT
    stm32f4xx_hal_tim_ex.o(i.HAL_TIMEx_OCN_Start_DMA) refers to stm32f4xx_hal_tim_ex.o(i.TIM_CCxNChannelCmd) for TIM_CCxNChannelCmd
    stm32f4xx_hal_tim_ex.o(i.HAL_TIMEx_OCN_Start_DMA) refers to stm32f4xx_hal_tim.o(i.TIM_DMADelayPulseCplt) for TIM_DMADelayPulseCplt
    stm32f4xx_hal_tim_ex.o(i.HAL_TIMEx_OCN_Start_DMA) refers to stm32f4xx_hal_tim.o(i.TIM_DMAError) for TIM_DMAError
    stm32f4xx_hal_tim_ex.o(i.HAL_TIMEx_OCN_Start_IT) refers to stm32f4xx_hal_tim_ex.o(i.TIM_CCxNChannelCmd) for TIM_CCxNChannelCmd
    stm32f4xx_hal_tim_ex.o(i.HAL_TIMEx_OCN_Stop) refers to stm32f4xx_hal_tim_ex.o(i.TIM_CCxNChannelCmd) for TIM_CCxNChannelCmd
    stm32f4xx_hal_tim_ex.o(i.HAL_TIMEx_OCN_Stop_DMA) refers to stm32f4xx_hal_tim_ex.o(i.TIM_CCxNChannelCmd) for TIM_CCxNChannelCmd
    stm32f4xx_hal_tim_ex.o(i.HAL_TIMEx_OCN_Stop_IT) refers to stm32f4xx_hal_tim_ex.o(i.TIM_CCxNChannelCmd) for TIM_CCxNChannelCmd
    stm32f4xx_hal_tim_ex.o(i.HAL_TIMEx_OnePulseN_Start) refers to stm32f4xx_hal_tim_ex.o(i.TIM_CCxNChannelCmd) for TIM_CCxNChannelCmd
    stm32f4xx_hal_tim_ex.o(i.HAL_TIMEx_OnePulseN_Start_IT) refers to stm32f4xx_hal_tim_ex.o(i.TIM_CCxNChannelCmd) for TIM_CCxNChannelCmd
    stm32f4xx_hal_tim_ex.o(i.HAL_TIMEx_OnePulseN_Stop) refers to stm32f4xx_hal_tim_ex.o(i.TIM_CCxNChannelCmd) for TIM_CCxNChannelCmd
    stm32f4xx_hal_tim_ex.o(i.HAL_TIMEx_OnePulseN_Stop_IT) refers to stm32f4xx_hal_tim_ex.o(i.TIM_CCxNChannelCmd) for TIM_CCxNChannelCmd
    stm32f4xx_hal_tim_ex.o(i.HAL_TIMEx_PWMN_Start) refers to stm32f4xx_hal_tim_ex.o(i.TIM_CCxNChannelCmd) for TIM_CCxNChannelCmd
    stm32f4xx_hal_tim_ex.o(i.HAL_TIMEx_PWMN_Start_DMA) refers to stm32f4xx_hal_dma.o(i.HAL_DMA_Start_IT) for HAL_DMA_Start_IT
    stm32f4xx_hal_tim_ex.o(i.HAL_TIMEx_PWMN_Start_DMA) refers to stm32f4xx_hal_tim_ex.o(i.TIM_CCxNChannelCmd) for TIM_CCxNChannelCmd
    stm32f4xx_hal_tim_ex.o(i.HAL_TIMEx_PWMN_Start_DMA) refers to stm32f4xx_hal_tim.o(i.TIM_DMADelayPulseCplt) for TIM_DMADelayPulseCplt
[...]
    i.MX_DMA_Init                            0x08003d88   Section        0  dma.o(i.MX_DMA_Init)
    i.MX_GPIO_Init                           0x08003df4   Section        0  gpio.o(i.MX_GPIO_Init)
    i.MX_SPI5_Init                           0x08003ee8   Section        0  spi.o(i.MX_SPI5_Init)
    i.MX_TIM10_Init                          0x08003f44   Section        0  tim.o(i.MX_TIM10_Init)
    i.MX_TIM12_Init                          0x08003f8c   Section        0  tim.o(i.MX_TIM12_Init)
    i.MX_TIM6_Init                           0x08004034   Section        0  tim.o(i.MX_TIM6_Init)
    i.MX_TIM7_Init                           0x0800408c   Section        0  tim.o(i.MX_TIM7_Init)
    i.MX_USART1_UART_Init                    0x080040e4   Section        0  usart.o(i.MX_USART1_UART_Init)
    i.MX_USART2_UART_Init                    0x0800413c   Section        0  usart.o(i.MX_USART2_UART_Init)
    i.MX_USART3_UART_Init                    0x08004188   Section        0  usart.o(i.MX_USART3_UART_Init)
    i.MX_USART6_UART_Init                    0x080041d4   Section        0  usart.o(i.MX_USART6_UART_Init)
    i.MemManage_Handler                      0x08004220   Section        0  stm32f4xx_it.o(i.MemManage_Handler)
    i.MouseKeyControlProcess                 0x08004224   Section        0  remotetask.o(i.MouseKeyControlProcess)
    i.NMI_Handler                            0x08004330   Section        0  stm32f4xx_it.o(i.NMI_Handler)
    i.NVIC_SetPriority                       0x08004332   Section        0  stm32f4xx_hal_cortex.o(i.NVIC_SetPriority)
    NVIC_SetPriority                         0x08004333   Thumb Code    32  stm32f4xx_hal_cortex.o(i.NVIC_SetPriority)
    i.PID_PROCESS_Double                     0x08004352   Section        0  pid_regulator.o(i.PID_PROCESS_Double)
    i.PendSV_Handler                         0x0800439a   Section        0  stm32f4xx_it.o(i.PendSV_Handler)
    i.RemoteControlProcess                   0x0800439c   Section        0  remotetask.o(i.RemoteControlProcess)
    i.RemoteDataProcess                      0x08004608   Section        0  remotetask.o(i.RemoteDataProcess)
    i.RemoteTaskInit                         0x080046f0   Section        0  remotetask.o(i.RemoteTaskInit)
    i.SPI_CheckFlag_BSY                      0x08004750   Section        0  stm32f4xx_hal_spi.o(i.SPI_CheckFlag_BSY)
    SPI_CheckFlag_BSY                        0x08004751   Thumb Code    32  stm32f4xx_hal_spi.o(i.SPI_CheckFlag_BSY)
    i.SPI_WaitFlagStateUntilTimeout          0x08004770   Section        0  stm32f4xx_hal_spi.o(i.SPI_WaitFlagStateUntilTimeout)
    SPI_WaitFlagStateUntilTimeout            0x08004771   Thumb Code   150  stm32f4xx_hal_spi.o(i.SPI_WaitFlagStateUntilTimeout)
    i.SVC_Handler                            0x08004806   Section        0  stm32f4xx_it.o(i.SVC_Handler)
    i.StandardlizeAMRealAngle                0x08004808   Section        0  amcontroltask.o(i.StandardlizeAMRealAngle)
    i.SysTick_Handler                        0x080048a8   Section        0  stm32f4xx_it.o(i.SysTick_Handler)
    i.SystemClock_Config                     0x080048b8   Section        0  main.o(i.SystemClock_Config)
    i.SystemInit                             0x08004958   Section        0  system_stm32f4xx.o(i.SystemInit)
    i.TIM1_UP_TIM10_IRQHandler               0x080049ac   Section        0  stm32f4xx_it.o(i.TIM1_UP_TIM10_IRQHandler)
    i.TIM6_DAC_IRQHandler                    0x080049b8   Section        0  stm32f4xx_it.o(i.TIM6_DAC_IRQHandler)
    i.TIM7_IRQHandler                        0x080049c4   Section        0  stm32f4xx_it.o(i.TIM7_IRQHandler)
    i.TIM_Base_SetConfig                     0x080049d0   Section        0  stm32f4xx_hal_tim.o(i.TIM_Base_SetConfig)
    i.TIM_CCxChannelCmd                      0x08004a90   Section        0  stm32f4xx_hal_tim.o(i.TIM_CCxChannelCmd)
    i.TIM_ETR_SetConfig                      0x08004aa6   Section        0  stm32f4xx_hal_tim.o(i.TIM_ETR_SetConfig)
    TIM_ETR_SetConfig                        0x08004aa7   Thumb Code    20  stm32f4xx_hal_tim.o(i.TIM_ETR_SetConfig)
    i.TIM_ITRx_SetConfig                     0x08004aba   Section        0  stm32f4xx_hal_tim.o(i.TIM_ITRx_SetConfig)
    TIM_ITRx_SetConfig                       0x08004abb   Thumb Code    16  stm32f4xx_hal_tim.o(i.TIM_ITRx_SetConfig)
    i.TIM_OC1_SetConfig                      0x08004acc   Section        0  stm32f4xx_hal_tim.o(i.TIM_OC1_SetConfig)
    TIM_OC1_SetConfig                        0x08004acd   Thumb Code    80  stm32f4xx_hal_tim.o(i.TIM_OC1_SetConfig)
    i.TIM_OC2_SetConfig                      0x08004b24   Section        0  stm32f4xx_hal_tim.o(i.TIM_OC2_SetConfig)
    i.TIM_OC3_SetConfig                      0x08004b88   Section        0  stm32f4xx_hal_tim.o(i.TIM_OC3_SetConfig)
    TIM_OC3_SetConfig                        0x08004b89   Thumb Code    88  stm32f4xx_hal_tim.o(i.TIM_OC3_SetConfig)
    i.TIM_OC4_SetConfig                      0x08004be8   Section        0  stm32f4xx_hal_tim.o(i.TIM_OC4_SetConfig)
    TIM_OC4_SetConfig                        0x08004be9   Thumb Code    70  stm32f4xx_hal_tim.o(i.TIM_OC4_SetConfig)
    i.TIM_TI1_ConfigInputStage               0x08004c38   Section        0  stm32f4xx_hal_tim.o(i.TIM_TI1_ConfigInputStage)
    TIM_TI1_ConfigInputStage                 0x08004c39   Thumb Code    34  stm32f4xx_hal_tim.o(i.TIM_TI1_ConfigInputStage)
    i.TIM_TI2_ConfigInputStage               0x08004c5a   Section        0  stm32f4xx_hal_tim.o(i.TIM_TI2_ConfigInputStage)
    TIM_TI2_ConfigInputStage                 0x08004c5b   Thumb Code    36  stm32f4xx_hal_tim.o(i.TIM_TI2_ConfigInputStage)
    i.UART_DMAAbortOnError                   0x08004c7e   Section        0  stm32f4xx_hal_uart.o(i.UART_DMAAbortOnError)
    UART_DMAAbortOnError                     0x08004c7f   Thumb Code    16  stm32f4xx_hal_uart.o(i.UART_DMAAbortOnError)
    i.UART_DMAError                          0x08004c8e   Section        0  stm32f4xx_hal_uart.o(i.UART_DMAError)
    UART_DMAError                            0x08004c8f   Thumb Code    74  stm32f4xx_hal_uart.o(i.UART_DMAError)
    i.UART_DMAReceiveCplt                    0x08004cd8   Section        0  stm32f4xx_hal_uart.o(i.UART_DMAReceiveCplt)
    UART_DMAReceiveCplt                      0x08004cd9   Thumb Code    60  stm32f4xx_hal_uart.o(i.UART_DMAReceiveCplt)
    i.UART_DMARxHalfCplt                     0x08004d14   Section        0  stm32f4xx_hal_uart.o(i.UART_DMARxHalfCplt)
    UART_DMARxHalfCplt                       0x08004d15   Thumb Code    10  stm32f4xx_hal_uart.o(i.UART_DMARxHalfCplt)
    i.UART_EndRxTransfer                     0x08004d1e   Section        0  stm32f4xx_hal_uart.o(i.UART_EndRxTransfer)
    UART_EndRxTransfer                       0x08004d1f   Thumb Code    28  stm32f4xx_hal_uart.o(i.UART_EndRxTransfer)
    i.UART_EndTxTransfer                     0x08004d3a   Section        0  stm32f4xx_hal_uart.o(i.UART_EndTxTransfer)
    UART_EndTxTransfer                       0x08004d3b   Thumb Code    18  stm32f4xx_hal_uart.o(i.UART_EndTxTransfer)
    i.UART_Receive_IT                        0x08004d4c   Section        0  stm32f4xx_hal_uart.o(i.UART_Receive_IT)
    UART_Receive_IT                          0x08004d4d   Thumb Code   140  stm32f4xx_hal_uart.o(i.UART_Receive_IT)
    i.UART_SetConfig                         0x08004dd8   Section        0  stm32f4xx_hal_uart.o(i.UART_SetConfig)
    UART_SetConfig                           0x08004dd9   Thumb Code   676  stm32f4xx_hal_uart.o(i.UART_SetConfig)
    i.UART_Transmit_IT                       0x08005084   Section        0  stm32f4xx_hal_uart.o(i.UART_Transmit_IT)
    UART_Transmit_IT                         0x08005085   Thumb Code    98  stm32f4xx_hal_uart.o(i.UART_Transmit_IT)
    i.UART_WaitOnFlagUntilTimeout            0x080050e6   Section        0  stm32f4xx_hal_uart.o(i.UART_WaitOnFlagUntilTimeout)
    UART_WaitOnFlagUntilTimeout              0x080050e7   Thumb Code   100  stm32f4xx_hal_uart.o(i.UART_WaitOnFlagUntilTimeout)
    i.USART1_IRQHandler                      0x0800514c   Section        0  stm32f4xx_it.o(i.USART1_IRQHandler)
    i.USART2_IRQHandler                      0x08005158   Section        0  stm32f4xx_it.o(i.USART2_IRQHandler)
    i.USART3_IRQHandler                      0x08005164   Section        0  stm32f4xx_it.o(i.USART3_IRQHandler)
    i.USART6_IRQHandler                      0x08005170   Section        0  stm32f4xx_it.o(i.USART6_IRQHandler)
    i.UsageFault_Handler                     0x0800517c   Section        0  stm32f4xx_it.o(i.UsageFault_Handler)
    i.WorkStateFSM                           0x08005180   Section        0  controltask.o(i.WorkStateFSM)
    i._Error_Handler                         0x08005230   Section        0  main.o(i._Error_Handler)
    i.__0printf$3                            0x08005234   Section        0  printf3.o(i.__0printf$3)
    i.__scatterload_copy                     0x08005254   Section       14  handlers.o(i.__scatterload_copy)
    i.__scatterload_null                     0x08005262   Section        2  handlers.o(i.__scatterload_null)
    i.__scatterload_zeroinit                 0x08005264   Section       14  handlers.o(i.__scatterload_zeroinit)
    i._printf_core                           0x08005274   Section        0  printf3.o(i._printf_core)
    _printf_core                             0x08005275   Thumb Code   436  printf3.o(i._printf_core)
    i.controlLoop                            0x0800542c   Section        0  controltask.o(i.controlLoop)
    i.ctrlUartInit                           0x08005464   Section        0  uppertask.o(i.ctrlUartInit)
    i.ctrlUartRxCpltCallback                 0x080054c0   Section        0  uppertask.o(i.ctrlUartRxCpltCallback)
    i.dataCallBack                           0x08005528   Section        0  uppertask.o(i.dataCallBack)
    i.fputc                                  0x0800558c   Section        0  manifoldtask.o(i.fputc)
    i.fw_PID_Calc                            0x080055a4   Section        0  pid_regulator.o(i.fw_PID_Calc)
    i.fw_PID_Reset                           0x080056c8   Section        0  pid_regulator.o(i.fw_PID_Reset)
    i.judgeUartRxCpltCallback                0x080056cc   Section        0  judgetask.o(i.judgeUartRxCpltCallback)
    i.main                                   0x08005768   Section        0  main.o(i.main)
    i.myGet_CRC16_Check_Sum                  0x08005868   Section        0  judgetask.o(i.myGet_CRC16_Check_Sum)
    i.myGet_CRC8_Check_Sum                   0x08005894   Section        0  judgetask.o(i.myGet_CRC8_Check_Sum)
    i.myVerify_CRC16_Check_Sum               0x080058b0   Section        0  judgetask.o(i.myVerify_CRC16_Check_Sum)
    i.myVerify_CRC8_Check_Sum                0x080058e4   Section        0  judgetask.o(i.myVerify_CRC8_Check_Sum)
    i.setCMMotor                             0x0800590c   Section        0  controltask.o(i.setCMMotor)
    i.setSeldomAMMotor                       0x080059e8   Section        0  amcontroltask.o(i.setSeldomAMMotor)
    i.setUsalAMMotor                         0x08005acc   Section        0  amcontroltask.o(i.setUsalAMMotor)
    i.vice_controlLoop                       0x08005bc8   Section        0  amcontroltask.o(i.vice_controlLoop)
    i.zykReceiveData                         0x08005bf8   Section        0  uppertask.o(i.zykReceiveData)
    .constdata                               0x08005c4c   Section        8  stm32f4xx_hal_dma.o(.constdata)
    flagBitshiftOffset                       0x08005c4c   Data           8  stm32f4xx_hal_dma.o(.constdata)
    .constdata                               0x08005c54   Section       20  imutask.o(.constdata)
    .constdata                               0x08005c68   Section      768  judgetask.o(.constdata)
    .constdata                               0x08005f68   Section       16  system_stm32f4xx.o(.constdata)
    .constdata                               0x08005f78   Section        8  system_stm32f4xx.o(.constdata)
    .data                                    0x20000000   Section        4  stm32f4xx_hal.o(.data)
    .data                                    0x20000004   Section       40  cantask.o(.data)
    .data                                    0x2000002c   Section        1  cantask.o(.data)
    .data                                    0x20000030   Section      412  controltask.o(.data)
    .data                                    0x200001d0   Section      832  amcontroltask.o(.data)
    AMUD1FirstEnter                          0x200001d0   Data           1  amcontroltask.o(.data)
    AMUD2FirstEnter                          0x200001d1   Data           1  amcontroltask.o(.data)
    AMFBFirstEnter                           0x200001d2   Data           1  amcontroltask.o(.data)
    AMSIDEFirstEnter                         0x200001d3   Data           1  amcontroltask.o(.data)
    WINDFirstEnter                           0x200001d4   Data           1  amcontroltask.o(.data)
    s_AMUD1Count                             0x200001d5   Data           1  amcontroltask.o(.data)
    s_AMUD2Count                             0x200001d6   Data           1  amcontroltask.o(.data)
    s_AMFBCount                              0x200001d7   Data           1  amcontroltask.o(.data)
    s_AMSIDECount                            0x200001d8   Data           1  amcontroltask.o(.data)
    s_WINDCount                              0x200001d9   Data           1  amcontroltask.o(.data)
    .data                                    0x20000510   Section       20  imutask.o(.data)
    MPU_Rx                                   0x20000511   Data           1  imutask.o(.data)
    MPU_Tx                                   0x20000512   Data           1  imutask.o(.data)
    MPU_Rx                                   0x20000513   Data           1  imutask.o(.data)
    MPU_Tx                                   0x20000514   Data           1  imutask.o(.data)
    .data                                    0x20000528   Section       72  remotetask.o(.data)
    forward_back_speed                       0x20000534   Data           2  remotetask.o(.data)
    left_right_speed                         0x20000536   Data           2  remotetask.o(.data)
    switch_cnt                               0x20000538   Data           4  remotetask.o(.data)
    .data                                    0x20000570   Section        1  remotetask.o(.data)
    .data                                    0x20000571   Section        1  remotetask.o(.data)
    .data                                    0x20000574   Section       36  shoottask.o(.data)
    .data                                    0x20000598   Section       36  shoottask.o(.data)
    .data                                    0x200005bc   Section        4  judgetask.o(.data)
    .data                                    0x200005c0   Section        6  uppertask.o(.data)
    pcnt                                     0x200005c4   Data           2  uppertask.o(.data)
    .data                                    0x200005c8   Section        4  system_stm32f4xx.o(.data)
    .data                                    0x200005cc   Section        4  can.o(.data)
    HAL_RCC_CAN1_CLK_ENABLED                 0x200005cc   Data           4  can.o(.data)
    .data                                    0x200005d0   Section        4  stdout.o(.data)
    .bss                                     0x200005d4   Section       72  cantask.o(.bss)
    .bss                                     0x2000061c   Section       40  imutask.o(.bss)
    .bss                                     0x20000644   Section       63  remotetask.o(.bss)
    .bss                                     0x20000684   Section       64  judgetask.o(.bss)
    .bss                                     0x200006c4   Section     1024  uppertask.o(.bss)
    .bss                                     0x20000ac4   Section      640  usart.o(.bss)
    .bss                                     0x20000d44   Section      240  tim.o(.bss)
    .bss                                     0x20000e34   Section      136  can.o(.bss)
    .bss                                     0x20000ebc   Section       88  spi.o(.bss)
    STACK                                    0x20000f18   Section     1024  startup_stm32f427xx.o(STACK)

    Global Symbols

    Symbol Name                              Value     Ov Type        Size  Object(Section)

    BuildAttributes$$THM_ISAv4$E$P$D$K$B$S$7EM$VFPi3$EXTD16$VFPS$VFMA$PE$A:L22UL41UL21$X:L11$S22US41US21$IEEE1$IW$USESV6$~STKCKD$USESV7$~SHL$OTIME$ROPI$EBA8$MICROLIB$REQ8$PRES8$EABIv2 0x00000000   Number         0  anon$$obj.o ABSOLUTE
    __ARM_use_no_argv                        0x00000000   Number         0  main.o ABSOLUTE
    _printf_a                                0x00000000   Number         0  stubs.o ABSOLUTE
    _printf_c                                0x00000000   Number         0  stubs.o ABSOLUTE
    _printf_charcount                        0x00000000   Number         0  stubs.o ABSOLUTE
    _printf_d                                0x00000000   Number         0  stubs.o ABSOLUTE
    _printf_e                                0x00000000   Number         0  stubs.o ABSOLUTE
    _printf_f                                0x00000000   Number         0  stubs.o ABSOLUTE
    _printf_flags                            0x00000000   Number         0  stubs.o ABSOLUTE
    _printf_fp_dec                           0x00000000   Number         0  stubs.o ABSOLUTE
    _printf_fp_hex                           0x00000000   Number         0  stubs.o ABSOLUTE
    _printf_g                                0x00000000   Number         0  stubs.o ABSOLUTE
    _printf_i                                0x00000000   Number         0  stubs.o ABSOLUTE
    _printf_int_dec                          0x00000000   Number         0  stubs.o ABSOLUTE
    _printf_l                                0x00000000   Number         0  stubs.o ABSOLUTE
    _printf_lc                               0x00000000   Number         0  stubs.o ABSOLUTE
    _printf_ll                               0x00000000   Number         0  stubs.o ABSOLUTE
    _printf_lld                              0x00000000   Number         0  stubs.o ABSOLUTE
    _printf_lli                              0x00000000   Number         0  stubs.o ABSOLUTE
    _printf_llo                              0x00000000   Number         0  stubs.o ABSOLUTE
    _printf_llu                              0x00000000   Number         0  stubs.o ABSOLUTE
    _printf_llx                              0x00000000   Number         0  stubs.o ABSOLUTE
    _printf_longlong_dec                     0x00000000   Number         0  stubs.o ABSOLUTE
    _printf_longlong_hex                     0x00000000   Number         0  stubs.o ABSOLUTE
    _printf_longlong_oct                     0x00000000   Number         0  stubs.o ABSOLUTE
    _printf_ls                               0x00000000   Number         0  stubs.o ABSOLUTE
    _printf_mbtowc                           0x00000000   Number         0  stubs.o ABSOLUTE
    _printf_n                                0x00000000   Number         0  stubs.o ABSOLUTE
    _printf_o                                0x00000000   Number         0  stubs.o ABSOLUTE
    _printf_p                                0x00000000   Number         0  stubs.o ABSOLUTE
    _printf_percent                          0x00000000   Number         0  stubs.o ABSOLUTE
    _printf_pre_padding                      0x00000000   Number         0  stubs.o ABSOLUTE
    _printf_return_value                     0x00000000   Number         0  stubs.o ABSOLUTE
    _printf_s                                0x00000000   Number         0  stubs.o ABSOLUTE
    _printf_sizespec                         0x00000000   Number         0  stubs.o ABSOLUTE
    _printf_str                              0x00000000   Number         0  stubs.o ABSOLUTE
    _printf_truncate_signed                  0x00000000   Number         0  stubs.o ABSOLUTE
    _printf_truncate_unsigned                0x00000000   Number         0  stubs.o ABSOLUTE
    _printf_u                                0x00000000   Number         0  stubs.o ABSOLUTE
    _printf_wc                               0x00000000   Number         0  stubs.o ABSOLUTE
    _printf_wctomb                           0x00000000   Number         0  stubs.o ABSOLUTE
    _printf_widthprec                        0x00000000   Number         0  stubs.o ABSOLUTE
    _printf_x                                0x00000000   Number         0  stubs.o ABSOLUTE
    __cpp_initialize__aeabi_                  - Undefined Weak Reference
    __cxa_finalize                            - Undefined Weak Reference
    _clock_init                               - Undefined Weak Reference
    _microlib_exit                            - Undefined Weak Reference
    __Vectors_Size                           0x000001ac   Number         0  startup_stm32f427xx.o ABSOLUTE
    __Vectors                                0x08000000   Data           4  startup_stm32f427xx.o(RESET)
    __Vectors_End                            0x080001ac   Data           0  startup_stm32f427xx.o(RESET)
    __main                                   0x080001ad   Thumb Code     0  entry.o(.ARM.Collect$$$$00000000)
    _main_stk                                0x080001ad   Thumb Code     0  entry2.o(.ARM.Collect$$$$00000001)
    _main_scatterload                        0x080001b1   Thumb Code     0  entry5.o(.ARM.Collect$$$$00000004)
    __main_after_scatterload                 0x080001b5   Thumb Code     0  entry5.o(.ARM.Collect$$$$00000004)
    _main_clock                              0x080001b5   Thumb Code     0  entry7b.o(.ARM.Collect$$$$00000008)
    _main_cpp_init                           0x080001b5   Thumb Code     0  entry8b.o(.ARM.Collect$$$$0000000A)
    _main_init                               0x080001b5   Thumb Code     0  entry9a.o(.ARM.Collect$$$$0000000B)
    __rt_final_cpp                           0x080001bd   Thumb Code     0  entry10a.o(.ARM.Collect$$$$0000000D)
    __rt_final_exit                          0x080001bd   Thumb Code     0  entry11a.o(.ARM.Collect$$$$0000000F)
    Reset_Handler                            0x080001c1   Thumb Code     8  startup_stm32f427xx.o(.text)
    ADC_IRQHandler                           0x080001db   Thumb Code     0  startup_stm32f427xx.o(.text)
    CAN1_RX1_IRQHandler                      0x080001db   Thumb Code     0  startup_stm32f427xx.o(.text)
    CAN1_SCE_IRQHandler                      0x080001db   Thumb Code     0  startup_stm32f427xx.o(.text)
    CAN2_RX1_IRQHandler                      0x080001db   Thumb Code     0  startup_stm32f427xx.o(.text)
    CAN2_SCE_IRQHandler                      0x080001db   Thumb Code     0  startup_stm32f427xx.o(.text)
    DCMI_IRQHandler                          0x080001db   Thumb Code     0  startup_stm32f427xx.o(.text)
    DMA1_Stream0_IRQHandler                  0x080001db   Thumb Code     0  startup_stm32f427xx.o(.text)
    DMA1_Stream2_IRQHandler                  0x080001db   Thumb Code     0  startup_stm32f427xx.o(.text)
    DMA1_Stream3_IRQHandler                  0x080001db   Thumb Code     0  startup_stm32f427xx.o(.text)
    DMA1_Stream4_IRQHandler                  0x080001db   Thumb Code     0  startup_stm32f427xx.o(.text)
    DMA1_Stream6_IRQHandler                  0x080001db   Thumb Code     0  startup_stm32f427xx.o(.text)
    DMA1_Stream7_IRQHandler                  0x080001db   Thumb Code     0  startup_stm32f427xx.o(.text)
    DMA2D_IRQHandler                         0x080001db   Thumb Code     0  startup_stm32f427xx.o(.text)
    DMA2_Stream0_IRQHandler                  0x080001db   Thumb Code     0  startup_stm32f427xx.o(.text)
    DMA2_Stream3_IRQHandler                  0x080001db   Thumb Code     0  startup_stm32f427xx.o(.text)
    DMA2_Stream4_IRQHandler                  0x080001db   Thumb Code     0  startup_stm32f427xx.o(.text)
    DMA2_Stream5_IRQHandler                  0x080001db   Thumb Code     0  startup_stm32f427xx.o(.text)
    DMA2_Stream6_IRQHandler                  0x080001db   Thumb Code     0  startup_stm32f427xx.o(.text)
    DMA2_Stream7_IRQHandler                  0x080001db   Thumb Code     0  startup_stm32f427xx.o(.text)
    ETH_IRQHandler                           0x080001db   Thumb Code     0  startup_stm32f427xx.o(.text)
    ETH_WKUP_IRQHandler                      0x080001db   Thumb Code     0  startup_stm32f427xx.o(.text)
    EXTI0_IRQHandler                         0x080001db   Thumb Code     0  startup_stm32f427xx.o(.text)
    EXTI15_10_IRQHandler                     0x080001db   Thumb Code     0  startup_stm32f427xx.o(.text)
    EXTI1_IRQHandler                         0x080001db   Thumb Code     0  startup_stm32f427xx.o(.text)
    EXTI2_IRQHandler                         0x080001db   Thumb Code     0  startup_stm32f427xx.o(.text)
    EXTI3_IRQHandler                         0x080001db   Thumb Code     0  startup_stm32f427xx.o(.text)
    EXTI4_IRQHandler                         0x080001db   Thumb Code     0  startup_stm32f427xx.o(.text)
    EXTI9_5_IRQHandler                       0x080001db   Thumb Code     0  startup_stm32f427xx.o(.text)
    FLASH_IRQHandler                         0x080001db   Thumb Code     0  startup_stm32f427xx.o(.text)
    FMC_IRQHandler                           0x080001db   Thumb Code     0  startup_stm32f427xx.o(.text)
    FPU_IRQHandler                           0x080001db   Thumb Code     0  startup_stm32f427xx.o(.text)
    HASH_RNG_IRQHandler                      0x080001db   Thumb Code     0  startup_stm32f427xx.o(.text)
    I2C1_ER_IRQHandler                       0x080001db   Thumb Code     0  startup_stm32f427xx.o(.text)
    I2C1_EV_IRQHandler                       0x080001db   Thumb Code     0  startup_stm32f427xx.o(.text)
    I2C2_ER_IRQHandler                       0x080001db   Thumb Code     0  startup_stm32f427xx.o(.text)
    I2C2_EV_IRQHandler                       0x080001db   Thumb Code     0  startup_stm32f427xx.o(.text)
    I2C3_ER_IRQHandler                       0x080001db   Thumb Code     0  startup_stm32f427xx.o(.text)
    I2C3_EV_IRQHandler                       0x080001db   Thumb Code     0  startup_stm32f427xx.o(.text)
    OTG_FS_IRQHandler                        0x080001db   Thumb Code     0  startup_stm32f427xx.o(.text)
    OTG_FS_WKUP_IRQHandler                   0x080001db   Thumb Code     0  startup_stm32f427xx.o(.text)
    OTG_HS_EP1_IN_IRQHandler                 0x080001db   Thumb Code     0  startup_stm32f427xx.o(.text)
    OTG_HS_EP1_OUT_IRQHandler                0x080001db   Thumb Code     0  startup_stm32f427xx.o(.text)
    OTG_HS_IRQHandler                        0x080001db   Thumb Code     0  startup_stm32f427xx.o(.text)
    OTG_HS_WKUP_IRQHandler                   0x080001db   Thumb Code     0  startup_stm32f427xx.o(.text)
    PVD_IRQHandler                           0x080001db   Thumb Code     0  startup_stm32f427xx.o(.text)
    RCC_IRQHandler                           0x080001db   Thumb Code     0  startup_stm32f427xx.o(.text)
    RTC_Alarm_IRQHandler                     0x080001db   Thumb Code     0  startup_stm32f427xx.o(.text)
    RTC_WKUP_IRQHandler                      0x080001db   Thumb Code     0  startup_stm32f427xx.o(.text)
    SAI1_IRQHandler                          0x080001db   Thumb Code     0  startup_stm32f427xx.o(.text)
    SDIO_IRQHandler                          0x080001db   Thumb Code     0  startup_stm32f427xx.o(.text)
    SPI1_IRQHandler                          0x080001db   Thumb Code     0  startup_stm32f427xx.o(.text)
    SPI2_IRQHandler                          0x080001db   Thumb Code     0  startup_stm32f427xx.o(.text)
    SPI3_IRQHandler                          0x080001db   Thumb Code     0  startup_stm32f427xx.o(.text)
    SPI4_IRQHandler                          0x080001db   Thumb Code     0  startup_stm32f427xx.o(.text)
    SPI5_IRQHandler                          0x080001db   Thumb Code     0  startup_stm32f427xx.o(.text)
    SPI6_IRQHandler                          0x080001db   Thumb Code     0  startup_stm32f427xx.o(.text)
    TAMP_STAMP_IRQHandler                    0x080001db   Thumb Code     0  startup_stm32f427xx.o(.text)
    TIM1_BRK_TIM9_IRQHandler                 0x080001db   Thumb Code     0  startup_stm32f427xx.o(.text)
    TIM1_CC_IRQHandler                       0x080001db   Thumb Code     0  startup_stm32f427xx.o(.text)
    TIM1_TRG_COM_TIM11_IRQHandler            0x080001db   Thumb Code     0  startup_stm32f427xx.o(.text)
    TIM2_IRQHandler                          0x080001db   Thumb Code     0  startup_stm32f427xx.o(.text)
    TIM3_IRQHandler                          0x080001db   Thumb Code     0  startup_stm32f427xx.o(.text)
    TIM4_IRQHandler                          0x080001db   Thumb Code     0  startup_stm32f427xx.o(.text)
    TIM5_IRQHandler                          0x080001db   Thumb Code     0  startup_stm32f427xx.o(.text)
    TIM8_BRK_TIM12_IRQHandler                0x080001db   Thumb Code     0  startup_stm32f427xx.o(.text)
    TIM8_CC_IRQHandler                       0x080001db   Thumb Code     0  startup_stm32f427xx.o(.text)
    TIM8_TRG_COM_TIM14_IRQHandler            0x080001db   Thumb Code     0  startup_stm32f427xx.o(.text)
    TIM8_UP_TIM13_IRQHandler                 0x080001db   Thumb Code     0  startup_stm32f427xx.o(.text)
    UART4_IRQHandler                         0x080001db   Thumb Code     0  startup_stm32f427xx.o(.text)
    UART5_IRQHandler                         0x080001db   Thumb Code     0  startup_stm32f427xx.o(.text)
    UART7_IRQHandler                         0x080001db   Thumb Code     0  startup_stm32f427xx.o(.text)
    UART8_IRQHandler                         0x080001db   Thumb Code     0  startup_stm32f427xx.o(.text)
    WWDG_IRQHandler                          0x080001db   Thumb Code     0  startup_stm32f427xx.o(.text)
    RampInit                                 0x080001e5   Thumb Code     8  ramp.o(.text)
    RampCalc                                 0x080001ed   Thumb Code    66  ramp.o(.text)
    RampSetCounter                           0x0800022f   Thumb Code     4  ramp.o(.text)
    RampResetCounter                         0x08000233   Thumb Code     6  ramp.o(.text)
    RampSetScale                             0x08000239   Thumb Code     4  ramp.o(.text)
    RampIsOverflow                           0x0800023d   Thumb Code    18  ramp.o(.text)
    PID_Reset                                0x08000255   Thumb Code    50  pid_regulator.o(.text)
    PID_Calc                                 0x08000287   Thumb Code   234  pid_regulator.o(.text)
    __aeabi_uldivmod                         0x08000375   Thumb Code    98  uldiv.o(.text)
    __aeabi_memcpy                           0x080003d7   Thumb Code    36  memcpya.o(.text)
    __aeabi_memcpy4                          0x080003d7   Thumb Code     0  memcpya.o(.text)
    __aeabi_memcpy8                          0x080003d7   Thumb Code     0  memcpya.o(.text)
    __aeabi_dadd                             0x080003fb   Thumb Code   322  dadd.o(.text)
    __aeabi_dsub                             0x0800053d   Thumb Code     6  dadd.o(.text)
    __aeabi_drsub                            0x08000543   Thumb Code     6  dadd.o(.text)
    __aeabi_dmul                             0x08000549   Thumb Code   228  dmul.o(.text)
    __aeabi_ddiv                             0x0800062d   Thumb Code   222  ddiv.o(.text)
    __aeabi_i2d                              0x0800070b   Thumb Code    34  dflti.o(.text)
    __aeabi_d2iz                             0x0800072d   Thumb Code    62  dfixi.o(.text)
    __aeabi_f2d                              0x0800076b   Thumb Code    38  f2d.o(.text)
    __aeabi_d2f                              0x08000791   Thumb Code    56  d2f.o(.text)
    __aeabi_uidiv                            0x080007c9   Thumb Code     0  uidiv.o(.text)
    __aeabi_uidivmod                         0x080007c9   Thumb Code    44  uidiv.o(.text)
    __aeabi_llsl                             0x080007f5   Thumb Code    30  llshl.o(.text)
    _ll_shift_l                              0x080007f5   Thumb Code     0  llshl.o(.text)
    __aeabi_llsr                             0x08000813   Thumb Code    32  llushr.o(.text)
    _ll_ushift_r                             0x08000813   Thumb Code     0  llushr.o(.text)
    __aeabi_lasr                             0x08000833   Thumb Code    36  llsshr.o(.text)
    _ll_sshift_r                             0x08000833   Thumb Code     0  llsshr.o(.text)
    __I$use$fp                               0x08000857   Thumb Code     0  iusefp.o(.text)
    _float_round                             0x08000857   Thumb Code    18  fepilogue.o(.text)
    _float_epilogue                          0x08000869   Thumb Code    92  fepilogue.o(.text)
    _double_round                            0x080008c5   Thumb Code    30  depilogue.o(.text)
    _double_epilogue                         0x080008e3   Thumb Code   156  depilogue.o(.text)
    __scatterload                            0x08000981   Thumb Code    28  init.o(.text)
    __scatterload_rt2                        0x08000981   Thumb Code     0  init.o(.text)
    __decompress                             0x080009a5   Thumb Code     0  __dczerorl2.o(.text)
    __decompress1                            0x080009a5   Thumb Code    86  __dczerorl2.o(.text)
    AMControlInit                            0x080009fd   Thumb Code    84  amcontroltask.o(i.AMControlInit)
    BusFault_Handler                         0x08000a61   Thumb Code     2  stm32f4xx_it.o(i.BusFault_Handler)
    CAN1_RX0_IRQHandler                      0x08000a65   Thumb Code     6  stm32f4xx_it.o(i.CAN1_RX0_IRQHandler)
    CAN1_TX_IRQHandler                       0x08000a71   Thumb Code     6  stm32f4xx_it.o(i.CAN1_TX_IRQHandler)
    CAN2_RX0_IRQHandler                      0x08000a7d   Thumb Code     6  stm32f4xx_it.o(i.CAN2_RX0_IRQHandler)
    CAN2_TX_IRQHandler                       0x08000a89   Thumb Code     6  stm32f4xx_it.o(i.CAN2_TX_IRQHandler)
    CMControlInit                            0x08000bbd   Thumb Code    42  controltask.o(i.CMControlInit)
    ControlAMFB                              0x08000bf1   Thumb Code   168  amcontroltask.o(i.ControlAMFB)
    ControlAMSIDE                            0x08000ca9   Thumb Code   166  amcontroltask.o(i.ControlAMSIDE)
    ControlAMUD1                             0x08000d65   Thumb Code   166  amcontroltask.o(i.ControlAMUD1)
    ControlAMUD2                             0x08000e1d   Thumb Code   166  amcontroltask.o(i.ControlAMUD2)
    ControlCMBL                              0x08000ed5   Thumb Code   162  controltask.o(i.ControlCMBL)
    ControlCMBR                              0x08000f95   Thumb Code   164  controltask.o(i.ControlCMBR)
    ControlCMFL                              0x08001055   Thumb Code   162  controltask.o(i.ControlCMFL)
    ControlCMFR                              0x08001115   Thumb Code   164  controltask.o(i.ControlCMFR)
    ControlRotate                            0x080011d5   Thumb Code   136  controltask.o(i.ControlRotate)
    ControlWIND                              0x08001275   Thumb Code   166  amcontroltask.o(i.ControlWIND)
    DMA1_Stream1_IRQHandler                  0x08001331   Thumb Code     6  stm32f4xx_it.o(i.DMA1_Stream1_IRQHandler)
    DMA1_Stream5_IRQHandler                  0x0800133d   Thumb Code     6  stm32f4xx_it.o(i.DMA1_Stream5_IRQHandler)
    DMA2_Stream1_IRQHandler                  0x08001349   Thumb Code     6  stm32f4xx_it.o(i.DMA2_Stream1_IRQHandler)
    DMA2_Stream2_IRQHandler                  0x08001355   Thumb Code     6  stm32f4xx_it.o(i.DMA2_Stream2_IRQHandler)
    DebugMon_Handler                         0x08001405   Thumb Code     2  stm32f4xx_it.o(i.DebugMon_Handler)
    GetRemoteSwitchAction                    0x08001409   Thumb Code    82  remotetask.o(i.GetRemoteSwitchAction)
    HAL_CAN_ConfigFilter                     0x08001461   Thumb Code   244  stm32f4xx_hal_can.o(i.HAL_CAN_ConfigFilter)
    HAL_CAN_ErrorCallback                    0x08001559   Thumb Code     2  stm32f4xx_hal_can.o(i.HAL_CAN_ErrorCallback)
    HAL_CAN_IRQHandler                       0x0800155d   Thumb Code   548  stm32f4xx_hal_can.o(i.HAL_CAN_IRQHandler)
    HAL_CAN_Init                             0x08001791   Thumb Code   328  stm32f4xx_hal_can.o(i.HAL_CAN_Init)
    HAL_CAN_MspInit                          0x080018d9   Thumb Code   200  can.o(i.HAL_CAN_MspInit)
    HAL_CAN_Receive_IT                       0x080019b9   Thumb Code   180  stm32f4xx_hal_can.o(i.HAL_CAN_Receive_IT)
    HAL_CAN_RxCpltCallback                   0x08001a6d   Thumb Code   212  cantask.o(i.HAL_CAN_RxCpltCallback)
    HAL_CAN_Transmit_IT                      0x08001b69   Thumb Code   292  stm32f4xx_hal_can.o(i.HAL_CAN_Transmit_IT)
    HAL_CAN_TxCpltCallback                   0x08001c8d   Thumb Code    24  cantask.o(i.HAL_CAN_TxCpltCallback)
    HAL_DMA_Abort                            0x08001cb1   Thumb Code   142  stm32f4xx_hal_dma.o(i.HAL_DMA_Abort)
    HAL_DMA_Abort_IT                         0x08001d3f   Thumb Code    36  stm32f4xx_hal_dma.o(i.HAL_DMA_Abort_IT)
    HAL_DMA_IRQHandler                       0x08001d65   Thumb Code   412  stm32f4xx_hal_dma.o(i.HAL_DMA_IRQHandler)
    HAL_DMA_Init                             0x08001f05   Thumb Code   206  stm32f4xx_hal_dma.o(i.HAL_DMA_Init)
    HAL_DMA_Start_IT                         0x08001fd9   Thumb Code   120  stm32f4xx_hal_dma.o(i.HAL_DMA_Start_IT)
    HAL_Delay                                0x08002051   Thumb Code    28  stm32f4xx_hal.o(i.HAL_Delay)
    HAL_GPIO_Init                            0x0800206d   Thumb Code   408  stm32f4xx_hal_gpio.o(i.HAL_GPIO_Init)
    HAL_GPIO_WritePin                        0x08002239   Thumb Code    10  stm32f4xx_hal_gpio.o(i.HAL_GPIO_WritePin)
    HAL_GetTick                              0x08002245   Thumb Code     6  stm32f4xx_hal.o(i.HAL_GetTick)
    HAL_IncTick                              0x08002251   Thumb Code    10  stm32f4xx_hal.o(i.HAL_IncTick)
    HAL_Init                                 0x08002261   Thumb Code    48  stm32f4xx_hal.o(i.HAL_Init)
    HAL_InitTick                             0x08002295   Thumb Code    34  stm32f4xx_hal.o(i.HAL_InitTick)
    HAL_MspInit                              0x080022bd   Thumb Code    88  stm32f4xx_hal_msp.o(i.HAL_MspInit)
    HAL_NVIC_DisableIRQ                      0x08002315   Thumb Code    22  stm32f4xx_hal_cortex.o(i.HAL_NVIC_DisableIRQ)
    HAL_NVIC_EnableIRQ                       0x0800232b   Thumb Code    22  stm32f4xx_hal_cortex.o(i.HAL_NVIC_EnableIRQ)
    HAL_NVIC_SetPriority                     0x08002341   Thumb Code    60  stm32f4xx_hal_cortex.o(i.HAL_NVIC_SetPriority)
    HAL_NVIC_SetPriorityGrouping             0x08002381   Thumb Code    26  stm32f4xx_hal_cortex.o(i.HAL_NVIC_SetPriorityGrouping)
    HAL_RCC_ClockConfig                      0x080023a5   Thumb Code   286  stm32f4xx_hal_rcc.o(i.HAL_RCC_ClockConfig)
    HAL_RCC_GetHCLKFreq                      0x080024d5   Thumb Code     6  stm32f4xx_hal_rcc.o(i.HAL_RCC_GetHCLKFreq)
    HAL_RCC_GetPCLK1Freq                     0x080024e1   Thumb Code    20  stm32f4xx_hal_rcc.o(i.HAL_RCC_GetPCLK1Freq)
    HAL_RCC_GetPCLK2Freq                     0x08002501   Thumb Code    20  stm32f4xx_hal_rcc.o(i.HAL_RCC_GetPCLK2Freq)
    HAL_RCC_GetSysClockFreq                  0x08002521   Thumb Code    88  stm32f4xx_hal_rcc.o(i.HAL_RCC_GetSysClockFreq)
    HAL_RCC_OscConfig                        0x08002585   Thumb Code   730  stm32f4xx_hal_rcc.o(i.HAL_RCC_OscConfig)
    HAL_SPI_Init                             0x08002875   Thumb Code   128  stm32f4xx_hal_spi.o(i.HAL_SPI_Init)
    HAL_SPI_MspInit                          0x080028f5   Thumb Code    64  spi.o(i.HAL_SPI_MspInit)
    HAL_SPI_Receive                          0x08002941   Thumb Code   336  stm32f4xx_hal_spi.o(i.HAL_SPI_Receive)
    HAL_SPI_Transmit                         0x08002a91   Thumb Code   360  stm32f4xx_hal_spi.o(i.HAL_SPI_Transmit)
    HAL_SPI_TransmitReceive                  0x08002bf9   Thumb Code   472  stm32f4xx_hal_spi.o(i.HAL_SPI_TransmitReceive)
    HAL_SYSTICK_CLKSourceConfig              0x08002dd1   Thumb Code    24  stm32f4xx_hal_cortex.o(i.HAL_SYSTICK_CLKSourceConfig)
    HAL_SYSTICK_Callback                     0x08002de9   Thumb Code     2  stm32f4xx_hal_cortex.o(i.HAL_SYSTICK_Callback)
    HAL_SYSTICK_Config                       0x08002deb   Thumb Code    40  stm32f4xx_hal_cortex.o(i.HAL_SYSTICK_Config)
    HAL_SYSTICK_IRQHandler                   0x08002e13   Thumb Code     8  stm32f4xx_hal_cortex.o(i.HAL_SYSTICK_IRQHandler)
    HAL_TIMEx_BreakCallback                  0x08002e1b   Thumb Code     2  stm32f4xx_hal_tim_ex.o(i.HAL_TIMEx_BreakCallback)
    HAL_TIMEx_CommutationCallback            0x08002e1d   Thumb Code     2  stm32f4xx_hal_tim_ex.o(i.HAL_TIMEx_CommutationCallback)
    HAL_TIMEx_MasterConfigSynchronization    0x08002e1f   Thumb Code    80  stm32f4xx_hal_tim_ex.o(i.HAL_TIMEx_MasterConfigSynchronization)
    HAL_TIM_Base_Init                        0x08002e6f   Thumb Code    54  stm32f4xx_hal_tim.o(i.HAL_TIM_Base_Init)
    HAL_TIM_Base_MspInit                     0x08002ea5   Thumb Code   148  tim.o(i.HAL_TIM_Base_MspInit)
    HAL_TIM_Base_Start_IT                    0x08002f4d   Thumb Code    24  stm32f4xx_hal_tim.o(i.HAL_TIM_Base_Start_IT)
    HAL_TIM_ConfigClockSource                0x08002f65   Thumb Code   242  stm32f4xx_hal_tim.o(i.HAL_TIM_ConfigClockSource)
    HAL_TIM_IC_CaptureCallback               0x08003057   Thumb Code     2  stm32f4xx_hal_tim.o(i.HAL_TIM_IC_CaptureCallback)
    HAL_TIM_IRQHandler                       0x08003059   Thumb Code   358  stm32f4xx_hal_tim.o(i.HAL_TIM_IRQHandler)
    HAL_TIM_MspPostInit                      0x080031c1   Thumb Code    44  tim.o(i.HAL_TIM_MspPostInit)
    HAL_TIM_OC_DelayElapsedCallback          0x080031f5   Thumb Code     2  stm32f4xx_hal_tim.o(i.HAL_TIM_OC_DelayElapsedCallback)
    HAL_TIM_PWM_ConfigChannel                0x080031f7   Thumb Code   208  stm32f4xx_hal_tim.o(i.HAL_TIM_PWM_ConfigChannel)
    HAL_TIM_PWM_Init                         0x080032c7   Thumb Code    54  stm32f4xx_hal_tim.o(i.HAL_TIM_PWM_Init)
    HAL_TIM_PWM_MspInit                      0x080032fd   Thumb Code     2  stm32f4xx_hal_tim.o(i.HAL_TIM_PWM_MspInit)
    HAL_TIM_PWM_PulseFinishedCallback        0x080032ff   Thumb Code     2  stm32f4xx_hal_tim.o(i.HAL_TIM_PWM_PulseFinishedCallback)
    HAL_TIM_PWM_Start                        0x08003301   Thumb Code    48  stm32f4xx_hal_tim.o(i.HAL_TIM_PWM_Start)
    HAL_TIM_PeriodElapsedCallback            0x08003339   Thumb Code   150  controltask.o(i.HAL_TIM_PeriodElapsedCallback)
    HAL_TIM_TriggerCallback                  0x080033f5   Thumb Code     2  stm32f4xx_hal_tim.o(i.HAL_TIM_TriggerCallback)
    HAL_UART_AbortReceive                    0x080033f7   Thumb Code    68  stm32f4xx_hal_uart.o(i.HAL_UART_AbortReceive)
    HAL_UART_ErrorCallback                   0x0800343b   Thumb Code     2  stm32f4xx_hal_uart.o(i.HAL_UART_ErrorCallback)
    HAL_UART_IRQHandler                      0x0800343d   Thumb Code   266  stm32f4xx_hal_uart.o(i.HAL_UART_IRQHandler)
    HAL_UART_Init                            0x0800354d   Thumb Code    98  stm32f4xx_hal_uart.o(i.HAL_UART_Init)
    HAL_UART_MspInit                         0x080035b1   Thumb Code   574  usart.o(i.HAL_UART_MspInit)
    HAL_UART_Receive_DMA                     0x08003831   Thumb Code   138  stm32f4xx_hal_uart.o(i.HAL_UART_Receive_DMA)
    HAL_UART_RxCpltCallback                  0x080038c9   Thumb Code    34  remotetask.o(i.HAL_UART_RxCpltCallback)
    HAL_UART_RxHalfCpltCallback              0x080038fd   Thumb Code     2  stm32f4xx_hal_uart.o(i.HAL_UART_RxHalfCpltCallback)
    HAL_UART_Transmit                        0x080038ff   Thumb Code   186  stm32f4xx_hal_uart.o(i.HAL_UART_Transmit)
    HAL_UART_TxCpltCallback                  0x080039b9   Thumb Code     2  stm32f4xx_hal_uart.o(i.HAL_UART_TxCpltCallback)
    HardFault_Handler                        0x080039bb   Thumb Code     2  stm32f4xx_it.o(i.HardFault_Handler)
    IMURefresh                               0x080039bd   Thumb Code   230  imutask.o(i.IMURefresh)
    InitCanReception                         0x08003ab9   Thumb Code   126  cantask.o(i.InitCanReception)
    InitMPU6500                              0x08003b61   Thumb Code    70  imutask.o(i.InitMPU6500)
    InitRemoteControl                        0x08003bb1   Thumb Code    32  remotetask.o(i.InitRemoteControl)
    Judge_Refresh                            0x08003bf5   Thumb Code    56  judgetask.o(i.Judge_Refresh)
    MPU6500_Read_Reg                         0x08003c35   Thumb Code    68  imutask.o(i.MPU6500_Read_Reg)
    MPU6500_Write_Reg                        0x08003c85   Thumb Code    72  imutask.o(i.MPU6500_Write_Reg)
    MX_CAN1_Init                             0x08003cd9   Thumb Code    64  can.o(i.MX_CAN1_Init)
    MX_CAN2_Init                             0x08003d31   Thumb Code    64  can.o(i.MX_CAN2_Init)
    MX_DMA_Init                              0x08003d89   Thumb Code   104  dma.o(i.MX_DMA_Init)
    MX_GPIO_Init                             0x08003df5   Thumb Code   226  gpio.o(i.MX_GPIO_Init)
    MX_SPI5_Init                             0x08003ee9   Thumb Code    66  spi.o(i.MX_SPI5_Init)
    MX_TIM10_Init                            0x08003f45   Thumb Code    46  tim.o(i.MX_TIM10_Init)
    MX_TIM12_Init                            0x08003f8d   Thumb Code   144  tim.o(i.MX_TIM12_Init)
    MX_TIM6_Init                             0x08004035   Thumb Code    62  tim.o(i.MX_TIM6_Init)
    MX_TIM7_Init                             0x0800408d   Thumb Code    62  tim.o(i.MX_TIM7_Init)
    MX_USART1_UART_Init                      0x080040e5   Thumb Code    58  usart.o(i.MX_USART1_UART_Init)
    MX_USART2_UART_Init                      0x0800413d   Thumb Code    52  usart.o(i.MX_USART2_UART_Init)
    MX_USART3_UART_Init                      0x08004189   Thumb Code    52  usart.o(i.MX_USART3_UART_Init)
    MX_USART6_UART_Init                      0x080041d5   Thumb Code    52  usart.o(i.MX_USART6_UART_Init)
    MemManage_Handler                        0x08004221   Thumb Code     2  stm32f4xx_it.o(i.MemManage_Handler)
    MouseKeyControlProcess                   0x08004225   Thumb Code   252  remotetask.o(i.MouseKeyControlProcess)
    NMI_Handler                              0x08004331   Thumb Code     2  stm32f4xx_it.o(i.NMI_Handler)
    PID_PROCESS_Double                       0x08004353   Thumb Code    72  pid_regulator.o(i.PID_PROCESS_Double)
    PendSV_Handler                           0x0800439b   Thumb Code     2  stm32f4xx_it.o(i.PendSV_Handler)
    RemoteControlProcess                     0x0800439d   Thumb Code   554  remotetask.o(i.RemoteControlProcess)
    RemoteDataProcess                        0x08004609   Thumb Code   220  remotetask.o(i.RemoteDataProcess)
    RemoteTaskInit                           0x080046f1   Thumb Code    74  remotetask.o(i.RemoteTaskInit)
    SVC_Handler                              0x08004807   Thumb Code     2  stm32f4xx_it.o(i.SVC_Handler)
    StandardlizeAMRealAngle                  0x08004809   Thumb Code   142  amcontroltask.o(i.StandardlizeAMRealAngle)
    SysTick_Handler                          0x080048a9   Thumb Code    14  stm32f4xx_it.o(i.SysTick_Handler)
    SystemClock_Config                       0x080048b9   Thumb Code   150  main.o(i.SystemClock_Config)
    SystemInit                               0x08004959   Thumb Code    66  system_stm32f4xx.o(i.SystemInit)
    TIM1_UP_TIM10_IRQHandler                 0x080049ad   Thumb Code     6  stm32f4xx_it.o(i.TIM1_UP_TIM10_IRQHandler)
    TIM6_DAC_IRQHandler                      0x080049b9   Thumb Code     6  stm32f4xx_it.o(i.TIM6_DAC_IRQHandler)
    TIM7_IRQHandler                          0x080049c5   Thumb Code     6  stm32f4xx_it.o(i.TIM7_IRQHandler)
    TIM_Base_SetConfig                       0x080049d1   Thumb Code   148  stm32f4xx_hal_tim.o(i.TIM_Base_SetConfig)
    TIM_CCxChannelCmd                        0x08004a91   Thumb Code    22  stm32f4xx_hal_tim.o(i.TIM_CCxChannelCmd)
    TIM_OC2_SetConfig                        0x08004b25   Thumb Code    90  stm32f4xx_hal_tim.o(i.TIM_OC2_SetConfig)
    USART1_IRQHandler                        0x0800514d   Thumb Code     6  stm32f4xx_it.o(i.USART1_IRQHandler)
    USART2_IRQHandler                        0x08005159   Thumb Code     6  stm32f4xx_it.o(i.USART2_IRQHandler)
    USART3_IRQHandler                        0x08005165   Thumb Code     6  stm32f4xx_it.o(i.USART3_IRQHandler)
    USART6_IRQHandler                        0x08005171   Thumb Code     6  stm32f4xx_it.o(i.USART6_IRQHandler)
    UsageFault_Handler                       0x0800517d   Thumb Code     2  stm32f4xx_it.o(i.UsageFault_Handler)
    WorkStateFSM                             0x08005181   Thumb Code   160  controltask.o(i.WorkStateFSM)
    _Error_Handler                           0x08005231   Thumb Code     2  main.o(i._Error_Handler)
    __0printf$3                              0x08005235   Thumb Code    22  printf3.o(i.__0printf$3)
    __1printf$3                              0x08005235   Thumb Code     0  printf3.o(i.__0printf$3)
    __2printf                                0x08005235   Thumb Code     0  printf3.o(i.__0printf$3)
    __scatterload_copy                       0x08005255   Thumb Code    14  handlers.o(i.__scatterload_copy)
    __scatterload_null                       0x08005263   Thumb Code     2  handlers.o(i.__scatterload_null)
    __scatterload_zeroinit                   0x08005265   Thumb Code    14  handlers.o(i.__scatterload_zeroinit)
    controlLoop                              0x0800542d   Thumb Code    52  controltask.o(i.controlLoop)
    ctrlUartInit                             0x08005465   Thumb Code    36  uppertask.o(i.ctrlUartInit)
    ctrlUartRxCpltCallback                   0x080054c1   Thumb Code    50  uppertask.o(i.ctrlUartRxCpltCallback)
    dataCallBack                             0x08005529   Thumb Code    52  uppertask.o(i.dataCallBack)
    fputc                                    0x0800558d   Thumb Code    20  manifoldtask.o(i.fputc)
    fw_PID_Calc                              0x080055a5   Thumb Code   286  pid_regulator.o(i.fw_PID_Calc)
    fw_PID_Reset                             0x080056c9   Thumb Code     2  pid_regulator.o(i.fw_PID_Reset)
    judgeUartRxCpltCallback                  0x080056cd   Thumb Code   114  judgetask.o(i.judgeUartRxCpltCallback)
    main                                     0x08005769   Thumb Code   238  main.o(i.main)
    myGet_CRC16_Check_Sum                    0x08005869   Thumb Code    38  judgetask.o(i.myGet_CRC16_Check_Sum)
    myGet_CRC8_Check_Sum                     0x08005895   Thumb Code    24  judgetask.o(i.myGet_CRC8_Check_Sum)
    myVerify_CRC16_Check_Sum                 0x080058b1   Thumb Code    52  judgetask.o(i.myVerify_CRC16_Check_Sum)
    myVerify_CRC8_Check_Sum                  0x080058e5   Thumb Code    38  judgetask.o(i.myVerify_CRC8_Check_Sum)
    setCMMotor                               0x0800590d   Thumb Code   180  controltask.o(i.setCMMotor)
    setSeldomAMMotor                         0x080059e9   Thumb Code   180  amcontroltask.o(i.setSeldomAMMotor)
    setUsalAMMotor                           0x08005acd   Thumb Code   198  amcontroltask.o(i.setUsalAMMotor)
    vice_controlLoop                         0x08005bc9   Thumb Code    44  amcontroltask.o(i.vice_controlLoop)
    zykReceiveData                           0x08005bf9   Thumb Code    74  uppertask.o(i.zykReceiveData)
    myCRC8_TAB                               0x08005c68   Data         256  judgetask.o(.constdata)
    mywCRC_Table                             0x08005d68   Data         512  judgetask.o(.constdata)
    AHBPrescTable                            0x08005f68   Data          16  system_stm32f4xx.o(.constdata)
    APBPrescTable                            0x08005f78   Data           8  system_stm32f4xx.o(.constdata)
    Region$$Table$$Base                      0x08005f80   Number         0  anon$$obj.o(Region$$Table)
    Region$$Table$$Limit                     0x08005fa0   Number         0  anon$$obj.o(Region$$Table)
    uwTick                                   0x20000000   Data           4  stm32f4xx_hal.o(.data)
    isRcanStarted_CM                         0x20000004   Data           1  cantask.o(.data)
    isRcanStarted_AUX                        0x20000005   Data           1  cantask.o(.data)
    can1_update                              0x20000006   Data           1  cantask.o(.data)
    can2_update                              0x20000007   Data           1  cantask.o(.data)
    CMFLRx                                   0x20000008   Data           4  cantask.o(.data)
    CMFRRx                                   0x2000000c   Data           4  cantask.o(.data)
    CMBLRx                                   0x20000010   Data           4  cantask.o(.data)
    CMBRRx                                   0x20000014   Data           4  cantask.o(.data)
    AMUD1Rx                                  0x20000018   Data           4  cantask.o(.data)
    AMUD2Rx                                  0x2000001c   Data           4  cantask.o(.data)
    AMFBRx                                   0x20000020   Data           4  cantask.o(.data)
    AMSIDERx                                 0x20000024   Data           4  cantask.o(.data)
    WINDRx                                   0x20000028   Data           4  cantask.o(.data)
    can_type                                 0x2000002c   Data           1  cantask.o(.data)
    WorkState                                0x20000030   Data           1  controltask.o(.data)
    prepare_time                             0x20000032   Data           2  controltask.o(.data)
    CMFLIntensity                            0x20000034   Data           2  controltask.o(.data)
    CMFRIntensity                            0x20000036   Data           2  controltask.o(.data)
    CMBLIntensity                            0x20000038   Data           2  controltask.o(.data)
    CMBRIntensity                            0x2000003a   Data           2  controltask.o(.data)
    CMRotatePID                              0x2000003c   Data          80  controltask.o(.data)
    CM1SpeedPID                              0x2000008c   Data          80  controltask.o(.data)
    CM2SpeedPID                              0x200000dc   Data          80  controltask.o(.data)
    CM3SpeedPID                              0x2000012c   Data          80  controltask.o(.data)
    CM4SpeedPID                              0x2000017c   Data          80  controltask.o(.data)
    AMUD1Intensity                           0x200001da   Data           2  amcontroltask.o(.data)
    AMUD2Intensity                           0x200001dc   Data           2  amcontroltask.o(.data)
    AMFBIntensity                            0x200001de   Data           2  amcontroltask.o(.data)
    AMSIDEIntensity                          0x200001e0   Data           2  amcontroltask.o(.data)
    WINDIntensity                            0x200001e2   Data           2  amcontroltask.o(.data)
    AMUD1LastAngle                           0x200001e4   Data           2  amcontroltask.o(.data)
    AMUD2LastAngle                           0x200001e6   Data           2  amcontroltask.o(.data)
    AMFBLastAngle                            0x200001e8   Data           2  amcontroltask.o(.data)
    AMSIDELastAngle                          0x200001ea   Data           2  amcontroltask.o(.data)
    WINDLastAngle                            0x200001ec   Data           2  amcontroltask.o(.data)
    AMUD1RealAngle                           0x200001f0   Data           8  amcontroltask.o(.data)
    AMUD2RealAngle                           0x200001f8   Data           8  amcontroltask.o(.data)
    AMFBRealAngle                            0x20000200   Data           8  amcontroltask.o(.data)
    AMSIDERealAngle                          0x20000208   Data           8  amcontroltask.o(.data)
    WINDRealAngle                            0x20000210   Data           8  amcontroltask.o(.data)
    AMUD1PositionPID                         0x20000218   Data          76  amcontroltask.o(.data)
    AMUD2PositionPID                         0x20000264   Data          76  amcontroltask.o(.data)
    AMFBPositionPID                          0x200002b0   Data          76  amcontroltask.o(.data)
    AMSIDEPositionPID                        0x200002fc   Data          76  amcontroltask.o(.data)
    WINDPositionPID                          0x20000348   Data          76  amcontroltask.o(.data)
    AMUD1SpeedPID                            0x20000394   Data          76  amcontroltask.o(.data)
    AMUD2SpeedPID                            0x200003e0   Data          76  amcontroltask.o(.data)
    AMFBSpeedPID                             0x2000042c   Data          76  amcontroltask.o(.data)
    AMSIDESpeedPID                           0x20000478   Data          76  amcontroltask.o(.data)
    WINDSpeedPID                             0x200004c4   Data          76  amcontroltask.o(.data)
    MPU_id                                   0x20000510   Data           1  imutask.o(.data)
    gYroXs                                   0x20000518   Data           4  imutask.o(.data)
    gYroYs                                   0x2000051c   Data           4  imutask.o(.data)
    gYroZs                                   0x20000520   Data           4  imutask.o(.data)
    inputmode                                0x20000528   Data           1  remotetask.o(.data)
    functionmode                             0x20000529   Data           1  remotetask.o(.data)
    rc_update                                0x2000052a   Data           1  remotetask.o(.data)
    channel0                                 0x2000052c   Data           2  remotetask.o(.data)
    channel1                                 0x2000052e   Data           2  remotetask.o(.data)
    channel2                                 0x20000530   Data           2  remotetask.o(.data)
    channel3                                 0x20000532   Data           2  remotetask.o(.data)
    rotate_speed                             0x2000053c   Data           4  remotetask.o(.data)
    ChassisSpeedRef                          0x20000540   Data           6  remotetask.o(.data)
    AMUD1AngleTarget                         0x20000548   Data           8  remotetask.o(.data)
    AMUD2AngleTarget                         0x20000550   Data           8  remotetask.o(.data)
    AMFBAngleTarget                          0x20000558   Data           8  remotetask.o(.data)
    WINDAngleTarget                          0x20000560   Data           8  remotetask.o(.data)
    AMSIDEAngleTarget                        0x20000568   Data           8  remotetask.o(.data)
    rc_first_frame                           0x20000570   Data           1  remotetask.o(.data)
    rc_cnt                                   0x20000571   Data           1  remotetask.o(.data)
    LRSpeedRamp                              0x20000574   Data          36  shoottask.o(.data)
    FBSpeedRamp                              0x20000598   Data          36  shoottask.o(.data)
    receiving                                0x200005bc   Data           1  judgetask.o(.data)
    buffercnt                                0x200005bd   Data           1  judgetask.o(.data)
    JUDGE_Received                           0x200005be   Data           1  judgetask.o(.data)
    tmp_judge                                0x200005bf   Data           1  judgetask.o(.data)
    data                                     0x200005c0   Data           1  uppertask.o(.data)
    RX_STA                                   0x200005c2   Data           2  uppertask.o(.data)
    SystemCoreClock                          0x200005c8   Data           4  system_stm32f4xx.o(.data)
    __stdout                                 0x200005d0   Data           4  stdout.o(.data)
    CMCanRxMsg                               0x200005d4   Data          36  cantask.o(.bss)
    AUXCanRxMsg                              0x200005f8   Data          36  cantask.o(.bss)
    imu_data                                 0x2000061c   Data          20  imutask.o(.bss)
    imu_data_offest                          0x20000630   Data          20  imutask.o(.bss)
    rc_data                                  0x20000644   Data          18  remotetask.o(.bss)
    RC_CtrlData                              0x20000656   Data          22  remotetask.o(.bss)
    g_switch1                                0x2000066c   Data          23  remotetask.o(.bss)
    buffer                                   0x20000684   Data          44  judgetask.o(.bss)
    mytGameInfo                              0x200006b0   Data          20  judgetask.o(.bss)
    buf                                      0x200006c4   Data        1024  uppertask.o(.bss)
    huart1                                   0x20000ac4   Data          64  usart.o(.bss)
    huart2                                   0x20000b04   Data          64  usart.o(.bss)
    huart3                                   0x20000b44   Data          64  usart.o(.bss)
    huart6                                   0x20000b84   Data          64  usart.o(.bss)
    hdma_usart1_rx                           0x20000bc4   Data          96  usart.o(.bss)
    hdma_usart2_rx                           0x20000c24   Data          96  usart.o(.bss)
    hdma_usart3_rx                           0x20000c84   Data          96  usart.o(.bss)
    hdma_usart6_rx                           0x20000ce4   Data          96  usart.o(.bss)
    htim6                                    0x20000d44   Data          60  tim.o(.bss)
    htim7                                    0x20000d80   Data          60  tim.o(.bss)
    htim10                                   0x20000dbc   Data          60  tim.o(.bss)
    htim12                                   0x20000df8   Data          60  tim.o(.bss)
    hcan1                                    0x20000e34   Data          68  can.o(.bss)
    hcan2                                    0x20000e78   Data          68  can.o(.bss)
    hspi5                                    0x20000ebc   Data          88  spi.o(.bss)
    __initial_sp                             0x20001318   Data           0  startup_stm32f427xx.o(STACK)



==============================================================================

Memory Map of the image

  Image Entry point : 0x080001ad

  Load Region LR_IROM1 (Base: 0x08000000, Size: 0x00006574, Max: 0x00200000, ABSOLUTE, COMPRESSED[0x00006034])

    Execution Region ER_IROM1 (Base: 0x08000000, Size: 0x00005fa0, Max: 0x00200000, ABSOLUTE)

    Base Addr    Size         Type   Attr      Idx    E Section Name        Object

    0x08000000   0x000001ac   Data   RO         3979    RESET               startup_stm32f427xx.o
    0x080001ac   0x00000000   Code   RO         4202  * .ARM.Collect$$$$00000000  mc_w.l(entry.o)
    0x080001ac   0x00000004   Code   RO         4500    .ARM.Collect$$$$00000001  mc_w.l(entry2.o)
    0x080001b0   0x00000004   Code   RO         4503    .ARM.Collect$$$$00000004  mc_w.l(entry5.o)
    0x080001b4   0x00000000   Code   RO         4505    .ARM.Collect$$$$00000008  mc_w.l(entry7b.o)
    0x080001b4   0x00000000   Code   RO         4507    .ARM.Collect$$$$0000000A  mc_w.l(entry8b.o)
    0x080001b4   0x00000008   Code   RO         4508    .ARM.Collect$$$$0000000B  mc_w.l(entry9a.o)
    0x080001bc   0x00000000   Code   RO         4510    .ARM.Collect$$$$0000000D  mc_w.l(entry10a.o)
    0x080001bc   0x00000000   Code   RO         4512    .ARM.Collect$$$$0000000F  mc_w.l(entry11a.o)
    0x080001bc   0x00000004   Code   RO         4501    .ARM.Collect$$$$00002712  mc_w.l(entry2.o)
    0x080001c0   0x00000024   Code   RO         3980    .text               startup_stm32f427xx.o
    0x080001e4   0x00000070   Code   RO         3986    .text               RMLib.lib(ramp.o)
    0x08000254   0x00000120   Code   RO         4178    .text               RMLib.lib(pid_regulator.o)
    0x08000374   0x00000062   Code   RO         4205    .text               mc_w.l(uldiv.o)
    0x080003d6   0x00000024   Code   RO         4207    .text               mc_w.l(memcpya.o)
    0x080003fa   0x0000014e   Code   RO         4486    .text               mf_w.l(dadd.o)
    0x08000548   0x000000e4   Code   RO         4488    .text               mf_w.l(dmul.o)
    0x0800062c   0x000000de   Code   RO         4490    .text               mf_w.l(ddiv.o)
    0x0800070a   0x00000022   Code   RO         4492    .text               mf_w.l(dflti.o)
    0x0800072c   0x0000003e   Code   RO         4494    .text               mf_w.l(dfixi.o)
    0x0800076a   0x00000026   Code   RO         4496    .text               mf_w.l(f2d.o)
    0x08000790   0x00000038   Code   RO         4498    .text               mf_w.l(d2f.o)
    0x080007c8   0x0000002c   Code   RO         4515    .text               mc_w.l(uidiv.o)
    0x080007f4   0x0000001e   Code   RO         4517    .text               mc_w.l(llshl.o)
    0x08000812   0x00000020   Code   RO         4519    .text               mc_w.l(llushr.o)
    0x08000832   0x00000024   Code   RO         4521    .text               mc_w.l(llsshr.o)
    0x08000856   0x00000000   Code   RO         4523    .text               mc_w.l(iusefp.o)
    0x08000856   0x0000006e   Code   RO         4524    .text               mf_w.l(fepilogue.o)
    0x080008c4   0x000000ba   Code   RO         4526    .text               mf_w.l(depilogue.o)
    0x0800097e   0x00000002   PAD
    0x08000980   0x00000024   Code   RO         4532    .text               mc_w.l(init.o)
    0x080009a4   0x00000056   Code   RO         4542    .text               mc_w.l(__dczerorl2.o)
    0x080009fa   0x00000002   PAD
    0x080009fc   0x00000064   Code   RO         3019    i.AMControlInit     amcontroltask.o
    0x08000a60   0x00000002   Code   RO         3609    i.BusFault_Handler  stm32f4xx_it.o
    0x08000a62   0x00000002   PAD
    0x08000a64   0x0000000c   Code   RO         3610    i.CAN1_RX0_IRQHandler  stm32f4xx_it.o
    0x08000a70   0x0000000c   Code   RO         3611    i.CAN1_TX_IRQHandler  stm32f4xx_it.o
    0x08000a7c   0x0000000c   Code   RO         3612    i.CAN2_RX0_IRQHandler  stm32f4xx_it.o
    0x08000a88   0x0000000c   Code   RO         3613    i.CAN2_TX_IRQHandler  stm32f4xx_it.o
    0x08000a94   0x00000126   Code   RO          996    i.CAN_Receive_IT    stm32f4xx_hal_can.o
    0x08000bba   0x00000002   PAD
    0x08000bbc   0x00000034   Code   RO         2930    i.CMControlInit     controltask.o
    0x08000bf0   0x000000b8   Code   RO         3020    i.ControlAMFB       amcontroltask.o
    0x08000ca8   0x000000bc   Code   RO         3021    i.ControlAMSIDE     amcontroltask.o
    0x08000d64   0x000000b8   Code   RO         3022    i.ControlAMUD1      amcontroltask.o
    0x08000e1c   0x000000b8   Code   RO         3023    i.ControlAMUD2      amcontroltask.o
    0x08000ed4   0x000000c0   Code   RO         2931    i.ControlCMBL       controltask.o
    0x08000f94   0x000000c0   Code   RO         2932    i.ControlCMBR       controltask.o
    0x08001054   0x000000c0   Code   RO         2933    i.ControlCMFL       controltask.o
    0x08001114   0x000000c0   Code   RO         2934    i.ControlCMFR       controltask.o
    0x080011d4   0x000000a0   Code   RO         2935    i.ControlRotate     controltask.o
    0x08001274   0x000000bc   Code   RO         3024    i.ControlWIND       amcontroltask.o
    0x08001330   0x0000000c   Code   RO         3614    i.DMA1_Stream1_IRQHandler  stm32f4xx_it.o
    0x0800133c   0x0000000c   Code   RO         3615    i.DMA1_Stream5_IRQHandler  stm32f4xx_it.o
    0x08001348   0x0000000c   Code   RO         3616    i.DMA2_Stream1_IRQHandler  stm32f4xx_it.o
    0x08001354   0x0000000c   Code   RO         3617    i.DMA2_Stream2_IRQHandler  stm32f4xx_it.o
    0x08001360   0x00000028   Code   RO         2603    i.DMA_CalcBaseAndBitshift  stm32f4xx_hal_dma.o
    0x08001388   0x00000054   Code   RO         2604    i.DMA_CheckFifoParam  stm32f4xx_hal_dma.o
    0x080013dc   0x00000028   Code   RO         2605    i.DMA_SetConfig     stm32f4xx_hal_dma.o
    0x08001404   0x00000002   Code   RO         3618    i.DebugMon_Handler  stm32f4xx_it.o
    0x08001406   0x00000002   PAD
    0x08001408   0x00000058   Code   RO         3186    i.GetRemoteSwitchAction  remotetask.o
    0x08001460   0x000000f8   Code   RO          997    i.HAL_CAN_ConfigFilter  stm32f4xx_hal_can.o
    0x08001558   0x00000002   Code   RO          999    i.HAL_CAN_ErrorCallback  stm32f4xx_hal_can.o
    0x0800155a   0x00000002   PAD
    0x0800155c   0x00000234   Code   RO         1002    i.HAL_CAN_IRQHandler  stm32f4xx_hal_can.o
    0x08001790   0x00000148   Code   RO         1003    i.HAL_CAN_Init      stm32f4xx_hal_can.o
    0x080018d8   0x000000e0   Code   RO         3890    i.HAL_CAN_MspInit   can.o
    0x080019b8   0x000000b4   Code   RO         1007    i.HAL_CAN_Receive_IT  stm32f4xx_hal_can.o
    0x08001a6c   0x000000fc   Code   RO         2829    i.HAL_CAN_RxCpltCallback  cantask.o
    0x08001b68   0x00000124   Code   RO         1011    i.HAL_CAN_Transmit_IT  stm32f4xx_hal_can.o
    0x08001c8c   0x00000024   Code   RO         2830    i.HAL_CAN_TxCpltCallback  cantask.o
    0x08001cb0   0x0000008e   Code   RO         2606    i.HAL_DMA_Abort     stm32f4xx_hal_dma.o
    0x08001d3e   0x00000024   Code   RO         2607    i.HAL_DMA_Abort_IT  stm32f4xx_hal_dma.o
    0x08001d62   0x00000002   PAD
    0x08001d64   0x000001a0   Code   RO         2611    i.HAL_DMA_IRQHandler  stm32f4xx_hal_dma.o
    0x08001f04   0x000000d4   Code   RO         2612    i.HAL_DMA_Init      stm32f4xx_hal_dma.o
    0x08001fd8   0x00000078   Code   RO         2616    i.HAL_DMA_Start_IT  stm32f4xx_hal_dma.o
    0x08002050   0x0000001c   Code   RO          838    i.HAL_Delay         stm32f4xx_hal.o
    0x0800206c   0x000001cc   Code   RO         2540    i.HAL_GPIO_Init     stm32f4xx_hal_gpio.o
    0x08002238   0x0000000a   Code   RO         2544    i.HAL_GPIO_WritePin  stm32f4xx_hal_gpio.o
    0x08002242   0x00000002   PAD
    0x08002244   0x0000000c   Code   RO          846    i.HAL_GetTick       stm32f4xx_hal.o
    0x08002250   0x00000010   Code   RO          848    i.HAL_IncTick       stm32f4xx_hal.o
    0x08002260   0x00000034   Code   RO          849    i.HAL_Init          stm32f4xx_hal.o
    0x08002294   0x00000028   Code   RO          850    i.HAL_InitTick      stm32f4xx_hal.o
    0x080022bc   0x00000058   Code   RO         3775    i.HAL_MspInit       stm32f4xx_hal_msp.o
    0x08002314   0x00000016   Code   RO         1657    i.HAL_NVIC_DisableIRQ  stm32f4xx_hal_cortex.o
    0x0800232a   0x00000016   Code   RO         1658    i.HAL_NVIC_EnableIRQ  stm32f4xx_hal_cortex.o
    0x08002340   0x00000040   Code   RO         1664    i.HAL_NVIC_SetPriority  stm32f4xx_hal_cortex.o
    0x08002380   0x00000024   Code   RO         1665    i.HAL_NVIC_SetPriorityGrouping  stm32f4xx_hal_cortex.o
    0x080023a4   0x00000130   Code   RO         1552    i.HAL_RCC_ClockConfig  stm32f4xx_hal_rcc.o
    0x080024d4   0x0000000c   Code   RO         1557    i.HAL_RCC_GetHCLKFreq  stm32f4xx_hal_rcc.o
    0x080024e0   0x00000020   Code   RO         1559    i.HAL_RCC_GetPCLK1Freq  stm32f4xx_hal_rcc.o
    0x08002500   0x00000020   Code   RO         1560    i.HAL_RCC_GetPCLK2Freq  stm32f4xx_hal_rcc.o
    0x08002520   0x00000064   Code   RO         1561    i.HAL_RCC_GetSysClockFreq  stm32f4xx_hal_rcc.o
    0x08002584   0x000002f0   Code   RO         1564    i.HAL_RCC_OscConfig  stm32f4xx_hal_rcc.o
    0x08002874   0x00000080   Code   RO         1132    i.HAL_SPI_Init      stm32f4xx_hal_spi.o
    0x080028f4   0x0000004c   Code   RO         3939    i.HAL_SPI_MspInit   spi.o
    0x08002940   0x00000150   Code   RO         1135    i.HAL_SPI_Receive   stm32f4xx_hal_spi.o
    0x08002a90   0x00000168   Code   RO         1140    i.HAL_SPI_Transmit  stm32f4xx_hal_spi.o
    0x08002bf8   0x000001d8   Code   RO         1141    i.HAL_SPI_TransmitReceive  stm32f4xx_hal_spi.o
    0x08002dd0   0x00000018   Code   RO         1667    i.HAL_SYSTICK_CLKSourceConfig  stm32f4xx_hal_cortex.o
    0x08002de8   0x00000002   Code   RO         1668    i.HAL_SYSTICK_Callback  stm32f4xx_hal_cortex.o
    0x08002dea   0x00000028   Code   RO         1669    i.HAL_SYSTICK_Config  stm32f4xx_hal_cortex.o
    0x08002e12   0x00000008   Code   RO         1670    i.HAL_SYSTICK_IRQHandler  stm32f4xx_hal_cortex.o
    0x08002e1a   0x00000002   Code   RO          148    i.HAL_TIMEx_BreakCallback  stm32f4xx_hal_tim_ex.o
    0x08002e1c   0x00000002   Code   RO          149    i.HAL_TIMEx_CommutationCallback  stm32f4xx_hal_tim_ex.o
    0x08002e1e   0x00000050   Code   RO          165    i.HAL_TIMEx_MasterConfigSynchronization  stm32f4xx_hal_tim_ex.o
    0x08002e6e   0x00000036   Code   RO         1908    i.HAL_TIM_Base_Init  stm32f4xx_hal_tim.o
    0x08002ea4   0x000000a8   Code   RO         3824    i.HAL_TIM_Base_MspInit  tim.o
    0x08002f4c   0x00000018   Code   RO         1913    i.HAL_TIM_Base_Start_IT  stm32f4xx_hal_tim.o
    0x08002f64   0x000000f2   Code   RO         1917    i.HAL_TIM_ConfigClockSource  stm32f4xx_hal_tim.o
    0x08003056   0x00000002   Code   RO         1937    i.HAL_TIM_IC_CaptureCallback  stm32f4xx_hal_tim.o
    0x08003058   0x00000166   Code   RO         1950    i.HAL_TIM_IRQHandler  stm32f4xx_hal_tim.o
    0x080031be   0x00000002   PAD
    0x080031c0   0x00000034   Code   RO         3825    i.HAL_TIM_MspPostInit  tim.o
    0x080031f4   0x00000002   Code   RO         1953    i.HAL_TIM_OC_DelayElapsedCallback  stm32f4xx_hal_tim.o
    0x080031f6   0x000000d0   Code   RO         1974    i.HAL_TIM_PWM_ConfigChannel  stm32f4xx_hal_tim.o
    0x080032c6   0x00000036   Code   RO         1977    i.HAL_TIM_PWM_Init  stm32f4xx_hal_tim.o
    0x080032fc   0x00000002   Code   RO         1979    i.HAL_TIM_PWM_MspInit  stm32f4xx_hal_tim.o
    0x080032fe   0x00000002   Code   RO         1980    i.HAL_TIM_PWM_PulseFinishedCallback  stm32f4xx_hal_tim.o
    0x08003300   0x00000038   Code   RO         1981    i.HAL_TIM_PWM_Start  stm32f4xx_hal_tim.o
    0x08003338   0x000000bc   Code   RO         2936    i.HAL_TIM_PeriodElapsedCallback  controltask.o
    0x080033f4   0x00000002   Code   RO         1991    i.HAL_TIM_TriggerCallback  stm32f4xx_hal_tim.o
    0x080033f6   0x00000044   Code   RO          397    i.HAL_UART_AbortReceive  stm32f4xx_hal_uart.o
    0x0800343a   0x00000002   Code   RO          408    i.HAL_UART_ErrorCallback  stm32f4xx_hal_uart.o
    0x0800343c   0x00000110   Code   RO          411    i.HAL_UART_IRQHandler  stm32f4xx_hal_uart.o
    0x0800354c   0x00000062   Code   RO          412    i.HAL_UART_Init     stm32f4xx_hal_uart.o
    0x080035ae   0x00000002   PAD
    0x080035b0   0x00000280   Code   RO         3550    i.HAL_UART_MspInit  usart.o
    0x08003830   0x00000098   Code   RO          416    i.HAL_UART_Receive_DMA  stm32f4xx_hal_uart.o
    0x080038c8   0x00000034   Code   RO         3187    i.HAL_UART_RxCpltCallback  remotetask.o
    0x080038fc   0x00000002   Code   RO          419    i.HAL_UART_RxHalfCpltCallback  stm32f4xx_hal_uart.o
    0x080038fe   0x000000ba   Code   RO          420    i.HAL_UART_Transmit  stm32f4xx_hal_uart.o
    0x080039b8   0x00000002   Code   RO          423    i.HAL_UART_TxCpltCallback  stm32f4xx_hal_uart.o
    0x080039ba   0x00000002   Code   RO         3619    i.HardFault_Handler  stm32f4xx_it.o
    0x080039bc   0x000000fc   Code   RO         3100    i.IMURefresh        imutask.o
    0x08003ab8   0x000000a8   Code   RO         2831    i.InitCanReception  cantask.o
    0x08003b60   0x00000050   Code   RO         3101    i.InitMPU6500       imutask.o
    0x08003bb0   0x00000044   Code   RO         3188    i.InitRemoteControl  remotetask.o
    0x08003bf4   0x00000040   Code   RO         3279    i.Judge_Refresh     judgetask.o
    0x08003c34   0x00000050   Code   RO         3102    i.MPU6500_Read_Reg  imutask.o
    0x08003c84   0x00000054   Code   RO         3103    i.MPU6500_Write_Reg  imutask.o
    0x08003cd8   0x00000058   Code   RO         3891    i.MX_CAN1_Init      can.o
    0x08003d30   0x00000058   Code   RO         3892    i.MX_CAN2_Init      can.o
    0x08003d88   0x0000006c   Code   RO         3799    i.MX_DMA_Init       dma.o
    0x08003df4   0x000000f4   Code   RO         3525    i.MX_GPIO_Init      gpio.o
    0x08003ee8   0x0000005c   Code   RO         3940    i.MX_SPI5_Init      spi.o
    0x08003f44   0x00000048   Code   RO         3826    i.MX_TIM10_Init     tim.o
    0x08003f8c   0x000000a8   Code   RO         3827    i.MX_TIM12_Init     tim.o
    0x08004034   0x00000058   Code   RO         3828    i.MX_TIM6_Init      tim.o
    0x0800408c   0x00000058   Code   RO         3829    i.MX_TIM7_Init      tim.o
    0x080040e4   0x00000058   Code   RO         3551    i.MX_USART1_UART_Init  usart.o
    0x0800413c   0x0000004c   Code   RO         3552    i.MX_USART2_UART_Init  usart.o
    0x08004188   0x0000004c   Code   RO         3553    i.MX_USART3_UART_Init  usart.o
    0x080041d4   0x0000004c   Code   RO         3554    i.MX_USART6_UART_Init  usart.o
    0x08004220   0x00000002   Code   RO         3620    i.MemManage_Handler  stm32f4xx_it.o
    0x08004222   0x00000002   PAD
    0x08004224   0x0000010c   Code   RO         3189    i.MouseKeyControlProcess  remotetask.o
    0x08004330   0x00000002   Code   RO         3621    i.NMI_Handler       stm32f4xx_it.o
    0x08004332   0x00000020   Code   RO         1671    i.NVIC_SetPriority  stm32f4xx_hal_cortex.o
    0x08004352   0x00000048   Code   RO         3150    i.PID_PROCESS_Double  pid_regulator.o
    0x0800439a   0x00000002   Code   RO         3622    i.PendSV_Handler    stm32f4xx_it.o
    0x0800439c   0x0000026c   Code   RO         3190    i.RemoteControlProcess  remotetask.o
    0x08004608   0x000000e8   Code   RO         3191    i.RemoteDataProcess  remotetask.o
    0x080046f0   0x00000060   Code   RO         3192    i.RemoteTaskInit    remotetask.o
    0x08004750   0x00000020   Code   RO         1156    i.SPI_CheckFlag_BSY  stm32f4xx_hal_spi.o
    0x08004770   0x00000096   Code   RO         1174    i.SPI_WaitFlagStateUntilTimeout  stm32f4xx_hal_spi.o
    0x08004806   0x00000002   Code   RO         3623    i.SVC_Handler       stm32f4xx_it.o
    0x08004808   0x000000a0   Code   RO         3025    i.StandardlizeAMRealAngle  amcontroltask.o
    0x080048a8   0x0000000e   Code   RO         3624    i.SysTick_Handler   stm32f4xx_it.o
    0x080048b6   0x00000002   PAD
    0x080048b8   0x000000a0   Code   RO         3489    i.SystemClock_Config  main.o
    0x08004958   0x00000054   Code   RO         3452    i.SystemInit        system_stm32f4xx.o
    0x080049ac   0x0000000c   Code   RO         3625    i.TIM1_UP_TIM10_IRQHandler  stm32f4xx_it.o
    0x080049b8   0x0000000c   Code   RO         3626    i.TIM6_DAC_IRQHandler  stm32f4xx_it.o
    0x080049c4   0x0000000c   Code   RO         3627    i.TIM7_IRQHandler   stm32f4xx_it.o
    0x080049d0   0x000000c0   Code   RO         1992    i.TIM_Base_SetConfig  stm32f4xx_hal_tim.o
    0x08004a90   0x00000016   Code   RO         1993    i.TIM_CCxChannelCmd  stm32f4xx_hal_tim.o
    0x08004aa6   0x00000014   Code   RO         1999    i.TIM_ETR_SetConfig  stm32f4xx_hal_tim.o
    0x08004aba   0x00000010   Code   RO         2000    i.TIM_ITRx_SetConfig  stm32f4xx_hal_tim.o
    0x08004aca   0x00000002   PAD
    0x08004acc   0x00000058   Code   RO         2001    i.TIM_OC1_SetConfig  stm32f4xx_hal_tim.o
    0x08004b24   0x00000064   Code   RO         2002    i.TIM_OC2_SetConfig  stm32f4xx_hal_tim.o
    0x08004b88   0x00000060   Code   RO         2003    i.TIM_OC3_SetConfig  stm32f4xx_hal_tim.o
    0x08004be8   0x00000050   Code   RO         2004    i.TIM_OC4_SetConfig  stm32f4xx_hal_tim.o
    0x08004c38   0x00000022   Code   RO         2006    i.TIM_TI1_ConfigInputStage  stm32f4xx_hal_tim.o
    0x08004c5a   0x00000024   Code   RO         2008    i.TIM_TI2_ConfigInputStage  stm32f4xx_hal_tim.o
    0x08004c7e   0x00000010   Code   RO          425    i.UART_DMAAbortOnError  stm32f4xx_hal_uart.o
    0x08004c8e   0x0000004a   Code   RO          426    i.UART_DMAError     stm32f4xx_hal_uart.o
    0x08004cd8   0x0000003c   Code   RO          427    i.UART_DMAReceiveCplt  stm32f4xx_hal_uart.o
    0x08004d14   0x0000000a   Code   RO          429    i.UART_DMARxHalfCplt  stm32f4xx_hal_uart.o
    0x08004d1e   0x0000001c   Code   RO          435    i.UART_EndRxTransfer  stm32f4xx_hal_uart.o
    0x08004d3a   0x00000012   Code   RO          436    i.UART_EndTxTransfer  stm32f4xx_hal_uart.o
    0x08004d4c   0x0000008c   Code   RO          437    i.UART_Receive_IT   stm32f4xx_hal_uart.o
    0x08004dd8   0x000002ac   Code   RO          438    i.UART_SetConfig    stm32f4xx_hal_uart.o
    0x08005084   0x00000062   Code   RO          439    i.UART_Transmit_IT  stm32f4xx_hal_uart.o
    0x080050e6   0x00000064   Code   RO          440    i.UART_WaitOnFlagUntilTimeout  stm32f4xx_hal_uart.o
    0x0800514a   0x00000002   PAD
    0x0800514c   0x0000000c   Code   RO         3628    i.USART1_IRQHandler  stm32f4xx_it.o
    0x08005158   0x0000000c   Code   RO         3629    i.USART2_IRQHandler  stm32f4xx_it.o
    0x08005164   0x0000000c   Code   RO         3630    i.USART3_IRQHandler  stm32f4xx_it.o
    0x08005170   0x0000000c   Code   RO         3631    i.USART6_IRQHandler  stm32f4xx_it.o
    0x0800517c   0x00000002   Code   RO         3632    i.UsageFault_Handler  stm32f4xx_it.o
    0x0800517e   0x00000002   PAD
    0x08005180   0x000000b0   Code   RO         2937    i.WorkStateFSM      controltask.o
    0x08005230   0x00000002   Code   RO         3490    i._Error_Handler    main.o
    0x08005232   0x00000002   PAD
    0x08005234   0x00000020   Code   RO         4314    i.__0printf$3       mc_w.l(printf3.o)
    0x08005254   0x0000000e   Code   RO         4536    i.__scatterload_copy  mc_w.l(handlers.o)
    0x08005262   0x00000002   Code   RO         4537    i.__scatterload_null  mc_w.l(handlers.o)
    0x08005264   0x0000000e   Code   RO         4538    i.__scatterload_zeroinit  mc_w.l(handlers.o)
    0x08005272   0x00000002   PAD
    0x08005274   0x000001b8   Code   RO         4321    i._printf_core      mc_w.l(printf3.o)
    0x0800542c   0x00000038   Code   RO         2938    i.controlLoop       controltask.o
    0x08005464   0x0000005c   Code   RO         3386    i.ctrlUartInit      uppertask.o
    0x080054c0   0x00000068   Code   RO         3387    i.ctrlUartRxCpltCallback  uppertask.o
    0x08005528   0x00000064   Code   RO         3388    i.dataCallBack      uppertask.o
    0x0800558c   0x00000018   Code   RO         3346    i.fputc             manifoldtask.o
    0x080055a4   0x00000124   Code   RO         3151    i.fw_PID_Calc       pid_regulator.o
    0x080056c8   0x00000002   Code   RO         3152    i.fw_PID_Reset      pid_regulator.o
    0x080056ca   0x00000002   PAD
    0x080056cc   0x0000009c   Code   RO         3280    i.judgeUartRxCpltCallback  judgetask.o
    0x08005768   0x00000100   Code   RO         3491    i.main              main.o
    0x08005868   0x0000002c   Code   RO         3281    i.myGet_CRC16_Check_Sum  judgetask.o
    0x08005894   0x0000001c   Code   RO         3282    i.myGet_CRC8_Check_Sum  judgetask.o
    0x080058b0   0x00000034   Code   RO         3283    i.myVerify_CRC16_Check_Sum  judgetask.o
    0x080058e4   0x00000026   Code   RO         3284    i.myVerify_CRC8_Check_Sum  judgetask.o
    0x0800590a   0x00000002   PAD
    0x0800590c   0x000000dc   Code   RO         2939    i.setCMMotor        controltask.o
    0x080059e8   0x000000e4   Code   RO         3026    i.setSeldomAMMotor  amcontroltask.o
    0x08005acc   0x000000fc   Code   RO         3027    i.setUsalAMMotor    amcontroltask.o
    0x08005bc8   0x00000030   Code   RO         3028    i.vice_controlLoop  amcontroltask.o
    0x08005bf8   0x00000054   Code   RO         3389    i.zykReceiveData    uppertask.o
    0x08005c4c   0x00000008   Data   RO         2618    .constdata          stm32f4xx_hal_dma.o
    0x08005c54   0x00000014   Data   RO         3105    .constdata          imutask.o
    0x08005c68   0x00000300   Data   RO         3287    .constdata          judgetask.o
    0x08005f68   0x00000010   Data   RO         3453    .constdata          system_stm32f4xx.o
    0x08005f78   0x00000008   Data   RO         3454    .constdata          system_stm32f4xx.o
    0x08005f80   0x00000020   Data   RO         4534    Region$$Table       anon$$obj.o


    Execution Region RW_IRAM1 (Base: 0x20000000, Size: 0x00001318, Max: 0x00030000, ABSOLUTE, COMPRESSED[0x00000094])

    Base Addr    Size         Type   Attr      Idx    E Section Name        Object

    0x20000000   0x00000004   Data   RW          855    .data               stm32f4xx_hal.o
    0x20000004   0x00000028   Data   RW         2833    .data               cantask.o
    0x2000002c   0x00000001   Data   RW         2834    .data               cantask.o
    0x2000002d   0x00000003   PAD
    0x20000030   0x0000019c   Data   RW         2940    .data               controltask.o
    0x200001cc   0x00000004   PAD
    0x200001d0   0x00000340   Data   RW         3029    .data               amcontroltask.o
    0x20000510   0x00000014   Data   RW         3106    .data               imutask.o
    0x20000524   0x00000004   PAD
    0x20000528   0x00000048   Data   RW         3194    .data               remotetask.o
    0x20000570   0x00000001   Data   RW         3195    .data               remotetask.o
    0x20000571   0x00000001   Data   RW         3196    .data               remotetask.o
    0x20000572   0x00000002   PAD
    0x20000574   0x00000024   Data   RW         3256    .data               shoottask.o
    0x20000598   0x00000024   Data   RW         3257    .data               shoottask.o
    0x200005bc   0x00000004   Data   RW         3289    .data               judgetask.o
    0x200005c0   0x00000006   Data   RW         3392    .data               uppertask.o
    0x200005c6   0x00000002   PAD
    0x200005c8   0x00000004   Data   RW         3455    .data               system_stm32f4xx.o
    0x200005cc   0x00000004   Data   RW         3894    .data               can.o
    0x200005d0   0x00000004   Data   RW         4514    .data               mc_w.l(stdout.o)
    0x200005d4   0x00000048   Zero   RW         2832    .bss                cantask.o
    0x2000061c   0x00000028   Zero   RW         3104    .bss                imutask.o
    0x20000644   0x0000003f   Zero   RW         3193    .bss                remotetask.o
    0x20000683   0x00000001   PAD
    0x20000684   0x00000040   Zero   RW         3285    .bss                judgetask.o
    0x200006c4   0x00000400   Zero   RW         3390    .bss                uppertask.o
    0x20000ac4   0x00000280   Zero   RW         3555    .bss                usart.o
    0x20000d44   0x000000f0   Zero   RW         3830    .bss                tim.o
    0x20000e34   0x00000088   Zero   RW         3893    .bss                can.o
    0x20000ebc   0x00000058   Zero   RW         3941    .bss                spi.o
    0x20000f14   0x00000004   PAD
    0x20000f18   0x00000400   Zero   RW         3977    STACK               startup_stm32f427xx.o


==============================================================================

Image component sizes


      Code (inc. data)   RO Data    RW Data    ZI Data      Debug   Object Name

      1716        236          0        832          0       8432   amcontroltask.o
       400         72          0          4        136       2342   can.o
       456        100          0         41         72       6241   cantask.o
      1620        254          0        412          0       8309   controltask.o
       108          4          0          0          0        810   dma.o
       244         18          0          0          0       1071   gpio.o
       496         56         20         20         40       6865   imutask.o
       382         60        768          4         64       4866   judgetask.o
       418         28          0          0          0       2325   main.o
        24          4          0          0          0        516   manifoldtask.o
       366          6          0          0          0       2078   pid_regulator.o
      1424        176          0         74         63       8617   remotetask.o
         0          0          0         72          0        258   shoottask.o
       168         38          0          0         88       1581   spi.o
        36          8        428          0       1024        804   startup_stm32f427xx.o
       148         22          0          4          0       4347   stm32f4xx_hal.o
      1908         20          0          0          0       6426   stm32f4xx_hal_can.o
       250         14          0          0          0      32371   stm32f4xx_hal_cortex.o
      1090         16          8          0          0       6550   stm32f4xx_hal_dma.o
       470         52          0          0          0       2212   stm32f4xx_hal_gpio.o
        88          0          0          0          0        522   stm32f4xx_hal_msp.o
      1232         82          0          0          0       5348   stm32f4xx_hal_rcc.o
         0          0          0          0          0     739804   stm32f4xx_hal_rcc_ex.o
      1478          0          0          0          0       5854   stm32f4xx_hal_spi.o
      1690         88          0          0          0      15224   stm32f4xx_hal_tim.o
        84          0          0          0          0       2354   stm32f4xx_hal_tim_ex.o
      2010         28          0          0          0      12450   stm32f4xx_hal_uart.o
       210         90          0          0          0      11059   stm32f4xx_it.o
        84         18         24          4          0       1155   system_stm32f4xx.o
       636        130          0          0        240       4043   tim.o
       380        168          0          6       1024       3459   uppertask.o
       956        168          0          0        640       3965   usart.o

    ----------------------------------------------------------------------
     20604       1956       1280       1488       3396     912258   Object Totals
         0          0         32          0          0          0   (incl. Generated)
        32          0          0         15          5          0   (incl. Padding)

    ----------------------------------------------------------------------

      Code (inc. data)   RO Data    RW Data    ZI Data      Debug   Library Member Name

       288          4          0          0          0       1785   pid_regulator.o
       112          6          0          0          0       5660   ramp.o
        86          0          0          0          0          0   __dczerorl2.o
         0          0          0          0          0          0   entry.o
         0          0          0          0          0          0   entry10a.o
         0          0          0          0          0          0   entry11a.o
         8          4          0          0          0          0   entry2.o
         4          0          0          0          0          0   entry5.o
         0          0          0          0          0          0   entry7b.o
         0          0          0          0          0          0   entry8b.o
         8          4          0          0          0          0   entry9a.o
        30          0          0          0          0          0   handlers.o
        36          8          0          0          0         68   init.o
         0          0          0          0          0          0   iusefp.o
        30          0          0          0          0         68   llshl.o
        36          0          0          0          0         68   llsshr.o
        32          0          0          0          0         68   llushr.o
        36          0          0          0          0         68   memcpya.o
       472         14          0          0          0        184   printf3.o
         0          0          0          4          0          0   stdout.o
        44          0          0          0          0         80   uidiv.o
        98          0          0          0          0         92   uldiv.o
        56          0          0          0          0         88   d2f.o
       334          0          0          0          0        148   dadd.o
       222          0          0          0          0        100   ddiv.o
       186          0          0          0          0        176   depilogue.o
        62          0          0          0          0         80   dfixi.o
        34          0          0          0          0         76   dflti.o
       228          0          0          0          0         96   dmul.o
        38          0          0          0          0         68   f2d.o
       110          0          0          0          0        168   fepilogue.o

    ----------------------------------------------------------------------
      2596         40          0          4          0       9141   Library Totals
         6          0          0          0          0          0   (incl. Padding)

    ----------------------------------------------------------------------

      Code (inc. data)   RO Data    RW Data    ZI Data      Debug   Library Name

       400         10          0          0          0       7445   RMLib.lib
       920         30          0          4          0        696   mc_w.l
      1270          0          0          0          0       1000   mf_w.l

    ----------------------------------------------------------------------
      2596         40          0          4          0       9141   Library Totals

    ----------------------------------------------------------------------

==============================================================================


      Code (inc. data)   RO Data    RW Data    ZI Data      Debug   

     23200       1996       1280       1492       3396     903603   Grand Totals
     23200       1996       1280        148       3396     903603   ELF Image Totals (compressed)
     23200       1996       1280        148          0          0   ROM Totals

==============================================================================

    Total RO  Size (Code + RO Data)                24480 (  23.91kB)
    Total RW  Size (RW Data + ZI Data)              4888 (   4.77kB)
    Total ROM Size (Code + RO Data + RW Data)      24628 (  24.05kB)

==============================================================================

