<html>
<body>
<pre>
<h1>礦ision Build Log</h1>
<h2>Tool Versions:</h2>
IDE-Version: μVision V5.14.0.0
Copyright (C) 2015 ARM Ltd and ARM Germany GmbH. All rights reserved.
License Information: Q Q, Q, LIC=TA374-F18V5-ULQCE-5T355-UIXF4-4T5S9
 
Tool Versions:
Toolchain:       MDK-ARM Professional  Version: 5.14.0.0
Toolchain Path:  E:\Keil\main\ARM\ARMCC\Bin
C Compiler:      Armcc.exe V5.05 update 1 (build 106)
Assembler:       Armasm.exe V5.05 update 1 (build 106)
Linker/Locator:  ArmLink.exe V5.05 update 1 (build 106)
Library Manager: ArmAr.exe V5.05 update 1 (build 106)
Hex Converter:   FromElf.exe V5.05 update 1 (build 106)
CPU DLL:         SARMCM3.DLL V5.14.0.0
Dialog DLL:      DCM.DLL V1.13.1.0
Target DLL:      Segger\JL2CM3.dll V2.99.13.0
Dialog DLL:      TCM.DLL V1.14.4.0
 
<h2>Project:</h2>
D:\lenovo\Documents\GitHub\NT_Infantry - 副本\MDK-ARM\NT_Infantry.uvprojx
Project File Date:  01/13/2018

<h2>Output:</h2>
Build target 'NT_Infantry'
compiling RemoteTask.c...
../Inc/includes.h(34): warning:  #1-D: last line of file ends without a newline
  #endif /* __INCLUDES_H */
..\Tasks\Inc\RemoteTask.h(148): warning:  #1295-D: Deprecated declaration InitRemoteControl - give arg types
  void InitRemoteControl();
..\Tasks\Inc\RemoteTask.h(149): warning:  #1295-D: Deprecated declaration RemoteTaskInit - give arg types
  void RemoteTaskInit();
..\Tasks\Inc\IMUTask.h(146): warning:  #1295-D: Deprecated declaration IMURefresh - give arg types
  void IMURefresh();
..\Tasks\Inc\CANTask.h(60): warning:  #1295-D: Deprecated declaration InitCanReception - give arg types
  void InitCanReception();
..\Tasks\Inc\ManifoldTask.h(15): warning:  #1295-D: Deprecated declaration manifoldUartRxCpltCallback - give arg types
  void manifoldUartRxCpltCallback();
..\Tasks\Inc\ManifoldTask.h(16): warning:  #1295-D: Deprecated declaration InitManifoldUart - give arg types
  void InitManifoldUart();
../Inc/includes.h(34): warning:  #1-D: last line of file ends without a newline
  #endif /* __INCLUDES_H */
..\Tasks\Src\RemoteTask.c: 8 warnings, 0 errors
linking...
Program Size: Code=20408 RO-data=1280 RW-data=912 ZI-data=2368  
"NT_Infantry\NT_Infantry.axf" - 0 Error(s), 8 Warning(s).

<h2>Software Packages used:</h2>

Package Vendor: ARM
                http://www.keil.com/pack/ARM.CMSIS.4.2.0.pack
                ARM::CMSIS:CORE:3.40.0
                CMSIS (Cortex Microcontroller Software Interface Standard)
   * Component: CORE Version: 3.40.0

<h2>Collection of Component include folders:</h2>
  D:\lenovo\Documents\GitHub\NT_Infantry - 副本\MDK-ARM\RTE
  E:\Keil\main\ARM\PACK\ARM\CMSIS\4.2.0\CMSIS\Include
  E:\Keil\main\ARM\PACK\Keil\STM32F4xx_DFP\2.11.0

<h2>Collection of Component Files used:</h2>

   * Component: ARM::CMSIS:CORE:3.40.0
      Source file:   CMSIS\UserCodeTemplates\ARM\ITM_Retarget.c
</pre>
</body>
</html>
